Command: just bridge-utf8-matched --codec
Candidate: checked inline leaf; same AOT image and owned-output framing as c-lambda control.
Exit: 0
   Compiling gerbil-scheme-sys v0.1.0 (/private/tmp/orgize-native-recovery-20261009-f7ey6w/bridge/crates/gerbil-scheme-sys)
   Compiling gerbil-scheme-qualification v0.1.0 (/private/tmp/orgize-native-recovery-20261009-f7ey6w/bridge/crates/gerbil-scheme-qualification)
   Compiling gerbil-scheme v0.1.0 (/private/tmp/orgize-native-recovery-20261009-f7ey6w/bridge/crates/gerbil-scheme)
    Finished `bench` profile [optimized] target(s) in 3m 02s
     Running benches/utf8.rs (target/release/deps/utf8-461f469b848a9e47)
UTF8-BUFFER-CONTRACTS Unicode=1112064 surrogates=2048 mutation=OK bounds=OK roots=OK
UTF8-MATCHED jobs=1000 left=4 right=7 group=0 position=0 mode=4 completed=1 elapsed_ms=48.476 output_bytes=8196000 capacity_bytes_sum=13660000
UTF8-MATCHED jobs=1000 left=4 right=7 group=0 position=1 mode=7 completed=1 elapsed_ms=12.224 output_bytes=8196000 capacity_bytes_sum=13660000
UTF8-MATCHED jobs=1000 left=4 right=7 group=0 position=2 mode=7 completed=2 elapsed_ms=14.112 output_bytes=8196000 capacity_bytes_sum=13660000
UTF8-MATCHED jobs=1000 left=4 right=7 group=0 position=3 mode=4 completed=2 elapsed_ms=11.127 output_bytes=8196000 capacity_bytes_sum=13660000
UTF8-MATCHED jobs=1000 left=4 right=7 group=1 position=0 mode=4 completed=3 elapsed_ms=106.504 output_bytes=8196000 capacity_bytes_sum=13660000
UTF8-MATCHED jobs=1000 left=4 right=7 group=1 position=1 mode=7 completed=3 elapsed_ms=29.280 output_bytes=8196000 capacity_bytes_sum=13660000
UTF8-MATCHED jobs=1000 left=4 right=7 group=1 position=2 mode=7 completed=4 elapsed_ms=12.618 output_bytes=8196000 capacity_bytes_sum=13660000
UTF8-MATCHED jobs=1000 left=4 right=7 group=1 position=3 mode=4 completed=4 elapsed_ms=56.801 output_bytes=8196000 capacity_bytes_sum=13660000
UTF8-MATCHED jobs=1000 left=4 right=7 group=2 position=0 mode=4 completed=5 elapsed_ms=90.838 output_bytes=8196000 capacity_bytes_sum=13660000
UTF8-MATCHED jobs=1000 left=4 right=7 group=2 position=1 mode=7 completed=5 elapsed_ms=64.829 output_bytes=8196000 capacity_bytes_sum=13660000
UTF8-MATCHED jobs=1000 left=4 right=7 group=2 position=2 mode=7 completed=6 elapsed_ms=23.830 output_bytes=8196000 capacity_bytes_sum=13660000
UTF8-MATCHED jobs=1000 left=4 right=7 group=2 position=3 mode=4 completed=6 elapsed_ms=21.465 output_bytes=8196000 capacity_bytes_sum=13660000
UTF8-MATCHED jobs=1000 left=4 right=7 group=3 position=0 mode=4 completed=7 elapsed_ms=17.161 output_bytes=8196000 capacity_bytes_sum=13660000
UTF8-MATCHED jobs=1000 left=4 right=7 group=3 position=1 mode=7 completed=7 elapsed_ms=11.671 output_bytes=8196000 capacity_bytes_sum=13660000
UTF8-MATCHED jobs=1000 left=4 right=7 group=3 position=2 mode=7 completed=8 elapsed_ms=12.703 output_bytes=8196000 capacity_bytes_sum=13660000
UTF8-MATCHED jobs=1000 left=4 right=7 group=3 position=3 mode=4 completed=8 elapsed_ms=11.831 output_bytes=8196000 capacity_bytes_sum=13660000
UTF8-MATCHED jobs=1000 left=4 right=7 group=4 position=0 mode=4 completed=9 elapsed_ms=24.962 output_bytes=8196000 capacity_bytes_sum=13660000
UTF8-MATCHED jobs=1000 left=4 right=7 group=4 position=1 mode=7 completed=9 elapsed_ms=15.469 output_bytes=8196000 capacity_bytes_sum=13660000
UTF8-MATCHED jobs=1000 left=4 right=7 group=4 position=2 mode=7 completed=10 elapsed_ms=22.394 output_bytes=8196000 capacity_bytes_sum=13660000
UTF8-MATCHED jobs=1000 left=4 right=7 group=4 position=3 mode=4 completed=10 elapsed_ms=10.059 output_bytes=8196000 capacity_bytes_sum=13660000
UTF8-MATCHED jobs=1000 left=4 right=7 group=5 position=0 mode=4 completed=11 elapsed_ms=16.039 output_bytes=8196000 capacity_bytes_sum=13660000
UTF8-MATCHED jobs=1000 left=4 right=7 group=5 position=1 mode=7 completed=11 elapsed_ms=19.144 output_bytes=8196000 capacity_bytes_sum=13660000
UTF8-MATCHED jobs=1000 left=4 right=7 group=5 position=2 mode=7 completed=12 elapsed_ms=11.368 output_bytes=8196000 capacity_bytes_sum=13660000
UTF8-MATCHED jobs=1000 left=4 right=7 group=5 position=3 mode=4 completed=12 elapsed_ms=17.632 output_bytes=8196000 capacity_bytes_sum=13660000
UTF8-MATCHED jobs=1000 left=4 right=7 group=6 position=0 mode=4 completed=13 elapsed_ms=28.638 output_bytes=8196000 capacity_bytes_sum=13660000
UTF8-MATCHED jobs=1000 left=4 right=7 group=6 position=1 mode=7 completed=13 elapsed_ms=21.730 output_bytes=8196000 capacity_bytes_sum=13660000
UTF8-MATCHED jobs=1000 left=4 right=7 group=6 position=2 mode=7 completed=14 elapsed_ms=10.502 output_bytes=8196000 capacity_bytes_sum=13660000
UTF8-MATCHED jobs=1000 left=4 right=7 group=6 position=3 mode=4 completed=14 elapsed_ms=26.590 output_bytes=8196000 capacity_bytes_sum=13660000
UTF8-MATCHED jobs=1000 left=4 right=7 group=7 position=0 mode=4 completed=15 elapsed_ms=11.321 output_bytes=8196000 capacity_bytes_sum=13660000
UTF8-MATCHED jobs=1000 left=4 right=7 group=7 position=1 mode=7 completed=15 elapsed_ms=12.381 output_bytes=8196000 capacity_bytes_sum=13660000
UTF8-MATCHED jobs=1000 left=4 right=7 group=7 position=2 mode=7 completed=16 elapsed_ms=45.929 output_bytes=8196000 capacity_bytes_sum=13660000
UTF8-MATCHED jobs=1000 left=4 right=7 group=7 position=3 mode=4 completed=16 elapsed_ms=9.316 output_bytes=8196000 capacity_bytes_sum=13660000
UTF8-MATCHED jobs=1000 left=4 right=7 group=8 position=0 mode=4 completed=17 elapsed_ms=11.652 output_bytes=8196000 capacity_bytes_sum=13660000
UTF8-MATCHED jobs=1000 left=4 right=7 group=8 position=1 mode=7 completed=17 elapsed_ms=10.276 output_bytes=8196000 capacity_bytes_sum=13660000
UTF8-MATCHED jobs=1000 left=4 right=7 group=8 position=2 mode=7 completed=18 elapsed_ms=8.757 output_bytes=8196000 capacity_bytes_sum=13660000
UTF8-MATCHED jobs=1000 left=4 right=7 group=8 position=3 mode=4 completed=18 elapsed_ms=10.489 output_bytes=8196000 capacity_bytes_sum=13660000
UTF8-MATCHED jobs=1000 left=4 right=7 group=9 position=0 mode=4 completed=19 elapsed_ms=14.627 output_bytes=8196000 capacity_bytes_sum=13660000
UTF8-MATCHED jobs=1000 left=4 right=7 group=9 position=1 mode=7 completed=19 elapsed_ms=13.594 output_bytes=8196000 capacity_bytes_sum=13660000
UTF8-MATCHED jobs=1000 left=4 right=7 group=9 position=2 mode=7 completed=20 elapsed_ms=12.527 output_bytes=8196000 capacity_bytes_sum=13660000
UTF8-MATCHED-SUMMARY jobs=1000 mode=4 samples=20 wall_median_ms=17.397 cpu_median_ms=7.045 gc_cpu_median_ms=0.219 gc_count_total=12
UTF8-MATCHED-SUMMARY jobs=1000 mode=7 samples=20 wall_median_ms=13.148 cpu_median_ms=6.839 gc_cpu_median_ms=0.210 gc_count_total=12
UTF8-MATCHED-DECISION jobs=1000 left=4 right=7 paired_ratio_median=0.796826 slower=false
UTF8-MATCHED jobs=1000 left=4 right=7 group=9 position=3 mode=4 completed=20 elapsed_ms=17.911 output_bytes=8196000 capacity_bytes_sum=13660000
UTF8-MATCHED jobs=10000 left=4 right=7 group=0 position=0 mode=4 completed=1 elapsed_ms=446.082 output_bytes=81960000 capacity_bytes_sum=136600000
UTF8-MATCHED jobs=10000 left=4 right=7 group=0 position=1 mode=7 completed=1 elapsed_ms=838.093 output_bytes=81960000 capacity_bytes_sum=136600000
UTF8-MATCHED jobs=10000 left=4 right=7 group=0 position=2 mode=7 completed=2 elapsed_ms=680.175 output_bytes=81960000 capacity_bytes_sum=136600000
UTF8-MATCHED jobs=10000 left=4 right=7 group=0 position=3 mode=4 completed=2 elapsed_ms=530.747 output_bytes=81960000 capacity_bytes_sum=136600000
UTF8-MATCHED jobs=10000 left=4 right=7 group=1 position=0 mode=4 completed=3 elapsed_ms=482.392 output_bytes=81960000 capacity_bytes_sum=136600000
UTF8-MATCHED jobs=10000 left=4 right=7 group=1 position=1 mode=7 completed=3 elapsed_ms=200.481 output_bytes=81960000 capacity_bytes_sum=136600000
UTF8-MATCHED jobs=10000 left=4 right=7 group=1 position=2 mode=7 completed=4 elapsed_ms=373.646 output_bytes=81960000 capacity_bytes_sum=136600000
UTF8-MATCHED jobs=10000 left=4 right=7 group=1 position=3 mode=4 completed=4 elapsed_ms=503.665 output_bytes=81960000 capacity_bytes_sum=136600000
UTF8-MATCHED jobs=10000 left=4 right=7 group=2 position=0 mode=4 completed=5 elapsed_ms=539.416 output_bytes=81960000 capacity_bytes_sum=136600000
UTF8-MATCHED jobs=10000 left=4 right=7 group=2 position=1 mode=7 completed=5 elapsed_ms=187.948 output_bytes=81960000 capacity_bytes_sum=136600000
UTF8-MATCHED jobs=10000 left=4 right=7 group=2 position=2 mode=7 completed=6 elapsed_ms=395.590 output_bytes=81960000 capacity_bytes_sum=136600000
UTF8-MATCHED jobs=10000 left=4 right=7 group=2 position=3 mode=4 completed=6 elapsed_ms=143.887 output_bytes=81960000 capacity_bytes_sum=136600000
UTF8-MATCHED jobs=10000 left=4 right=7 group=3 position=0 mode=4 completed=7 elapsed_ms=160.359 output_bytes=81960000 capacity_bytes_sum=136600000
UTF8-MATCHED jobs=10000 left=4 right=7 group=3 position=1 mode=7 completed=7 elapsed_ms=178.025 output_bytes=81960000 capacity_bytes_sum=136600000
UTF8-MATCHED jobs=10000 left=4 right=7 group=3 position=2 mode=7 completed=8 elapsed_ms=516.740 output_bytes=81960000 capacity_bytes_sum=136600000
UTF8-MATCHED jobs=10000 left=4 right=7 group=3 position=3 mode=4 completed=8 elapsed_ms=211.817 output_bytes=81960000 capacity_bytes_sum=136600000
UTF8-MATCHED jobs=10000 left=4 right=7 group=4 position=0 mode=4 completed=9 elapsed_ms=671.144 output_bytes=81960000 capacity_bytes_sum=136600000
UTF8-MATCHED jobs=10000 left=4 right=7 group=4 position=1 mode=7 completed=9 elapsed_ms=156.247 output_bytes=81960000 capacity_bytes_sum=136600000
UTF8-MATCHED jobs=10000 left=4 right=7 group=4 position=2 mode=7 completed=10 elapsed_ms=601.459 output_bytes=81960000 capacity_bytes_sum=136600000
UTF8-MATCHED jobs=10000 left=4 right=7 group=4 position=3 mode=4 completed=10 elapsed_ms=262.630 output_bytes=81960000 capacity_bytes_sum=136600000
UTF8-MATCHED jobs=10000 left=4 right=7 group=5 position=0 mode=4 completed=11 elapsed_ms=266.777 output_bytes=81960000 capacity_bytes_sum=136600000
UTF8-MATCHED jobs=10000 left=4 right=7 group=5 position=1 mode=7 completed=11 elapsed_ms=195.818 output_bytes=81960000 capacity_bytes_sum=136600000
UTF8-MATCHED jobs=10000 left=4 right=7 group=5 position=2 mode=7 completed=12 elapsed_ms=250.709 output_bytes=81960000 capacity_bytes_sum=136600000
UTF8-MATCHED jobs=10000 left=4 right=7 group=5 position=3 mode=4 completed=12 elapsed_ms=175.398 output_bytes=81960000 capacity_bytes_sum=136600000
UTF8-MATCHED jobs=10000 left=4 right=7 group=6 position=0 mode=4 completed=13 elapsed_ms=136.219 output_bytes=81960000 capacity_bytes_sum=136600000
UTF8-MATCHED jobs=10000 left=4 right=7 group=6 position=1 mode=7 completed=13 elapsed_ms=264.588 output_bytes=81960000 capacity_bytes_sum=136600000
UTF8-MATCHED jobs=10000 left=4 right=7 group=6 position=2 mode=7 completed=14 elapsed_ms=311.494 output_bytes=81960000 capacity_bytes_sum=136600000
UTF8-MATCHED jobs=10000 left=4 right=7 group=6 position=3 mode=4 completed=14 elapsed_ms=485.605 output_bytes=81960000 capacity_bytes_sum=136600000
UTF8-MATCHED jobs=10000 left=4 right=7 group=7 position=0 mode=4 completed=15 elapsed_ms=379.838 output_bytes=81960000 capacity_bytes_sum=136600000
UTF8-MATCHED jobs=10000 left=4 right=7 group=7 position=1 mode=7 completed=15 elapsed_ms=166.870 output_bytes=81960000 capacity_bytes_sum=136600000
UTF8-MATCHED jobs=10000 left=4 right=7 group=7 position=2 mode=7 completed=16 elapsed_ms=114.004 output_bytes=81960000 capacity_bytes_sum=136600000
UTF8-MATCHED jobs=10000 left=4 right=7 group=7 position=3 mode=4 completed=16 elapsed_ms=134.045 output_bytes=81960000 capacity_bytes_sum=136600000
UTF8-MATCHED jobs=10000 left=4 right=7 group=8 position=0 mode=4 completed=17 elapsed_ms=150.325 output_bytes=81960000 capacity_bytes_sum=136600000
UTF8-MATCHED jobs=10000 left=4 right=7 group=8 position=1 mode=7 completed=17 elapsed_ms=91.495 output_bytes=81960000 capacity_bytes_sum=136600000
UTF8-MATCHED jobs=10000 left=4 right=7 group=8 position=2 mode=7 completed=18 elapsed_ms=239.007 output_bytes=81960000 capacity_bytes_sum=136600000
UTF8-MATCHED jobs=10000 left=4 right=7 group=8 position=3 mode=4 completed=18 elapsed_ms=621.468 output_bytes=81960000 capacity_bytes_sum=136600000
UTF8-MATCHED jobs=10000 left=4 right=7 group=9 position=0 mode=4 completed=19 elapsed_ms=212.817 output_bytes=81960000 capacity_bytes_sum=136600000
UTF8-MATCHED jobs=10000 left=4 right=7 group=9 position=1 mode=7 completed=19 elapsed_ms=189.298 output_bytes=81960000 capacity_bytes_sum=136600000
UTF8-MATCHED jobs=10000 left=4 right=7 group=9 position=2 mode=7 completed=20 elapsed_ms=236.557 output_bytes=81960000 capacity_bytes_sum=136600000
UTF8-MATCHED-SUMMARY jobs=10000 mode=4 samples=20 wall_median_ms=264.703 cpu_median_ms=72.721 gc_cpu_median_ms=1.689 gc_count_total=123
UTF8-MATCHED-SUMMARY jobs=10000 mode=7 samples=20 wall_median_ms=237.782 cpu_median_ms=72.054 gc_cpu_median_ms=1.628 gc_count_total=124
UTF8-MATCHED-DECISION jobs=10000 left=4 right=7 paired_ratio_median=0.869992 slower=false
UTF8-MATCHED jobs=10000 left=4 right=7 group=9 position=3 mode=4 completed=20 elapsed_ms=227.094 output_bytes=81960000 capacity_bytes_sum=136600000
UTF8-MATCHED jobs=100000 left=4 right=7 group=0 position=0 mode=4 completed=1 elapsed_ms=4493.996 output_bytes=819600000 capacity_bytes_sum=1366000000
UTF8-MATCHED jobs=100000 left=4 right=7 group=0 position=1 mode=7 completed=1 elapsed_ms=3690.668 output_bytes=819600000 capacity_bytes_sum=1366000000
UTF8-MATCHED jobs=100000 left=4 right=7 group=0 position=2 mode=7 completed=2 elapsed_ms=3805.219 output_bytes=819600000 capacity_bytes_sum=1366000000
UTF8-MATCHED jobs=100000 left=4 right=7 group=0 position=3 mode=4 completed=2 elapsed_ms=2796.764 output_bytes=819600000 capacity_bytes_sum=1366000000
UTF8-MATCHED jobs=100000 left=4 right=7 group=1 position=0 mode=4 completed=3 elapsed_ms=4156.231 output_bytes=819600000 capacity_bytes_sum=1366000000
UTF8-MATCHED jobs=100000 left=4 right=7 group=1 position=1 mode=7 completed=3 elapsed_ms=4172.235 output_bytes=819600000 capacity_bytes_sum=1366000000
UTF8-MATCHED jobs=100000 left=4 right=7 group=1 position=2 mode=7 completed=4 elapsed_ms=2942.730 output_bytes=819600000 capacity_bytes_sum=1366000000
UTF8-MATCHED jobs=100000 left=4 right=7 group=1 position=3 mode=4 completed=4 elapsed_ms=3277.836 output_bytes=819600000 capacity_bytes_sum=1366000000
UTF8-MATCHED jobs=100000 left=4 right=7 group=2 position=0 mode=4 completed=5 elapsed_ms=3151.667 output_bytes=819600000 capacity_bytes_sum=1366000000
UTF8-MATCHED jobs=100000 left=4 right=7 group=2 position=1 mode=7 completed=5 elapsed_ms=4136.738 output_bytes=819600000 capacity_bytes_sum=1366000000
UTF8-MATCHED jobs=100000 left=4 right=7 group=2 position=2 mode=7 completed=6 elapsed_ms=9317.668 output_bytes=819600000 capacity_bytes_sum=1366000000
UTF8-MATCHED jobs=100000 left=4 right=7 group=2 position=3 mode=4 completed=6 elapsed_ms=10671.687 output_bytes=819600000 capacity_bytes_sum=1366000000
UTF8-MATCHED jobs=100000 left=4 right=7 group=3 position=0 mode=4 completed=7 elapsed_ms=11846.510 output_bytes=819600000 capacity_bytes_sum=1366000000
UTF8-MATCHED jobs=100000 left=4 right=7 group=3 position=1 mode=7 completed=7 elapsed_ms=10816.275 output_bytes=819600000 capacity_bytes_sum=1366000000
UTF8-MATCHED jobs=100000 left=4 right=7 group=3 position=2 mode=7 completed=8 elapsed_ms=8826.024 output_bytes=819600000 capacity_bytes_sum=1366000000
UTF8-MATCHED jobs=100000 left=4 right=7 group=3 position=3 mode=4 completed=8 elapsed_ms=9780.303 output_bytes=819600000 capacity_bytes_sum=1366000000
UTF8-MATCHED jobs=100000 left=4 right=7 group=4 position=0 mode=4 completed=9 elapsed_ms=8661.926 output_bytes=819600000 capacity_bytes_sum=1366000000
UTF8-MATCHED jobs=100000 left=4 right=7 group=4 position=1 mode=7 completed=9 elapsed_ms=10025.785 output_bytes=819600000 capacity_bytes_sum=1366000000
UTF8-MATCHED jobs=100000 left=4 right=7 group=4 position=2 mode=7 completed=10 elapsed_ms=11238.584 output_bytes=819600000 capacity_bytes_sum=1366000000
UTF8-MATCHED jobs=100000 left=4 right=7 group=4 position=3 mode=4 completed=10 elapsed_ms=10681.087 output_bytes=819600000 capacity_bytes_sum=1366000000
UTF8-MATCHED jobs=100000 left=4 right=7 group=5 position=0 mode=4 completed=11 elapsed_ms=12665.202 output_bytes=819600000 capacity_bytes_sum=1366000000
UTF8-MATCHED jobs=100000 left=4 right=7 group=5 position=1 mode=7 completed=11 elapsed_ms=10664.316 output_bytes=819600000 capacity_bytes_sum=1366000000
UTF8-MATCHED jobs=100000 left=4 right=7 group=5 position=2 mode=7 completed=12 elapsed_ms=12477.418 output_bytes=819600000 capacity_bytes_sum=1366000000
UTF8-MATCHED jobs=100000 left=4 right=7 group=5 position=3 mode=4 completed=12 elapsed_ms=15286.785 output_bytes=819600000 capacity_bytes_sum=1366000000
UTF8-MATCHED jobs=100000 left=4 right=7 group=6 position=0 mode=4 completed=13 elapsed_ms=13993.930 output_bytes=819600000 capacity_bytes_sum=1366000000
UTF8-MATCHED jobs=100000 left=4 right=7 group=6 position=1 mode=7 completed=13 elapsed_ms=11779.236 output_bytes=819600000 capacity_bytes_sum=1366000000
UTF8-MATCHED jobs=100000 left=4 right=7 group=6 position=2 mode=7 completed=14 elapsed_ms=12981.050 output_bytes=819600000 capacity_bytes_sum=1366000000
UTF8-MATCHED jobs=100000 left=4 right=7 group=6 position=3 mode=4 completed=14 elapsed_ms=9968.538 output_bytes=819600000 capacity_bytes_sum=1366000000
UTF8-MATCHED jobs=100000 left=4 right=7 group=7 position=0 mode=4 completed=15 elapsed_ms=9804.590 output_bytes=819600000 capacity_bytes_sum=1366000000
UTF8-MATCHED jobs=100000 left=4 right=7 group=7 position=1 mode=7 completed=15 elapsed_ms=8258.862 output_bytes=819600000 capacity_bytes_sum=1366000000
UTF8-MATCHED jobs=100000 left=4 right=7 group=7 position=2 mode=7 completed=16 elapsed_ms=8133.913 output_bytes=819600000 capacity_bytes_sum=1366000000
UTF8-MATCHED jobs=100000 left=4 right=7 group=7 position=3 mode=4 completed=16 elapsed_ms=3869.849 output_bytes=819600000 capacity_bytes_sum=1366000000
UTF8-MATCHED jobs=100000 left=4 right=7 group=8 position=0 mode=4 completed=17 elapsed_ms=7292.109 output_bytes=819600000 capacity_bytes_sum=1366000000
UTF8-MATCHED jobs=100000 left=4 right=7 group=8 position=1 mode=7 completed=17 elapsed_ms=10283.679 output_bytes=819600000 capacity_bytes_sum=1366000000
UTF8-MATCHED jobs=100000 left=4 right=7 group=8 position=2 mode=7 completed=18 elapsed_ms=9526.563 output_bytes=819600000 capacity_bytes_sum=1366000000
UTF8-MATCHED jobs=100000 left=4 right=7 group=8 position=3 mode=4 completed=18 elapsed_ms=9675.362 output_bytes=819600000 capacity_bytes_sum=1366000000
UTF8-MATCHED jobs=100000 left=4 right=7 group=9 position=0 mode=4 completed=19 elapsed_ms=5658.319 output_bytes=819600000 capacity_bytes_sum=1366000000
UTF8-MATCHED jobs=100000 left=4 right=7 group=9 position=1 mode=7 completed=19 elapsed_ms=3859.604 output_bytes=819600000 capacity_bytes_sum=1366000000
UTF8-MATCHED jobs=100000 left=4 right=7 group=9 position=2 mode=7 completed=20 elapsed_ms=4805.276 output_bytes=819600000 capacity_bytes_sum=1366000000
UTF8-MATCHED-SUMMARY jobs=100000 mode=4 samples=20 wall_median_ms=9168.644 cpu_median_ms=728.432 gc_cpu_median_ms=17.802 gc_count_total=1237
UTF8-MATCHED-SUMMARY jobs=100000 mode=7 samples=20 wall_median_ms=9071.846 cpu_median_ms=722.237 gc_cpu_median_ms=17.500 gc_count_total=1237
UTF8-MATCHED-DECISION jobs=100000 left=4 right=7 paired_ratio_median=0.948828 slower=false
UTF8-MATCHED jobs=100000 left=4 right=7 group=9 position=3 mode=4 completed=20 elapsed_ms=4306.596 output_bytes=819600000 capacity_bytes_sum=1366000000
