env -u SDKROOT CARGO_TARGET_AARCH64_APPLE_DARWIN_LINKER=/usr/bin/cc cargo bench -p gerbil-scheme-qualification --features actor-aot --bench utf8 --locked -- --costs
   Compiling gerbil-scheme-sys v0.1.0 (/private/tmp/orgize-native-recovery-20261009-f7ey6w/bridge/crates/gerbil-scheme-sys)
   Compiling gerbil-scheme-qualification v0.1.0 (/private/tmp/orgize-native-recovery-20261009-f7ey6w/bridge/crates/gerbil-scheme-qualification)
   Compiling gerbil-scheme v0.1.0 (/private/tmp/orgize-native-recovery-20261009-f7ey6w/bridge/crates/gerbil-scheme)
    Finished `bench` profile [optimized] target(s) in 1m 24s
     Running benches/utf8.rs (target/release/deps/utf8-461f469b848a9e47)
UTF8-BUFFER-CONTRACTS Unicode=1112064 surrogates=2048 mutation=OK bounds=OK roots=OK
UTF8-COST jobs=1000 phase=owned sample=1 wall_ms=12.108 cpu_ms=7.994 gc_cpu_ms=0.000 gc_wall_ms=0.000 scheme_bytes=888056 minor_faults=2 voluntary_switches=0 involuntary_switches=53
UTF8-COST jobs=1000 phase=length sample=1 wall_ms=37.954 cpu_ms=0.203 gc_cpu_ms=0.000 gc_wall_ms=0.000 scheme_bytes=56056 minor_faults=5 voluntary_switches=0 involuntary_switches=8
UTF8-COST jobs=1000 phase=allocation sample=1 wall_ms=0.029 cpu_ms=0.031 gc_cpu_ms=0.000 gc_wall_ms=0.000 scheme_bytes=56 minor_faults=1 voluntary_switches=0 involuntary_switches=0
UTF8-COST jobs=1000 phase=encoding sample=1 wall_ms=7.310 cpu_ms=5.140 gc_cpu_ms=0.000 gc_wall_ms=0.000 scheme_bytes=832056 minor_faults=8 voluntary_switches=0 involuntary_switches=6
UTF8-COST jobs=1000 phase=validation sample=1 wall_ms=1.220 cpu_ms=1.005 gc_cpu_ms=0.000 gc_wall_ms=0.000 scheme_bytes=56 minor_faults=0 voluntary_switches=0 involuntary_switches=3
UTF8-COST jobs=1000 phase=entry sample=1 wall_ms=0.370 cpu_ms=0.371 gc_cpu_ms=0.264 gc_wall_ms=0.263 scheme_bytes=304288 minor_faults=3 voluntary_switches=0 involuntary_switches=0
UTF8-COST jobs=1000 phase=length sample=2 wall_ms=0.067 cpu_ms=0.068 gc_cpu_ms=0.000 gc_wall_ms=0.000 scheme_bytes=56056 minor_faults=0 voluntary_switches=0 involuntary_switches=0
UTF8-COST jobs=1000 phase=allocation sample=2 wall_ms=0.028 cpu_ms=0.030 gc_cpu_ms=0.000 gc_wall_ms=0.000 scheme_bytes=56 minor_faults=0 voluntary_switches=0 involuntary_switches=0
UTF8-COST jobs=1000 phase=encoding sample=2 wall_ms=10.734 cpu_ms=5.624 gc_cpu_ms=0.000 gc_wall_ms=0.000 scheme_bytes=832056 minor_faults=0 voluntary_switches=0 involuntary_switches=22
UTF8-COST jobs=1000 phase=validation sample=2 wall_ms=2.688 cpu_ms=2.511 gc_cpu_ms=0.000 gc_wall_ms=0.000 scheme_bytes=56 minor_faults=0 voluntary_switches=0 involuntary_switches=8
UTF8-COST jobs=1000 phase=entry sample=2 wall_ms=0.652 cpu_ms=0.656 gc_cpu_ms=0.390 gc_wall_ms=0.391 scheme_bytes=537464 minor_faults=0 voluntary_switches=0 involuntary_switches=0
UTF8-COST jobs=1000 phase=owned sample=2 wall_ms=40.142 cpu_ms=7.988 gc_cpu_ms=0.237 gc_wall_ms=0.236 scheme_bytes=666112 minor_faults=0 voluntary_switches=0 involuntary_switches=29
UTF8-COST jobs=1000 phase=allocation sample=3 wall_ms=0.027 cpu_ms=0.028 gc_cpu_ms=0.000 gc_wall_ms=0.000 scheme_bytes=56 minor_faults=0 voluntary_switches=0 involuntary_switches=0
UTF8-COST jobs=1000 phase=encoding sample=3 wall_ms=50.422 cpu_ms=5.153 gc_cpu_ms=0.000 gc_wall_ms=0.000 scheme_bytes=832056 minor_faults=0 voluntary_switches=1 involuntary_switches=5
UTF8-COST jobs=1000 phase=validation sample=3 wall_ms=0.959 cpu_ms=0.961 gc_cpu_ms=0.000 gc_wall_ms=0.000 scheme_bytes=56 minor_faults=0 voluntary_switches=0 involuntary_switches=0
UTF8-COST jobs=1000 phase=entry sample=3 wall_ms=0.293 cpu_ms=0.294 gc_cpu_ms=0.187 gc_wall_ms=0.187 scheme_bytes=586752 minor_faults=0 voluntary_switches=0 involuntary_switches=0
UTF8-COST jobs=1000 phase=owned sample=3 wall_ms=175.104 cpu_ms=6.353 gc_cpu_ms=0.000 gc_wall_ms=0.000 scheme_bytes=888056 minor_faults=0 voluntary_switches=0 involuntary_switches=28
UTF8-COST jobs=1000 phase=length sample=3 wall_ms=0.068 cpu_ms=0.069 gc_cpu_ms=0.000 gc_wall_ms=0.000 scheme_bytes=56056 minor_faults=0 voluntary_switches=0 involuntary_switches=0
UTF8-COST jobs=1000 phase=encoding sample=4 wall_ms=38.090 cpu_ms=6.561 gc_cpu_ms=0.222 gc_wall_ms=0.221 scheme_bytes=535960 minor_faults=0 voluntary_switches=0 involuntary_switches=44
UTF8-COST jobs=1000 phase=validation sample=4 wall_ms=3.279 cpu_ms=0.993 gc_cpu_ms=0.000 gc_wall_ms=0.000 scheme_bytes=56 minor_faults=0 voluntary_switches=0 involuntary_switches=3
UTF8-COST jobs=1000 phase=entry sample=4 wall_ms=2.476 cpu_ms=0.129 gc_cpu_ms=0.000 gc_wall_ms=0.000 scheme_bytes=760056 minor_faults=0 voluntary_switches=0 involuntary_switches=4
UTF8-COST jobs=1000 phase=owned sample=4 wall_ms=267.890 cpu_ms=8.825 gc_cpu_ms=0.477 gc_wall_ms=72.829 scheme_bytes=731456 minor_faults=0 voluntary_switches=0 involuntary_switches=74
UTF8-COST jobs=1000 phase=length sample=4 wall_ms=0.137 cpu_ms=0.140 gc_cpu_ms=0.000 gc_wall_ms=0.000 scheme_bytes=56056 minor_faults=0 voluntary_switches=0 involuntary_switches=0
UTF8-COST jobs=1000 phase=allocation sample=4 wall_ms=0.071 cpu_ms=0.073 gc_cpu_ms=0.000 gc_wall_ms=0.000 scheme_bytes=56 minor_faults=0 voluntary_switches=0 involuntary_switches=0
UTF8-COST jobs=1000 phase=validation sample=5 wall_ms=5.639 cpu_ms=2.599 gc_cpu_ms=0.000 gc_wall_ms=0.000 scheme_bytes=56 minor_faults=0 voluntary_switches=0 involuntary_switches=8
UTF8-COST jobs=1000 phase=entry sample=5 wall_ms=0.882 cpu_ms=0.674 gc_cpu_ms=0.460 gc_wall_ms=0.672 scheme_bytes=488576 minor_faults=0 voluntary_switches=0 involuntary_switches=2
UTF8-COST jobs=1000 phase=owned sample=5 wall_ms=64.705 cpu_ms=6.984 gc_cpu_ms=0.000 gc_wall_ms=0.000 scheme_bytes=888056 minor_faults=0 voluntary_switches=2 involuntary_switches=43
UTF8-COST jobs=1000 phase=length sample=5 wall_ms=0.070 cpu_ms=0.071 gc_cpu_ms=0.000 gc_wall_ms=0.000 scheme_bytes=56056 minor_faults=0 voluntary_switches=0 involuntary_switches=0
UTF8-COST jobs=1000 phase=allocation sample=5 wall_ms=0.028 cpu_ms=0.029 gc_cpu_ms=0.000 gc_wall_ms=0.000 scheme_bytes=56 minor_faults=0 voluntary_switches=0 involuntary_switches=0
UTF8-COST jobs=1000 phase=encoding sample=5 wall_ms=41.492 cpu_ms=6.983 gc_cpu_ms=0.224 gc_wall_ms=0.223 scheme_bytes=544232 minor_faults=0 voluntary_switches=0 involuntary_switches=36
UTF8-COST jobs=1000 phase=entry sample=6 wall_ms=26.177 cpu_ms=0.706 gc_cpu_ms=0.444 gc_wall_ms=25.920 scheme_bytes=611568 minor_faults=0 voluntary_switches=0 involuntary_switches=6
UTF8-COST jobs=1000 phase=owned sample=6 wall_ms=31.951 cpu_ms=6.423 gc_cpu_ms=0.000 gc_wall_ms=0.000 scheme_bytes=888056 minor_faults=0 voluntary_switches=0 involuntary_switches=49
UTF8-COST jobs=1000 phase=length sample=6 wall_ms=0.388 cpu_ms=0.107 gc_cpu_ms=0.000 gc_wall_ms=0.000 scheme_bytes=56056 minor_faults=0 voluntary_switches=0 involuntary_switches=1
UTF8-COST jobs=1000 phase=allocation sample=6 wall_ms=0.072 cpu_ms=0.074 gc_cpu_ms=0.000 gc_wall_ms=0.000 scheme_bytes=56 minor_faults=0 voluntary_switches=0 involuntary_switches=0
UTF8-COST jobs=1000 phase=encoding sample=6 wall_ms=16.715 cpu_ms=6.866 gc_cpu_ms=0.221 gc_wall_ms=0.220 scheme_bytes=519456 minor_faults=0 voluntary_switches=1 involuntary_switches=32
UTF8-COST jobs=1000 phase=validation sample=6 wall_ms=1.979 cpu_ms=1.087 gc_cpu_ms=0.000 gc_wall_ms=0.000 scheme_bytes=56 minor_faults=0 voluntary_switches=0 involuntary_switches=11
UTF8-COST jobs=1000 phase=owned sample=7 wall_ms=11.681 cpu_ms=7.662 gc_cpu_ms=0.000 gc_wall_ms=0.000 scheme_bytes=888056 minor_faults=0 voluntary_switches=0 involuntary_switches=39
UTF8-COST jobs=1000 phase=length sample=7 wall_ms=0.067 cpu_ms=0.068 gc_cpu_ms=0.000 gc_wall_ms=0.000 scheme_bytes=56056 minor_faults=0 voluntary_switches=0 involuntary_switches=0
UTF8-COST jobs=1000 phase=allocation sample=7 wall_ms=0.029 cpu_ms=0.030 gc_cpu_ms=0.000 gc_wall_ms=0.000 scheme_bytes=56 minor_faults=0 voluntary_switches=0 involuntary_switches=0
UTF8-COST jobs=1000 phase=encoding sample=7 wall_ms=24.432 cpu_ms=6.723 gc_cpu_ms=0.443 gc_wall_ms=0.442 scheme_bytes=511168 minor_faults=0 voluntary_switches=2 involuntary_switches=40
UTF8-COST jobs=1000 phase=validation sample=7 wall_ms=0.959 cpu_ms=0.960 gc_cpu_ms=0.000 gc_wall_ms=0.000 scheme_bytes=56 minor_faults=0 voluntary_switches=0 involuntary_switches=0
UTF8-COST jobs=1000 phase=entry sample=7 wall_ms=0.270 cpu_ms=0.271 gc_cpu_ms=0.167 gc_wall_ms=0.168 scheme_bytes=603320 minor_faults=0 voluntary_switches=0 involuntary_switches=0
UTF8-COST jobs=1000 phase=length sample=8 wall_ms=0.067 cpu_ms=0.068 gc_cpu_ms=0.000 gc_wall_ms=0.000 scheme_bytes=56056 minor_faults=0 voluntary_switches=0 involuntary_switches=0
UTF8-COST jobs=1000 phase=allocation sample=8 wall_ms=0.028 cpu_ms=0.030 gc_cpu_ms=0.000 gc_wall_ms=0.000 scheme_bytes=56 minor_faults=0 voluntary_switches=0 involuntary_switches=0
UTF8-COST jobs=1000 phase=encoding sample=8 wall_ms=7.439 cpu_ms=5.151 gc_cpu_ms=0.000 gc_wall_ms=0.000 scheme_bytes=832056 minor_faults=0 voluntary_switches=0 involuntary_switches=11
UTF8-COST jobs=1000 phase=validation sample=8 wall_ms=4.174 cpu_ms=1.542 gc_cpu_ms=0.000 gc_wall_ms=0.000 scheme_bytes=56 minor_faults=0 voluntary_switches=0 involuntary_switches=19
UTF8-COST jobs=1000 phase=entry sample=8 wall_ms=0.659 cpu_ms=0.663 gc_cpu_ms=0.392 gc_wall_ms=0.393 scheme_bytes=537464 minor_faults=0 voluntary_switches=0 involuntary_switches=0
UTF8-COST jobs=1000 phase=owned sample=8 wall_ms=7.129 cpu_ms=6.106 gc_cpu_ms=0.000 gc_wall_ms=0.000 scheme_bytes=888056 minor_faults=0 voluntary_switches=1 involuntary_switches=14
UTF8-COST jobs=1000 phase=allocation sample=9 wall_ms=0.028 cpu_ms=0.029 gc_cpu_ms=0.000 gc_wall_ms=0.000 scheme_bytes=56 minor_faults=0 voluntary_switches=0 involuntary_switches=0
UTF8-COST jobs=1000 phase=encoding sample=9 wall_ms=16.107 cpu_ms=8.204 gc_cpu_ms=0.401 gc_wall_ms=0.400 scheme_bytes=593640 minor_faults=0 voluntary_switches=0 involuntary_switches=18
UTF8-COST jobs=1000 phase=validation sample=9 wall_ms=1.334 cpu_ms=1.294 gc_cpu_ms=0.000 gc_wall_ms=0.000 scheme_bytes=56 minor_faults=0 voluntary_switches=0 involuntary_switches=2
UTF8-COST jobs=1000 phase=entry sample=9 wall_ms=0.652 cpu_ms=0.651 gc_cpu_ms=0.370 gc_wall_ms=0.375 scheme_bytes=611560 minor_faults=0 voluntary_switches=0 involuntary_switches=1
UTF8-COST jobs=1000 phase=owned sample=9 wall_ms=8.746 cpu_ms=6.900 gc_cpu_ms=0.000 gc_wall_ms=0.000 scheme_bytes=888056 minor_faults=0 voluntary_switches=0 involuntary_switches=13
UTF8-COST jobs=1000 phase=length sample=9 wall_ms=0.068 cpu_ms=0.070 gc_cpu_ms=0.000 gc_wall_ms=0.000 scheme_bytes=56056 minor_faults=0 voluntary_switches=0 involuntary_switches=0
UTF8-COST jobs=1000 phase=encoding sample=10 wall_ms=5.440 cpu_ms=5.380 gc_cpu_ms=0.211 gc_wall_ms=0.211 scheme_bytes=519424 minor_faults=0 voluntary_switches=0 involuntary_switches=2
UTF8-COST jobs=1000 phase=validation sample=10 wall_ms=1.555 cpu_ms=1.055 gc_cpu_ms=0.000 gc_wall_ms=0.000 scheme_bytes=56 minor_faults=0 voluntary_switches=0 involuntary_switches=10
UTF8-COST jobs=1000 phase=entry sample=10 wall_ms=0.100 cpu_ms=0.102 gc_cpu_ms=0.000 gc_wall_ms=0.000 scheme_bytes=760056 minor_faults=0 voluntary_switches=0 involuntary_switches=0
UTF8-COST jobs=1000 phase=owned sample=10 wall_ms=9.263 cpu_ms=7.627 gc_cpu_ms=0.162 gc_wall_ms=0.162 scheme_bytes=715120 minor_faults=0 voluntary_switches=1 involuntary_switches=19
UTF8-COST jobs=1000 phase=length sample=10 wall_ms=0.067 cpu_ms=0.069 gc_cpu_ms=0.000 gc_wall_ms=0.000 scheme_bytes=56056 minor_faults=0 voluntary_switches=0 involuntary_switches=0
UTF8-COST jobs=1000 phase=allocation sample=10 wall_ms=0.028 cpu_ms=0.028 gc_cpu_ms=0.000 gc_wall_ms=0.000 scheme_bytes=56 minor_faults=0 voluntary_switches=0 involuntary_switches=0
UTF8-COST jobs=1000 phase=validation sample=11 wall_ms=1.880 cpu_ms=1.006 gc_cpu_ms=0.000 gc_wall_ms=0.000 scheme_bytes=56 minor_faults=0 voluntary_switches=0 involuntary_switches=8
UTF8-COST jobs=1000 phase=entry sample=11 wall_ms=8.639 cpu_ms=0.482 gc_cpu_ms=0.313 gc_wall_ms=3.700 scheme_bytes=529672 minor_faults=0 voluntary_switches=0 involuntary_switches=5
UTF8-COST jobs=1000 phase=owned sample=11 wall_ms=91.078 cpu_ms=8.229 gc_cpu_ms=0.000 gc_wall_ms=0.000 scheme_bytes=888056 minor_faults=0 voluntary_switches=2 involuntary_switches=80
UTF8-COST jobs=1000 phase=length sample=11 wall_ms=0.068 cpu_ms=0.070 gc_cpu_ms=0.000 gc_wall_ms=0.000 scheme_bytes=56056 minor_faults=0 voluntary_switches=0 involuntary_switches=0
UTF8-COST jobs=1000 phase=allocation sample=11 wall_ms=0.029 cpu_ms=0.029 gc_cpu_ms=0.000 gc_wall_ms=0.000 scheme_bytes=56 minor_faults=0 voluntary_switches=0 involuntary_switches=0
UTF8-COST jobs=1000 phase=encoding sample=11 wall_ms=18.455 cpu_ms=7.076 gc_cpu_ms=0.484 gc_wall_ms=0.483 scheme_bytes=519400 minor_faults=0 voluntary_switches=0 involuntary_switches=39
UTF8-COST jobs=1000 phase=entry sample=12 wall_ms=7.173 cpu_ms=0.251 gc_cpu_ms=0.000 gc_wall_ms=0.000 scheme_bytes=760056 minor_faults=0 voluntary_switches=0 involuntary_switches=4
UTF8-COST jobs=1000 phase=owned sample=12 wall_ms=12.343 cpu_ms=7.204 gc_cpu_ms=0.185 gc_wall_ms=0.184 scheme_bytes=715152 minor_faults=0 voluntary_switches=0 involuntary_switches=57
UTF8-COST jobs=1000 phase=length sample=12 wall_ms=0.066 cpu_ms=0.066 gc_cpu_ms=0.000 gc_wall_ms=0.000 scheme_bytes=56056 minor_faults=0 voluntary_switches=0 involuntary_switches=0
UTF8-COST jobs=1000 phase=allocation sample=12 wall_ms=0.027 cpu_ms=0.029 gc_cpu_ms=0.000 gc_wall_ms=0.000 scheme_bytes=56 minor_faults=0 voluntary_switches=0 involuntary_switches=0
UTF8-COST jobs=1000 phase=encoding sample=12 wall_ms=6.909 cpu_ms=5.396 gc_cpu_ms=0.197 gc_wall_ms=0.197 scheme_bytes=535608 minor_faults=0 voluntary_switches=0 involuntary_switches=17
UTF8-COST jobs=1000 phase=validation sample=12 wall_ms=2.668 cpu_ms=1.310 gc_cpu_ms=0.000 gc_wall_ms=0.000 scheme_bytes=56 minor_faults=0 voluntary_switches=0 involuntary_switches=20
UTF8-COST jobs=1000 phase=owned sample=13 wall_ms=11.357 cpu_ms=7.123 gc_cpu_ms=0.000 gc_wall_ms=0.000 scheme_bytes=888056 minor_faults=0 voluntary_switches=0 involuntary_switches=35
UTF8-COST jobs=1000 phase=length sample=13 wall_ms=0.067 cpu_ms=0.069 gc_cpu_ms=0.000 gc_wall_ms=0.000 scheme_bytes=56056 minor_faults=0 voluntary_switches=0 involuntary_switches=0
UTF8-COST jobs=1000 phase=allocation sample=13 wall_ms=0.028 cpu_ms=0.028 gc_cpu_ms=0.000 gc_wall_ms=0.000 scheme_bytes=56 minor_faults=0 voluntary_switches=0 involuntary_switches=0
UTF8-COST jobs=1000 phase=encoding sample=13 wall_ms=24.048 cpu_ms=6.254 gc_cpu_ms=0.227 gc_wall_ms=0.542 scheme_bytes=519432 minor_faults=0 voluntary_switches=0 involuntary_switches=95
UTF8-COST jobs=1000 phase=validation sample=13 wall_ms=2.610 cpu_ms=1.897 gc_cpu_ms=0.000 gc_wall_ms=0.000 scheme_bytes=56 minor_faults=0 voluntary_switches=0 involuntary_switches=11
UTF8-COST jobs=1000 phase=entry sample=13 wall_ms=0.100 cpu_ms=0.102 gc_cpu_ms=0.000 gc_wall_ms=0.000 scheme_bytes=760056 minor_faults=0 voluntary_switches=0 involuntary_switches=0
UTF8-COST jobs=1000 phase=length sample=14 wall_ms=0.067 cpu_ms=0.069 gc_cpu_ms=0.000 gc_wall_ms=0.000 scheme_bytes=56056 minor_faults=0 voluntary_switches=0 involuntary_switches=0
UTF8-COST jobs=1000 phase=allocation sample=14 wall_ms=0.028 cpu_ms=0.030 gc_cpu_ms=0.000 gc_wall_ms=0.000 scheme_bytes=56 minor_faults=0 voluntary_switches=0 involuntary_switches=0
UTF8-COST jobs=1000 phase=encoding sample=14 wall_ms=17.830 cpu_ms=5.369 gc_cpu_ms=0.169 gc_wall_ms=0.168 scheme_bytes=626056 minor_faults=0 voluntary_switches=0 involuntary_switches=10
UTF8-COST jobs=1000 phase=validation sample=14 wall_ms=35.980 cpu_ms=1.947 gc_cpu_ms=0.000 gc_wall_ms=0.000 scheme_bytes=56 minor_faults=0 voluntary_switches=0 involuntary_switches=1
UTF8-COST jobs=1000 phase=entry sample=14 wall_ms=0.473 cpu_ms=0.396 gc_cpu_ms=0.262 gc_wall_ms=0.346 scheme_bytes=611576 minor_faults=0 voluntary_switches=0 involuntary_switches=1
UTF8-COST jobs=1000 phase=owned sample=14 wall_ms=27.745 cpu_ms=6.912 gc_cpu_ms=0.000 gc_wall_ms=0.000 scheme_bytes=888056 minor_faults=0 voluntary_switches=1 involuntary_switches=29
UTF8-COST jobs=1000 phase=allocation sample=15 wall_ms=4.043 cpu_ms=0.090 gc_cpu_ms=0.000 gc_wall_ms=0.000 scheme_bytes=56 minor_faults=0 voluntary_switches=0 involuntary_switches=2
UTF8-COST jobs=1000 phase=encoding sample=15 wall_ms=77.459 cpu_ms=6.861 gc_cpu_ms=0.298 gc_wall_ms=6.431 scheme_bytes=568736 minor_faults=0 voluntary_switches=1 involuntary_switches=50
UTF8-COST jobs=1000 phase=validation sample=15 wall_ms=2.470 cpu_ms=1.022 gc_cpu_ms=0.000 gc_wall_ms=0.000 scheme_bytes=56 minor_faults=0 voluntary_switches=0 involuntary_switches=12
UTF8-COST jobs=1000 phase=entry sample=15 wall_ms=0.440 cpu_ms=0.286 gc_cpu_ms=0.000 gc_wall_ms=0.000 scheme_bytes=760056 minor_faults=0 voluntary_switches=0 involuntary_switches=2
UTF8-COST jobs=1000 phase=owned sample=15 wall_ms=14.179 cpu_ms=7.504 gc_cpu_ms=0.402 gc_wall_ms=0.933 scheme_bytes=715200 minor_faults=0 voluntary_switches=0 involuntary_switches=89
UTF8-COST jobs=1000 phase=length sample=15 wall_ms=0.067 cpu_ms=0.068 gc_cpu_ms=0.000 gc_wall_ms=0.000 scheme_bytes=56056 minor_faults=0 voluntary_switches=0 involuntary_switches=0
UTF8-COST jobs=1000 phase=encoding sample=16 wall_ms=17.766 cpu_ms=6.532 gc_cpu_ms=0.244 gc_wall_ms=1.757 scheme_bytes=535584 minor_faults=0 voluntary_switches=0 involuntary_switches=46
UTF8-COST jobs=1000 phase=validation sample=16 wall_ms=2.879 cpu_ms=1.612 gc_cpu_ms=0.000 gc_wall_ms=0.000 scheme_bytes=56 minor_faults=0 voluntary_switches=0 involuntary_switches=10
UTF8-COST jobs=1000 phase=entry sample=16 wall_ms=0.362 cpu_ms=0.267 gc_cpu_ms=0.000 gc_wall_ms=0.000 scheme_bytes=760056 minor_faults=0 voluntary_switches=0 involuntary_switches=3
UTF8-COST jobs=1000 phase=owned sample=16 wall_ms=10.176 cpu_ms=7.366 gc_cpu_ms=0.178 gc_wall_ms=0.177 scheme_bytes=698936 minor_faults=0 voluntary_switches=0 involuntary_switches=11
UTF8-COST jobs=1000 phase=length sample=16 wall_ms=0.066 cpu_ms=0.068 gc_cpu_ms=0.000 gc_wall_ms=0.000 scheme_bytes=56056 minor_faults=0 voluntary_switches=0 involuntary_switches=0
UTF8-COST jobs=1000 phase=allocation sample=16 wall_ms=0.028 cpu_ms=0.029 gc_cpu_ms=0.000 gc_wall_ms=0.000 scheme_bytes=56 minor_faults=0 voluntary_switches=0 involuntary_switches=0
UTF8-COST jobs=1000 phase=validation sample=17 wall_ms=1.080 cpu_ms=0.967 gc_cpu_ms=0.000 gc_wall_ms=0.000 scheme_bytes=56 minor_faults=0 voluntary_switches=0 involuntary_switches=1
UTF8-COST jobs=1000 phase=entry sample=17 wall_ms=0.099 cpu_ms=0.101 gc_cpu_ms=0.000 gc_wall_ms=0.000 scheme_bytes=760056 minor_faults=0 voluntary_switches=0 involuntary_switches=0
UTF8-COST jobs=1000 phase=owned sample=17 wall_ms=14.250 cpu_ms=6.753 gc_cpu_ms=0.184 gc_wall_ms=0.183 scheme_bytes=649536 minor_faults=0 voluntary_switches=0 involuntary_switches=40
UTF8-COST jobs=1000 phase=length sample=17 wall_ms=0.133 cpu_ms=0.136 gc_cpu_ms=0.000 gc_wall_ms=0.000 scheme_bytes=56056 minor_faults=0 voluntary_switches=0 involuntary_switches=0
UTF8-COST jobs=1000 phase=allocation sample=17 wall_ms=0.072 cpu_ms=0.073 gc_cpu_ms=0.000 gc_wall_ms=0.000 scheme_bytes=56 minor_faults=0 voluntary_switches=0 involuntary_switches=0
UTF8-COST jobs=1000 phase=encoding sample=17 wall_ms=8.486 cpu_ms=6.068 gc_cpu_ms=0.429 gc_wall_ms=0.426 scheme_bytes=543824 minor_faults=0 voluntary_switches=0 involuntary_switches=18
UTF8-COST jobs=1000 phase=entry sample=18 wall_ms=0.235 cpu_ms=0.239 gc_cpu_ms=0.000 gc_wall_ms=0.000 scheme_bytes=760056 minor_faults=0 voluntary_switches=0 involuntary_switches=0
UTF8-COST jobs=1000 phase=owned sample=18 wall_ms=13.151 cpu_ms=6.950 gc_cpu_ms=0.381 gc_wall_ms=1.474 scheme_bytes=698968 minor_faults=0 voluntary_switches=0 involuntary_switches=26
UTF8-COST jobs=1000 phase=length sample=18 wall_ms=0.066 cpu_ms=0.068 gc_cpu_ms=0.000 gc_wall_ms=0.000 scheme_bytes=56056 minor_faults=0 voluntary_switches=0 involuntary_switches=0
UTF8-COST jobs=1000 phase=allocation sample=18 wall_ms=0.028 cpu_ms=0.029 gc_cpu_ms=0.000 gc_wall_ms=0.000 scheme_bytes=56 minor_faults=0 voluntary_switches=0 involuntary_switches=0
UTF8-COST jobs=1000 phase=encoding sample=18 wall_ms=13.716 cpu_ms=5.883 gc_cpu_ms=0.000 gc_wall_ms=0.000 scheme_bytes=832056 minor_faults=0 voluntary_switches=0 involuntary_switches=42
UTF8-COST jobs=1000 phase=validation sample=18 wall_ms=1.519 cpu_ms=0.994 gc_cpu_ms=0.000 gc_wall_ms=0.000 scheme_bytes=56 minor_faults=0 voluntary_switches=0 involuntary_switches=2
UTF8-COST jobs=1000 phase=owned sample=19 wall_ms=40.450 cpu_ms=8.459 gc_cpu_ms=0.230 gc_wall_ms=0.276 scheme_bytes=591520 minor_faults=0 voluntary_switches=0 involuntary_switches=57
UTF8-COST jobs=1000 phase=length sample=19 wall_ms=0.066 cpu_ms=0.068 gc_cpu_ms=0.000 gc_wall_ms=0.000 scheme_bytes=56056 minor_faults=0 voluntary_switches=0 involuntary_switches=0
UTF8-COST jobs=1000 phase=allocation sample=19 wall_ms=0.027 cpu_ms=0.028 gc_cpu_ms=0.000 gc_wall_ms=0.000 scheme_bytes=56 minor_faults=0 voluntary_switches=0 involuntary_switches=0
UTF8-COST jobs=1000 phase=encoding sample=19 wall_ms=32.593 cpu_ms=5.764 gc_cpu_ms=0.254 gc_wall_ms=0.445 scheme_bytes=535592 minor_faults=0 voluntary_switches=0 involuntary_switches=61
UTF8-COST jobs=1000 phase=validation sample=19 wall_ms=1.257 cpu_ms=1.004 gc_cpu_ms=0.000 gc_wall_ms=0.000 scheme_bytes=56 minor_faults=0 voluntary_switches=0 involuntary_switches=7
UTF8-COST jobs=1000 phase=entry sample=19 wall_ms=0.100 cpu_ms=0.102 gc_cpu_ms=0.000 gc_wall_ms=0.000 scheme_bytes=760056 minor_faults=0 voluntary_switches=0 involuntary_switches=0
UTF8-COST jobs=1000 phase=length sample=20 wall_ms=0.067 cpu_ms=0.069 gc_cpu_ms=0.000 gc_wall_ms=0.000 scheme_bytes=56056 minor_faults=0 voluntary_switches=0 involuntary_switches=0
UTF8-COST jobs=1000 phase=allocation sample=20 wall_ms=0.027 cpu_ms=0.029 gc_cpu_ms=0.000 gc_wall_ms=0.000 scheme_bytes=56 minor_faults=0 voluntary_switches=0 involuntary_switches=0
UTF8-COST jobs=1000 phase=encoding sample=20 wall_ms=23.800 cpu_ms=5.696 gc_cpu_ms=0.181 gc_wall_ms=0.181 scheme_bytes=626056 minor_faults=0 voluntary_switches=0 involuntary_switches=40
UTF8-COST jobs=1000 phase=validation sample=20 wall_ms=8.659 cpu_ms=1.331 gc_cpu_ms=0.000 gc_wall_ms=0.000 scheme_bytes=56 minor_faults=0 voluntary_switches=0 involuntary_switches=53
UTF8-COST jobs=1000 phase=entry sample=20 wall_ms=0.252 cpu_ms=0.256 gc_cpu_ms=0.000 gc_wall_ms=0.000 scheme_bytes=760056 minor_faults=0 voluntary_switches=0 involuntary_switches=0
UTF8-COST jobs=1000 phase=owned sample=20 wall_ms=18.391 cpu_ms=9.043 gc_cpu_ms=0.394 gc_wall_ms=0.392 scheme_bytes=706968 minor_faults=0 voluntary_switches=0 involuntary_switches=54
UTF8-COST-SUMMARY jobs=1000 phase=owned samples=20 wall_ms=14.215 cpu_ms=7.285 gc_cpu_ms=0.081 gc_wall_ms=0.081 scheme_bytes=809756 minor_faults=0 voluntary_switches=0 involuntary_switches=40
UTF8-COST-SUMMARY jobs=1000 phase=length samples=20 wall_ms=0.067 cpu_ms=0.069 gc_cpu_ms=0.000 gc_wall_ms=0.000 scheme_bytes=56056 minor_faults=0 voluntary_switches=0 involuntary_switches=0
UTF8-COST-SUMMARY jobs=1000 phase=allocation samples=20 wall_ms=0.028 cpu_ms=0.029 gc_cpu_ms=0.000 gc_wall_ms=0.000 scheme_bytes=56 minor_faults=0 voluntary_switches=0 involuntary_switches=0
UTF8-COST-SUMMARY jobs=1000 phase=encoding samples=20 wall_ms=17.798 cpu_ms=5.975 gc_cpu_ms=0.221 gc_wall_ms=0.220 scheme_bytes=544028 minor_faults=0 voluntary_switches=0 involuntary_switches=34
UTF8-COST-SUMMARY jobs=1000 phase=validation samples=20 wall_ms=2.224 cpu_ms=1.071 gc_cpu_ms=0.000 gc_wall_ms=0.000 scheme_bytes=56 minor_faults=0 voluntary_switches=0 involuntary_switches=8
UTF8-COST-SUMMARY jobs=1000 phase=entry samples=20 wall_ms=0.405 cpu_ms=0.279 gc_cpu_ms=0.084 gc_wall_ms=0.084 scheme_bytes=685816 minor_faults=0 voluntary_switches=0 involuntary_switches=0
UTF8-COST jobs=10000 phase=owned sample=1 wall_ms=468.708 cpu_ms=72.435 gc_cpu_ms=1.485 gc_wall_ms=7.665 scheme_bytes=7104824 minor_faults=0 voluntary_switches=1 involuntary_switches=388
UTF8-COST jobs=10000 phase=length sample=1 wall_ms=1.084 cpu_ms=0.842 gc_cpu_ms=0.000 gc_wall_ms=0.000 scheme_bytes=560056 minor_faults=34 voluntary_switches=0 involuntary_switches=9
UTF8-COST jobs=10000 phase=allocation sample=1 wall_ms=0.711 cpu_ms=0.714 gc_cpu_ms=0.000 gc_wall_ms=0.000 scheme_bytes=56 minor_faults=0 voluntary_switches=0 involuntary_switches=0
UTF8-COST jobs=10000 phase=encoding sample=1 wall_ms=145.031 cpu_ms=64.447 gc_cpu_ms=1.871 gc_wall_ms=7.682 scheme_bytes=6464816 minor_faults=2 voluntary_switches=1 involuntary_switches=276
UTF8-COST jobs=10000 phase=validation sample=1 wall_ms=82.387 cpu_ms=11.207 gc_cpu_ms=0.000 gc_wall_ms=0.000 scheme_bytes=56 minor_faults=0 voluntary_switches=2 involuntary_switches=14
UTF8-COST jobs=10000 phase=entry sample=1 wall_ms=1.706 cpu_ms=1.707 gc_cpu_ms=0.702 gc_wall_ms=0.702 scheme_bytes=6941072 minor_faults=0 voluntary_switches=0 involuntary_switches=0
UTF8-COST jobs=10000 phase=length sample=2 wall_ms=0.657 cpu_ms=0.659 gc_cpu_ms=0.000 gc_wall_ms=0.000 scheme_bytes=560056 minor_faults=0 voluntary_switches=0 involuntary_switches=0
UTF8-COST jobs=10000 phase=allocation sample=2 wall_ms=0.268 cpu_ms=0.270 gc_cpu_ms=0.000 gc_wall_ms=0.000 scheme_bytes=56 minor_faults=0 voluntary_switches=0 involuntary_switches=0
UTF8-COST jobs=10000 phase=encoding sample=2 wall_ms=481.786 cpu_ms=59.742 gc_cpu_ms=1.427 gc_wall_ms=9.560 scheme_bytes=6530304 minor_faults=0 voluntary_switches=3 involuntary_switches=220
UTF8-COST jobs=10000 phase=validation sample=2 wall_ms=38.659 cpu_ms=15.172 gc_cpu_ms=0.000 gc_wall_ms=0.000 scheme_bytes=56 minor_faults=0 voluntary_switches=1 involuntary_switches=120
UTF8-COST jobs=10000 phase=entry sample=2 wall_ms=1.597 cpu_ms=1.599 gc_cpu_ms=0.592 gc_wall_ms=0.591 scheme_bytes=7081272 minor_faults=0 voluntary_switches=0 involuntary_switches=0
UTF8-COST jobs=10000 phase=owned sample=2 wall_ms=130.341 cpu_ms=70.053 gc_cpu_ms=1.518 gc_wall_ms=2.489 scheme_bytes=7244496 minor_faults=0 voluntary_switches=0 involuntary_switches=485
UTF8-COST jobs=10000 phase=allocation sample=3 wall_ms=0.729 cpu_ms=0.653 gc_cpu_ms=0.000 gc_wall_ms=0.000 scheme_bytes=56 minor_faults=0 voluntary_switches=0 involuntary_switches=3
UTF8-COST jobs=10000 phase=encoding sample=3 wall_ms=224.256 cpu_ms=65.738 gc_cpu_ms=1.315 gc_wall_ms=1.833 scheme_bytes=6959072 minor_faults=0 voluntary_switches=5 involuntary_switches=313
UTF8-COST jobs=10000 phase=validation sample=3 wall_ms=34.962 cpu_ms=14.596 gc_cpu_ms=0.000 gc_wall_ms=0.000 scheme_bytes=56 minor_faults=0 voluntary_switches=0 involuntary_switches=56
UTF8-COST jobs=10000 phase=entry sample=3 wall_ms=3.996 cpu_ms=3.240 gc_cpu_ms=1.310 gc_wall_ms=1.796 scheme_bytes=6916240 minor_faults=0 voluntary_switches=0 involuntary_switches=10
UTF8-COST jobs=10000 phase=owned sample=3 wall_ms=151.315 cpu_ms=73.658 gc_cpu_ms=1.656 gc_wall_ms=2.344 scheme_bytes=7162368 minor_faults=0 voluntary_switches=2 involuntary_switches=236
UTF8-COST jobs=10000 phase=length sample=3 wall_ms=1.643 cpu_ms=1.000 gc_cpu_ms=0.000 gc_wall_ms=0.000 scheme_bytes=560056 minor_faults=0 voluntary_switches=0 involuntary_switches=2
UTF8-COST jobs=10000 phase=encoding sample=4 wall_ms=331.644 cpu_ms=61.808 gc_cpu_ms=1.322 gc_wall_ms=1.777 scheme_bytes=6464832 minor_faults=0 voluntary_switches=1 involuntary_switches=525
UTF8-COST jobs=10000 phase=validation sample=4 wall_ms=257.289 cpu_ms=12.960 gc_cpu_ms=0.000 gc_wall_ms=0.000 scheme_bytes=56 minor_faults=0 voluntary_switches=0 involuntary_switches=74
UTF8-COST jobs=10000 phase=entry sample=4 wall_ms=1.734 cpu_ms=1.737 gc_cpu_ms=0.728 gc_wall_ms=0.728 scheme_bytes=6941080 minor_faults=0 voluntary_switches=0 involuntary_switches=0
UTF8-COST jobs=10000 phase=owned sample=4 wall_ms=757.297 cpu_ms=73.527 gc_cpu_ms=1.341 gc_wall_ms=1.402 scheme_bytes=7121360 minor_faults=0 voluntary_switches=2 involuntary_switches=422
UTF8-COST jobs=10000 phase=length sample=4 wall_ms=0.718 cpu_ms=0.694 gc_cpu_ms=0.000 gc_wall_ms=0.000 scheme_bytes=560056 minor_faults=0 voluntary_switches=0 involuntary_switches=1
UTF8-COST jobs=10000 phase=allocation sample=4 wall_ms=0.268 cpu_ms=0.269 gc_cpu_ms=0.000 gc_wall_ms=0.000 scheme_bytes=56 minor_faults=0 voluntary_switches=0 involuntary_switches=0
UTF8-COST jobs=10000 phase=validation sample=5 wall_ms=347.490 cpu_ms=13.342 gc_cpu_ms=0.000 gc_wall_ms=0.000 scheme_bytes=56 minor_faults=0 voluntary_switches=0 involuntary_switches=40
UTF8-COST jobs=10000 phase=entry sample=5 wall_ms=4.000 cpu_ms=3.037 gc_cpu_ms=1.172 gc_wall_ms=1.836 scheme_bytes=6513480 minor_faults=0 voluntary_switches=0 involuntary_switches=6
UTF8-COST jobs=10000 phase=owned sample=5 wall_ms=193.658 cpu_ms=73.243 gc_cpu_ms=1.964 gc_wall_ms=4.218 scheme_bytes=7006112 minor_faults=0 voluntary_switches=1 involuntary_switches=544
UTF8-COST jobs=10000 phase=length sample=5 wall_ms=1.970 cpu_ms=0.748 gc_cpu_ms=0.000 gc_wall_ms=0.000 scheme_bytes=560056 minor_faults=0 voluntary_switches=0 involuntary_switches=17
UTF8-COST jobs=10000 phase=allocation sample=5 wall_ms=0.268 cpu_ms=0.269 gc_cpu_ms=0.000 gc_wall_ms=0.000 scheme_bytes=56 minor_faults=0 voluntary_switches=0 involuntary_switches=0
UTF8-COST jobs=10000 phase=encoding sample=5 wall_ms=145.764 cpu_ms=64.560 gc_cpu_ms=1.740 gc_wall_ms=1.783 scheme_bytes=6497368 minor_faults=0 voluntary_switches=2 involuntary_switches=334
UTF8-COST jobs=10000 phase=entry sample=6 wall_ms=4.406 cpu_ms=3.594 gc_cpu_ms=1.225 gc_wall_ms=1.219 scheme_bytes=7081232 minor_faults=0 voluntary_switches=0 involuntary_switches=12
UTF8-COST jobs=10000 phase=owned sample=6 wall_ms=458.629 cpu_ms=75.944 gc_cpu_ms=1.378 gc_wall_ms=7.355 scheme_bytes=7252680 minor_faults=0 voluntary_switches=2 involuntary_switches=361
UTF8-COST jobs=10000 phase=length sample=6 wall_ms=5.183 cpu_ms=1.543 gc_cpu_ms=0.536 gc_wall_ms=3.484 scheme_bytes=107640 minor_faults=0 voluntary_switches=0 involuntary_switches=9
UTF8-COST jobs=10000 phase=allocation sample=6 wall_ms=0.269 cpu_ms=0.270 gc_cpu_ms=0.000 gc_wall_ms=0.000 scheme_bytes=56 minor_faults=0 voluntary_switches=0 involuntary_switches=0
UTF8-COST jobs=10000 phase=encoding sample=6 wall_ms=429.926 cpu_ms=64.442 gc_cpu_ms=1.454 gc_wall_ms=9.815 scheme_bytes=6694864 minor_faults=0 voluntary_switches=4 involuntary_switches=223
UTF8-COST jobs=10000 phase=validation sample=6 wall_ms=23.041 cpu_ms=13.188 gc_cpu_ms=0.000 gc_wall_ms=0.000 scheme_bytes=56 minor_faults=0 voluntary_switches=0 involuntary_switches=73
UTF8-COST jobs=10000 phase=owned sample=7 wall_ms=429.945 cpu_ms=70.234 gc_cpu_ms=1.363 gc_wall_ms=5.076 scheme_bytes=7113056 minor_faults=0 voluntary_switches=0 involuntary_switches=309
UTF8-COST jobs=10000 phase=length sample=7 wall_ms=0.664 cpu_ms=0.665 gc_cpu_ms=0.000 gc_wall_ms=0.000 scheme_bytes=560056 minor_faults=0 voluntary_switches=0 involuntary_switches=0
UTF8-COST jobs=10000 phase=allocation sample=7 wall_ms=0.268 cpu_ms=0.269 gc_cpu_ms=0.000 gc_wall_ms=0.000 scheme_bytes=56 minor_faults=0 voluntary_switches=0 involuntary_switches=0
UTF8-COST jobs=10000 phase=encoding sample=7 wall_ms=182.816 cpu_ms=61.201 gc_cpu_ms=1.785 gc_wall_ms=2.151 scheme_bytes=6489248 minor_faults=0 voluntary_switches=0 involuntary_switches=172
UTF8-COST jobs=10000 phase=validation sample=7 wall_ms=39.434 cpu_ms=12.715 gc_cpu_ms=0.000 gc_wall_ms=0.000 scheme_bytes=56 minor_faults=0 voluntary_switches=0 involuntary_switches=32
UTF8-COST jobs=10000 phase=entry sample=7 wall_ms=2.320 cpu_ms=2.038 gc_cpu_ms=0.782 gc_wall_ms=1.029 scheme_bytes=7072928 minor_faults=0 voluntary_switches=0 involuntary_switches=10
UTF8-COST jobs=10000 phase=length sample=8 wall_ms=3.174 cpu_ms=1.212 gc_cpu_ms=0.277 gc_wall_ms=1.260 scheme_bytes=107272 minor_faults=0 voluntary_switches=0 involuntary_switches=15
UTF8-COST jobs=10000 phase=allocation sample=8 wall_ms=0.268 cpu_ms=0.270 gc_cpu_ms=0.000 gc_wall_ms=0.000 scheme_bytes=56 minor_faults=0 voluntary_switches=0 involuntary_switches=0
UTF8-COST jobs=10000 phase=encoding sample=8 wall_ms=132.408 cpu_ms=64.029 gc_cpu_ms=1.604 gc_wall_ms=1.917 scheme_bytes=6875904 minor_faults=0 voluntary_switches=0 involuntary_switches=334
UTF8-COST jobs=10000 phase=validation sample=8 wall_ms=43.479 cpu_ms=15.857 gc_cpu_ms=0.000 gc_wall_ms=0.000 scheme_bytes=56 minor_faults=0 voluntary_switches=0 involuntary_switches=95
UTF8-COST jobs=10000 phase=entry sample=8 wall_ms=5.253 cpu_ms=2.447 gc_cpu_ms=0.978 gc_wall_ms=3.737 scheme_bytes=7106064 minor_faults=0 voluntary_switches=0 involuntary_switches=2
UTF8-COST jobs=10000 phase=owned sample=8 wall_ms=304.336 cpu_ms=72.909 gc_cpu_ms=1.555 gc_wall_ms=18.294 scheme_bytes=7203424 minor_faults=0 voluntary_switches=1 involuntary_switches=678
UTF8-COST jobs=10000 phase=allocation sample=9 wall_ms=0.824 cpu_ms=0.781 gc_cpu_ms=0.000 gc_wall_ms=0.000 scheme_bytes=56 minor_faults=0 voluntary_switches=0 involuntary_switches=3
UTF8-COST jobs=10000 phase=encoding sample=9 wall_ms=794.692 cpu_ms=63.445 gc_cpu_ms=1.260 gc_wall_ms=4.597 scheme_bytes=6975304 minor_faults=0 voluntary_switches=1 involuntary_switches=335
UTF8-COST jobs=10000 phase=validation sample=9 wall_ms=113.346 cpu_ms=13.994 gc_cpu_ms=0.000 gc_wall_ms=0.000 scheme_bytes=56 minor_faults=0 voluntary_switches=0 involuntary_switches=115
UTF8-COST jobs=10000 phase=entry sample=9 wall_ms=3.399 cpu_ms=1.823 gc_cpu_ms=0.736 gc_wall_ms=0.777 scheme_bytes=6941096 minor_faults=0 voluntary_switches=0 involuntary_switches=12
UTF8-COST jobs=10000 phase=owned sample=9 wall_ms=221.371 cpu_ms=65.407 gc_cpu_ms=1.176 gc_wall_ms=1.170 scheme_bytes=7129512 minor_faults=0 voluntary_switches=2 involuntary_switches=144
UTF8-COST jobs=10000 phase=length sample=9 wall_ms=0.659 cpu_ms=0.661 gc_cpu_ms=0.000 gc_wall_ms=0.000 scheme_bytes=560056 minor_faults=0 voluntary_switches=0 involuntary_switches=0
UTF8-COST jobs=10000 phase=encoding sample=10 wall_ms=351.712 cpu_ms=62.636 gc_cpu_ms=1.489 gc_wall_ms=1.870 scheme_bytes=6481064 minor_faults=0 voluntary_switches=1 involuntary_switches=403
UTF8-COST jobs=10000 phase=validation sample=10 wall_ms=27.495 cpu_ms=12.255 gc_cpu_ms=0.000 gc_wall_ms=0.000 scheme_bytes=56 minor_faults=0 voluntary_switches=2 involuntary_switches=58
UTF8-COST jobs=10000 phase=entry sample=10 wall_ms=4.976 cpu_ms=2.946 gc_cpu_ms=1.294 gc_wall_ms=2.010 scheme_bytes=7064680 minor_faults=0 voluntary_switches=0 involuntary_switches=15
UTF8-COST jobs=10000 phase=owned sample=10 wall_ms=466.253 cpu_ms=71.689 gc_cpu_ms=1.775 gc_wall_ms=43.754 scheme_bytes=6981448 minor_faults=0 voluntary_switches=5 involuntary_switches=268
UTF8-COST jobs=10000 phase=length sample=10 wall_ms=3.730 cpu_ms=0.738 gc_cpu_ms=0.000 gc_wall_ms=0.000 scheme_bytes=560056 minor_faults=0 voluntary_switches=0 involuntary_switches=5
UTF8-COST jobs=10000 phase=allocation sample=10 wall_ms=0.271 cpu_ms=0.273 gc_cpu_ms=0.000 gc_wall_ms=0.000 scheme_bytes=56 minor_faults=0 voluntary_switches=0 involuntary_switches=0
UTF8-COST jobs=10000 phase=validation sample=11 wall_ms=12.963 cpu_ms=11.551 gc_cpu_ms=0.000 gc_wall_ms=0.000 scheme_bytes=56 minor_faults=0 voluntary_switches=1 involuntary_switches=20
UTF8-COST jobs=10000 phase=entry sample=11 wall_ms=6.706 cpu_ms=3.262 gc_cpu_ms=1.448 gc_wall_ms=3.372 scheme_bytes=6554552 minor_faults=0 voluntary_switches=0 involuntary_switches=25
UTF8-COST jobs=10000 phase=owned sample=11 wall_ms=956.621 cpu_ms=70.667 gc_cpu_ms=1.391 gc_wall_ms=13.398 scheme_bytes=7260920 minor_faults=0 voluntary_switches=1 involuntary_switches=222
UTF8-COST jobs=10000 phase=length sample=11 wall_ms=16.077 cpu_ms=1.009 gc_cpu_ms=0.256 gc_wall_ms=0.859 scheme_bytes=107648 minor_faults=0 voluntary_switches=0 involuntary_switches=9
UTF8-COST jobs=10000 phase=allocation sample=11 wall_ms=0.714 cpu_ms=0.523 gc_cpu_ms=0.000 gc_wall_ms=0.000 scheme_bytes=56 minor_faults=0 voluntary_switches=0 involuntary_switches=2
UTF8-COST jobs=10000 phase=encoding sample=11 wall_ms=199.377 cpu_ms=60.138 gc_cpu_ms=1.362 gc_wall_ms=2.371 scheme_bytes=6678376 minor_faults=0 voluntary_switches=2 involuntary_switches=378
UTF8-COST jobs=10000 phase=entry sample=12 wall_ms=2.194 cpu_ms=1.582 gc_cpu_ms=0.522 gc_wall_ms=0.520 scheme_bytes=7097864 minor_faults=0 voluntary_switches=0 involuntary_switches=1
UTF8-COST jobs=10000 phase=owned sample=12 wall_ms=424.504 cpu_ms=75.832 gc_cpu_ms=1.589 gc_wall_ms=4.770 scheme_bytes=7219872 minor_faults=0 voluntary_switches=2 involuntary_switches=545
UTF8-COST jobs=10000 phase=length sample=12 wall_ms=1.516 cpu_ms=1.053 gc_cpu_ms=0.000 gc_wall_ms=0.000 scheme_bytes=560056 minor_faults=2 voluntary_switches=0 involuntary_switches=4
UTF8-COST jobs=10000 phase=allocation sample=12 wall_ms=0.268 cpu_ms=0.270 gc_cpu_ms=0.000 gc_wall_ms=0.000 scheme_bytes=56 minor_faults=0 voluntary_switches=0 involuntary_switches=0
UTF8-COST jobs=10000 phase=encoding sample=12 wall_ms=441.488 cpu_ms=60.774 gc_cpu_ms=1.619 gc_wall_ms=19.049 scheme_bytes=6440424 minor_faults=0 voluntary_switches=2 involuntary_switches=218
UTF8-COST jobs=10000 phase=validation sample=12 wall_ms=308.704 cpu_ms=11.854 gc_cpu_ms=0.000 gc_wall_ms=0.000 scheme_bytes=56 minor_faults=0 voluntary_switches=0 involuntary_switches=27
UTF8-COST jobs=10000 phase=owned sample=13 wall_ms=328.542 cpu_ms=72.163 gc_cpu_ms=1.804 gc_wall_ms=1.764 scheme_bytes=7169800 minor_faults=0 voluntary_switches=1 involuntary_switches=244
UTF8-COST jobs=10000 phase=length sample=13 wall_ms=7.357 cpu_ms=1.029 gc_cpu_ms=0.252 gc_wall_ms=0.252 scheme_bytes=107656 minor_faults=0 voluntary_switches=0 involuntary_switches=17
UTF8-COST jobs=10000 phase=allocation sample=13 wall_ms=0.268 cpu_ms=0.269 gc_cpu_ms=0.000 gc_wall_ms=0.000 scheme_bytes=56 minor_faults=0 voluntary_switches=0 involuntary_switches=0
UTF8-COST jobs=10000 phase=encoding sample=13 wall_ms=309.633 cpu_ms=62.060 gc_cpu_ms=1.511 gc_wall_ms=10.159 scheme_bytes=6678360 minor_faults=0 voluntary_switches=1 involuntary_switches=257
UTF8-COST jobs=10000 phase=validation sample=13 wall_ms=24.404 cpu_ms=11.902 gc_cpu_ms=0.000 gc_wall_ms=0.000 scheme_bytes=56 minor_faults=0 voluntary_switches=0 involuntary_switches=35
UTF8-COST jobs=10000 phase=entry sample=13 wall_ms=3.491 cpu_ms=1.875 gc_cpu_ms=0.728 gc_wall_ms=1.075 scheme_bytes=7097840 minor_faults=0 voluntary_switches=0 involuntary_switches=17
UTF8-COST jobs=10000 phase=length sample=14 wall_ms=5.074 cpu_ms=0.754 gc_cpu_ms=0.000 gc_wall_ms=0.000 scheme_bytes=560056 minor_faults=0 voluntary_switches=0 involuntary_switches=4
UTF8-COST jobs=10000 phase=allocation sample=14 wall_ms=0.682 cpu_ms=0.685 gc_cpu_ms=0.000 gc_wall_ms=0.000 scheme_bytes=56 minor_faults=0 voluntary_switches=0 involuntary_switches=1
UTF8-COST jobs=10000 phase=encoding sample=14 wall_ms=245.563 cpu_ms=61.283 gc_cpu_ms=1.561 gc_wall_ms=2.511 scheme_bytes=6588216 minor_faults=0 voluntary_switches=2 involuntary_switches=301
UTF8-COST jobs=10000 phase=validation sample=14 wall_ms=52.964 cpu_ms=13.042 gc_cpu_ms=0.000 gc_wall_ms=0.000 scheme_bytes=56 minor_faults=0 voluntary_switches=1 involuntary_switches=172
UTF8-COST jobs=10000 phase=entry sample=14 wall_ms=8.697 cpu_ms=1.859 gc_cpu_ms=0.825 gc_wall_ms=6.303 scheme_bytes=6924552 minor_faults=0 voluntary_switches=0 involuntary_switches=11
UTF8-COST jobs=10000 phase=owned sample=14 wall_ms=144.485 cpu_ms=71.779 gc_cpu_ms=2.299 gc_wall_ms=2.401 scheme_bytes=7154152 minor_faults=0 voluntary_switches=2 involuntary_switches=463
UTF8-COST jobs=10000 phase=allocation sample=15 wall_ms=0.395 cpu_ms=0.285 gc_cpu_ms=0.000 gc_wall_ms=0.000 scheme_bytes=56 minor_faults=0 voluntary_switches=0 involuntary_switches=3
UTF8-COST jobs=10000 phase=encoding sample=15 wall_ms=748.885 cpu_ms=66.018 gc_cpu_ms=1.846 gc_wall_ms=7.998 scheme_bytes=6999680 minor_faults=0 voluntary_switches=2 involuntary_switches=299
UTF8-COST jobs=10000 phase=validation sample=15 wall_ms=17.688 cpu_ms=10.243 gc_cpu_ms=0.000 gc_wall_ms=0.000 scheme_bytes=56 minor_faults=0 voluntary_switches=1 involuntary_switches=25
UTF8-COST jobs=10000 phase=entry sample=15 wall_ms=1.703 cpu_ms=1.681 gc_cpu_ms=0.606 gc_wall_ms=0.603 scheme_bytes=7072928 minor_faults=0 voluntary_switches=0 involuntary_switches=1
UTF8-COST jobs=10000 phase=owned sample=15 wall_ms=122.506 cpu_ms=71.286 gc_cpu_ms=1.662 gc_wall_ms=1.692 scheme_bytes=6973256 minor_faults=0 voluntary_switches=1 involuntary_switches=121
UTF8-COST jobs=10000 phase=length sample=15 wall_ms=0.669 cpu_ms=0.672 gc_cpu_ms=0.000 gc_wall_ms=0.000 scheme_bytes=560056 minor_faults=0 voluntary_switches=0 involuntary_switches=0
UTF8-COST jobs=10000 phase=encoding sample=16 wall_ms=396.275 cpu_ms=62.098 gc_cpu_ms=1.813 gc_wall_ms=19.052 scheme_bytes=6513600 minor_faults=0 voluntary_switches=0 involuntary_switches=82
UTF8-COST jobs=10000 phase=validation sample=16 wall_ms=15.426 cpu_ms=11.790 gc_cpu_ms=0.000 gc_wall_ms=0.000 scheme_bytes=56 minor_faults=0 voluntary_switches=0 involuntary_switches=10
UTF8-COST jobs=10000 phase=entry sample=16 wall_ms=1.604 cpu_ms=1.604 gc_cpu_ms=0.599 gc_wall_ms=0.599 scheme_bytes=7097776 minor_faults=0 voluntary_switches=0 involuntary_switches=0
UTF8-COST jobs=10000 phase=owned sample=16 wall_ms=348.824 cpu_ms=76.435 gc_cpu_ms=1.712 gc_wall_ms=31.953 scheme_bytes=7219864 minor_faults=0 voluntary_switches=2 involuntary_switches=350
UTF8-COST jobs=10000 phase=length sample=16 wall_ms=0.999 cpu_ms=0.671 gc_cpu_ms=0.000 gc_wall_ms=0.000 scheme_bytes=560056 minor_faults=0 voluntary_switches=0 involuntary_switches=1
UTF8-COST jobs=10000 phase=allocation sample=16 wall_ms=0.269 cpu_ms=0.270 gc_cpu_ms=0.000 gc_wall_ms=0.000 scheme_bytes=56 minor_faults=0 voluntary_switches=0 involuntary_switches=0
UTF8-COST jobs=10000 phase=validation sample=17 wall_ms=71.700 cpu_ms=12.263 gc_cpu_ms=0.000 gc_wall_ms=0.000 scheme_bytes=56 minor_faults=0 voluntary_switches=0 involuntary_switches=44
UTF8-COST jobs=10000 phase=entry sample=17 wall_ms=42.723 cpu_ms=2.764 gc_cpu_ms=1.267 gc_wall_ms=40.655 scheme_bytes=6307920 minor_faults=0 voluntary_switches=0 involuntary_switches=25
UTF8-COST jobs=10000 phase=owned sample=17 wall_ms=709.843 cpu_ms=70.748 gc_cpu_ms=1.231 gc_wall_ms=1.319 scheme_bytes=7195232 minor_faults=0 voluntary_switches=5 involuntary_switches=386
UTF8-COST jobs=10000 phase=length sample=17 wall_ms=0.841 cpu_ms=0.711 gc_cpu_ms=0.000 gc_wall_ms=0.000 scheme_bytes=560056 minor_faults=0 voluntary_switches=0 involuntary_switches=4
UTF8-COST jobs=10000 phase=allocation sample=17 wall_ms=0.310 cpu_ms=0.276 gc_cpu_ms=0.000 gc_wall_ms=0.000 scheme_bytes=56 minor_faults=0 voluntary_switches=0 involuntary_switches=1
UTF8-COST jobs=10000 phase=encoding sample=17 wall_ms=309.196 cpu_ms=64.892 gc_cpu_ms=1.588 gc_wall_ms=1.978 scheme_bytes=6456768 minor_faults=0 voluntary_switches=1 involuntary_switches=317
UTF8-COST jobs=10000 phase=entry sample=18 wall_ms=7.222 cpu_ms=3.536 gc_cpu_ms=1.453 gc_wall_ms=2.473 scheme_bytes=6932808 minor_faults=0 voluntary_switches=0 involuntary_switches=4
UTF8-COST jobs=10000 phase=owned sample=18 wall_ms=177.060 cpu_ms=70.146 gc_cpu_ms=1.392 gc_wall_ms=1.616 scheme_bytes=7145936 minor_faults=0 voluntary_switches=2 involuntary_switches=260
UTF8-COST jobs=10000 phase=length sample=18 wall_ms=0.901 cpu_ms=0.696 gc_cpu_ms=0.000 gc_wall_ms=0.000 scheme_bytes=560056 minor_faults=0 voluntary_switches=0 involuntary_switches=3
UTF8-COST jobs=10000 phase=allocation sample=18 wall_ms=2.770 cpu_ms=0.285 gc_cpu_ms=0.000 gc_wall_ms=0.000 scheme_bytes=56 minor_faults=0 voluntary_switches=0 involuntary_switches=3
UTF8-COST jobs=10000 phase=encoding sample=18 wall_ms=339.349 cpu_ms=63.880 gc_cpu_ms=1.878 gc_wall_ms=63.776 scheme_bytes=6472896 minor_faults=0 voluntary_switches=1 involuntary_switches=478
UTF8-COST jobs=10000 phase=validation sample=18 wall_ms=23.622 cpu_ms=10.064 gc_cpu_ms=0.000 gc_wall_ms=0.000 scheme_bytes=56 minor_faults=0 voluntary_switches=1 involuntary_switches=48
UTF8-COST jobs=10000 phase=owned sample=19 wall_ms=700.584 cpu_ms=76.345 gc_cpu_ms=1.797 gc_wall_ms=12.390 scheme_bytes=7137264 minor_faults=0 voluntary_switches=7 involuntary_switches=384
UTF8-COST jobs=10000 phase=length sample=19 wall_ms=0.660 cpu_ms=0.661 gc_cpu_ms=0.000 gc_wall_ms=0.000 scheme_bytes=560056 minor_faults=0 voluntary_switches=0 involuntary_switches=0
UTF8-COST jobs=10000 phase=allocation sample=19 wall_ms=0.271 cpu_ms=0.272 gc_cpu_ms=0.000 gc_wall_ms=0.000 scheme_bytes=56 minor_faults=0 voluntary_switches=0 involuntary_switches=0
UTF8-COST jobs=10000 phase=encoding sample=19 wall_ms=302.984 cpu_ms=62.950 gc_cpu_ms=1.512 gc_wall_ms=1.507 scheme_bytes=6456752 minor_faults=0 voluntary_switches=3 involuntary_switches=81
UTF8-COST jobs=10000 phase=validation sample=19 wall_ms=41.499 cpu_ms=9.766 gc_cpu_ms=0.000 gc_wall_ms=0.000 scheme_bytes=56 minor_faults=0 voluntary_switches=1 involuntary_switches=10
UTF8-COST jobs=10000 phase=entry sample=19 wall_ms=24.225 cpu_ms=2.108 gc_cpu_ms=0.886 gc_wall_ms=22.488 scheme_bytes=6932816 minor_faults=0 voluntary_switches=0 involuntary_switches=9
UTF8-COST jobs=10000 phase=length sample=20 wall_ms=2.135 cpu_ms=0.839 gc_cpu_ms=0.000 gc_wall_ms=0.000 scheme_bytes=560056 minor_faults=0 voluntary_switches=0 involuntary_switches=1
UTF8-COST jobs=10000 phase=allocation sample=20 wall_ms=0.267 cpu_ms=0.269 gc_cpu_ms=0.000 gc_wall_ms=0.000 scheme_bytes=56 minor_faults=0 voluntary_switches=0 involuntary_switches=0
UTF8-COST jobs=10000 phase=encoding sample=20 wall_ms=437.841 cpu_ms=64.024 gc_cpu_ms=1.639 gc_wall_ms=5.335 scheme_bytes=6538576 minor_faults=0 voluntary_switches=0 involuntary_switches=445
UTF8-COST jobs=10000 phase=validation sample=20 wall_ms=31.826 cpu_ms=13.350 gc_cpu_ms=0.000 gc_wall_ms=0.000 scheme_bytes=56 minor_faults=0 voluntary_switches=0 involuntary_switches=82
UTF8-COST jobs=10000 phase=entry sample=20 wall_ms=50.827 cpu_ms=1.952 gc_cpu_ms=0.693 gc_wall_ms=3.609 scheme_bytes=7072928 minor_faults=0 voluntary_switches=0 involuntary_switches=5
UTF8-COST jobs=10000 phase=owned sample=20 wall_ms=197.815 cpu_ms=70.515 gc_cpu_ms=1.488 gc_wall_ms=2.623 scheme_bytes=7260936 minor_faults=0 voluntary_switches=1 involuntary_switches=321
UTF8-COST-SUMMARY jobs=10000 phase=owned samples=20 wall_ms=338.683 cpu_ms=71.971 gc_cpu_ms=1.536 gc_wall_ms=3.421 scheme_bytes=7158260 minor_faults=0 voluntary_switches=2 involuntary_switches=356
UTF8-COST-SUMMARY jobs=10000 phase=length samples=20 wall_ms=1.300 cpu_ms=0.743 gc_cpu_ms=0.000 gc_wall_ms=0.000 scheme_bytes=560056 minor_faults=0 voluntary_switches=0 involuntary_switches=4
UTF8-COST-SUMMARY jobs=10000 phase=allocation samples=20 wall_ms=0.270 cpu_ms=0.271 gc_cpu_ms=0.000 gc_wall_ms=0.000 scheme_bytes=56 minor_faults=0 voluntary_switches=0 involuntary_switches=0
UTF8-COST-SUMMARY jobs=10000 phase=encoding samples=20 wall_ms=320.638 cpu_ms=63.198 gc_cpu_ms=1.574 gc_wall_ms=3.554 scheme_bytes=6521952 minor_faults=0 voluntary_switches=1 involuntary_switches=307
UTF8-COST-SUMMARY jobs=10000 phase=validation samples=20 wall_ms=39.047 cpu_ms=12.489 gc_cpu_ms=0.000 gc_wall_ms=0.000 scheme_bytes=56 minor_faults=0 voluntary_switches=0 involuntary_switches=46
UTF8-COST-SUMMARY jobs=10000 phase=entry samples=20 wall_ms=3.998 cpu_ms=1.995 gc_cpu_ms=0.803 gc_wall_ms=1.508 scheme_bytes=7002888 minor_faults=0 voluntary_switches=0 involuntary_switches=8
UTF8-COST jobs=100000 phase=owned sample=1 wall_ms=3586.592 cpu_ms=723.057 gc_cpu_ms=16.547 gc_wall_ms=35.435 scheme_bytes=70455912 minor_faults=0 voluntary_switches=25 involuntary_switches=3275
UTF8-COST jobs=100000 phase=length sample=1 wall_ms=21.951 cpu_ms=10.546 gc_cpu_ms=1.805 gc_wall_ms=2.673 scheme_bytes=1080880 minor_faults=70 voluntary_switches=0 involuntary_switches=43
UTF8-COST jobs=100000 phase=allocation sample=1 wall_ms=70.148 cpu_ms=4.051 gc_cpu_ms=0.000 gc_wall_ms=0.000 scheme_bytes=56 minor_faults=0 voluntary_switches=0 involuntary_switches=2
UTF8-COST jobs=100000 phase=encoding sample=1 wall_ms=1301.130 cpu_ms=651.209 gc_cpu_ms=14.273 gc_wall_ms=47.015 scheme_bytes=69267808 minor_faults=0 voluntary_switches=15 involuntary_switches=2692
UTF8-COST jobs=100000 phase=validation sample=1 wall_ms=906.796 cpu_ms=125.916 gc_cpu_ms=0.000 gc_wall_ms=0.000 scheme_bytes=56 minor_faults=0 voluntary_switches=9 involuntary_switches=408
UTF8-COST jobs=100000 phase=entry sample=1 wall_ms=130.505 cpu_ms=27.590 gc_cpu_ms=10.702 gc_wall_ms=31.518 scheme_bytes=70558608 minor_faults=0 voluntary_switches=1 involuntary_switches=261
UTF8-COST jobs=100000 phase=length sample=2 wall_ms=24.142 cpu_ms=9.661 gc_cpu_ms=1.422 gc_wall_ms=3.048 scheme_bytes=1080552 minor_faults=0 voluntary_switches=0 involuntary_switches=29
UTF8-COST jobs=100000 phase=allocation sample=2 wall_ms=8.941 cpu_ms=4.967 gc_cpu_ms=0.000 gc_wall_ms=0.000 scheme_bytes=56 minor_faults=0 voluntary_switches=0 involuntary_switches=24
UTF8-COST jobs=100000 phase=encoding sample=2 wall_ms=3748.311 cpu_ms=622.750 gc_cpu_ms=14.155 gc_wall_ms=200.562 scheme_bytes=69490120 minor_faults=0 voluntary_switches=17 involuntary_switches=2978
UTF8-COST jobs=100000 phase=validation sample=2 wall_ms=737.504 cpu_ms=124.191 gc_cpu_ms=0.000 gc_wall_ms=0.000 scheme_bytes=56 minor_faults=0 voluntary_switches=3 involuntary_switches=540
UTF8-COST jobs=100000 phase=entry sample=2 wall_ms=136.759 cpu_ms=22.550 gc_cpu_ms=8.451 gc_wall_ms=98.879 scheme_bytes=70558608 minor_faults=0 voluntary_switches=0 involuntary_switches=103
UTF8-COST jobs=100000 phase=owned sample=2 wall_ms=5993.835 cpu_ms=713.871 gc_cpu_ms=16.159 gc_wall_ms=162.777 scheme_bytes=70513536 minor_faults=0 voluntary_switches=13 involuntary_switches=2437
UTF8-COST jobs=100000 phase=allocation sample=3 wall_ms=3.020 cpu_ms=2.699 gc_cpu_ms=0.000 gc_wall_ms=0.000 scheme_bytes=56 minor_faults=0 voluntary_switches=0 involuntary_switches=2
UTF8-COST jobs=100000 phase=encoding sample=3 wall_ms=3723.061 cpu_ms=634.338 gc_cpu_ms=15.018 gc_wall_ms=50.658 scheme_bytes=70741904 minor_faults=0 voluntary_switches=4 involuntary_switches=2866
UTF8-COST jobs=100000 phase=validation sample=3 wall_ms=376.404 cpu_ms=120.274 gc_cpu_ms=0.000 gc_wall_ms=0.000 scheme_bytes=56 minor_faults=0 voluntary_switches=2 involuntary_switches=427
UTF8-COST jobs=100000 phase=entry sample=3 wall_ms=112.595 cpu_ms=19.569 gc_cpu_ms=7.738 gc_wall_ms=32.277 scheme_bytes=70360472 minor_faults=0 voluntary_switches=2 involuntary_switches=63
UTF8-COST jobs=100000 phase=owned sample=3 wall_ms=3890.572 cpu_ms=728.592 gc_cpu_ms=17.217 gc_wall_ms=78.235 scheme_bytes=70497144 minor_faults=0 voluntary_switches=11 involuntary_switches=2915
UTF8-COST jobs=100000 phase=length sample=3 wall_ms=19.092 cpu_ms=9.417 gc_cpu_ms=1.805 gc_wall_ms=7.030 scheme_bytes=1080480 minor_faults=0 voluntary_switches=0 involuntary_switches=9
UTF8-COST jobs=100000 phase=encoding sample=4 wall_ms=2590.148 cpu_ms=596.380 gc_cpu_ms=15.495 gc_wall_ms=79.585 scheme_bytes=69506584 minor_faults=0 voluntary_switches=6 involuntary_switches=2164
UTF8-COST jobs=100000 phase=validation sample=4 wall_ms=726.230 cpu_ms=129.367 gc_cpu_ms=0.000 gc_wall_ms=0.000 scheme_bytes=56 minor_faults=0 voluntary_switches=2 involuntary_switches=854
UTF8-COST jobs=100000 phase=entry sample=4 wall_ms=45.239 cpu_ms=23.223 gc_cpu_ms=8.826 gc_wall_ms=12.923 scheme_bytes=70558624 minor_faults=0 voluntary_switches=0 involuntary_switches=157
UTF8-COST jobs=100000 phase=owned sample=4 wall_ms=3754.428 cpu_ms=734.504 gc_cpu_ms=18.787 gc_wall_ms=166.765 scheme_bytes=70513536 minor_faults=0 voluntary_switches=7 involuntary_switches=3579
UTF8-COST jobs=100000 phase=length sample=4 wall_ms=41.017 cpu_ms=8.932 gc_cpu_ms=1.792 gc_wall_ms=16.077 scheme_bytes=1080512 minor_faults=0 voluntary_switches=0 involuntary_switches=26
UTF8-COST jobs=100000 phase=allocation sample=4 wall_ms=27.279 cpu_ms=4.000 gc_cpu_ms=0.000 gc_wall_ms=0.000 scheme_bytes=56 minor_faults=0 voluntary_switches=0 involuntary_switches=22
UTF8-COST jobs=100000 phase=validation sample=5 wall_ms=663.279 cpu_ms=134.689 gc_cpu_ms=0.000 gc_wall_ms=0.000 scheme_bytes=56 minor_faults=0 voluntary_switches=7 involuntary_switches=750
UTF8-COST jobs=100000 phase=entry sample=5 wall_ms=155.297 cpu_ms=19.836 gc_cpu_ms=7.577 gc_wall_ms=12.016 scheme_bytes=69504936 minor_faults=0 voluntary_switches=0 involuntary_switches=36
UTF8-COST jobs=100000 phase=owned sample=5 wall_ms=4350.467 cpu_ms=742.263 gc_cpu_ms=17.122 gc_wall_ms=86.206 scheme_bytes=70546400 minor_faults=0 voluntary_switches=20 involuntary_switches=3713
UTF8-COST jobs=100000 phase=length sample=5 wall_ms=176.316 cpu_ms=9.611 gc_cpu_ms=1.773 gc_wall_ms=12.435 scheme_bytes=1080608 minor_faults=0 voluntary_switches=1 involuntary_switches=33
UTF8-COST jobs=100000 phase=allocation sample=5 wall_ms=23.300 cpu_ms=3.400 gc_cpu_ms=0.000 gc_wall_ms=0.000 scheme_bytes=56 minor_faults=0 voluntary_switches=1 involuntary_switches=13
UTF8-COST jobs=100000 phase=encoding sample=5 wall_ms=3329.042 cpu_ms=624.701 gc_cpu_ms=16.349 gc_wall_ms=71.009 scheme_bytes=69424272 minor_faults=0 voluntary_switches=18 involuntary_switches=2439
UTF8-COST jobs=100000 phase=entry sample=6 wall_ms=64.904 cpu_ms=21.509 gc_cpu_ms=8.880 gc_wall_ms=35.303 scheme_bytes=70558632 minor_faults=0 voluntary_switches=1 involuntary_switches=110
UTF8-COST jobs=100000 phase=owned sample=6 wall_ms=4334.822 cpu_ms=745.902 gc_cpu_ms=17.865 gc_wall_ms=96.524 scheme_bytes=70513536 minor_faults=0 voluntary_switches=11 involuntary_switches=3993
UTF8-COST jobs=100000 phase=length sample=6 wall_ms=116.947 cpu_ms=9.594 gc_cpu_ms=1.906 gc_wall_ms=6.243 scheme_bytes=1080472 minor_faults=0 voluntary_switches=0 involuntary_switches=30
UTF8-COST jobs=100000 phase=allocation sample=6 wall_ms=14.392 cpu_ms=4.021 gc_cpu_ms=0.000 gc_wall_ms=0.000 scheme_bytes=56 minor_faults=0 voluntary_switches=0 involuntary_switches=41
UTF8-COST jobs=100000 phase=encoding sample=6 wall_ms=4308.551 cpu_ms=633.013 gc_cpu_ms=16.227 gc_wall_ms=46.014 scheme_bytes=69490080 minor_faults=0 voluntary_switches=17 involuntary_switches=3035
UTF8-COST jobs=100000 phase=validation sample=6 wall_ms=1353.630 cpu_ms=126.534 gc_cpu_ms=0.000 gc_wall_ms=0.000 scheme_bytes=56 minor_faults=0 voluntary_switches=8 involuntary_switches=641
UTF8-COST jobs=100000 phase=owned sample=7 wall_ms=6574.454 cpu_ms=746.686 gc_cpu_ms=16.840 gc_wall_ms=199.939 scheme_bytes=70760040 minor_faults=0 voluntary_switches=16 involuntary_switches=4205
UTF8-COST jobs=100000 phase=length sample=7 wall_ms=341.825 cpu_ms=11.728 gc_cpu_ms=2.360 gc_wall_ms=4.437 scheme_bytes=627920 minor_faults=1 voluntary_switches=0 involuntary_switches=37
UTF8-COST jobs=100000 phase=allocation sample=7 wall_ms=51.621 cpu_ms=3.733 gc_cpu_ms=0.000 gc_wall_ms=0.000 scheme_bytes=56 minor_faults=0 voluntary_switches=0 involuntary_switches=96
UTF8-COST jobs=100000 phase=encoding sample=7 wall_ms=3265.374 cpu_ms=619.788 gc_cpu_ms=17.138 gc_wall_ms=131.978 scheme_bytes=69728856 minor_faults=0 voluntary_switches=18 involuntary_switches=2172
UTF8-COST jobs=100000 phase=validation sample=7 wall_ms=892.856 cpu_ms=109.405 gc_cpu_ms=0.000 gc_wall_ms=0.000 scheme_bytes=56 minor_faults=0 voluntary_switches=8 involuntary_switches=482
UTF8-COST jobs=100000 phase=entry sample=7 wall_ms=313.686 cpu_ms=21.668 gc_cpu_ms=8.342 gc_wall_ms=98.061 scheme_bytes=70558608 minor_faults=0 voluntary_switches=0 involuntary_switches=75
UTF8-COST jobs=100000 phase=length sample=8 wall_ms=15.807 cpu_ms=9.036 gc_cpu_ms=1.721 gc_wall_ms=2.091 scheme_bytes=1080552 minor_faults=0 voluntary_switches=0 involuntary_switches=24
UTF8-COST jobs=100000 phase=allocation sample=8 wall_ms=3.333 cpu_ms=2.697 gc_cpu_ms=0.000 gc_wall_ms=0.000 scheme_bytes=56 minor_faults=0 voluntary_switches=0 involuntary_switches=1
UTF8-COST jobs=100000 phase=encoding sample=8 wall_ms=3174.935 cpu_ms=610.140 gc_cpu_ms=15.047 gc_wall_ms=29.732 scheme_bytes=69490120 minor_faults=0 voluntary_switches=16 involuntary_switches=2251
UTF8-COST jobs=100000 phase=validation sample=8 wall_ms=229.573 cpu_ms=122.846 gc_cpu_ms=0.000 gc_wall_ms=0.000 scheme_bytes=56 minor_faults=0 voluntary_switches=4 involuntary_switches=335
UTF8-COST jobs=100000 phase=entry sample=8 wall_ms=367.393 cpu_ms=24.194 gc_cpu_ms=9.696 gc_wall_ms=151.444 scheme_bytes=70558608 minor_faults=0 voluntary_switches=1 involuntary_switches=89
UTF8-COST jobs=100000 phase=owned sample=8 wall_ms=4636.214 cpu_ms=728.556 gc_cpu_ms=18.018 gc_wall_ms=78.110 scheme_bytes=70513536 minor_faults=0 voluntary_switches=20 involuntary_switches=3152
UTF8-COST jobs=100000 phase=allocation sample=9 wall_ms=2.674 cpu_ms=2.676 gc_cpu_ms=0.000 gc_wall_ms=0.000 scheme_bytes=56 minor_faults=0 voluntary_switches=0 involuntary_switches=0
UTF8-COST jobs=100000 phase=encoding sample=9 wall_ms=4833.218 cpu_ms=640.372 gc_cpu_ms=16.044 gc_wall_ms=67.501 scheme_bytes=70741904 minor_faults=0 voluntary_switches=10 involuntary_switches=3964
UTF8-COST jobs=100000 phase=validation sample=9 wall_ms=764.175 cpu_ms=120.847 gc_cpu_ms=0.000 gc_wall_ms=0.000 scheme_bytes=56 minor_faults=0 voluntary_switches=1 involuntary_switches=869
UTF8-COST jobs=100000 phase=entry sample=9 wall_ms=64.636 cpu_ms=26.210 gc_cpu_ms=10.596 gc_wall_ms=28.023 scheme_bytes=70360472 minor_faults=0 voluntary_switches=0 involuntary_switches=236
UTF8-COST jobs=100000 phase=owned sample=9 wall_ms=8014.399 cpu_ms=765.357 gc_cpu_ms=18.349 gc_wall_ms=53.607 scheme_bytes=70497144 minor_faults=0 voluntary_switches=8 involuntary_switches=4631
UTF8-COST jobs=100000 phase=length sample=9 wall_ms=216.296 cpu_ms=12.771 gc_cpu_ms=2.301 gc_wall_ms=78.217 scheme_bytes=1080480 minor_faults=0 voluntary_switches=0 involuntary_switches=73
UTF8-COST jobs=100000 phase=encoding sample=10 wall_ms=3514.262 cpu_ms=603.918 gc_cpu_ms=13.636 gc_wall_ms=21.966 scheme_bytes=69506584 minor_faults=0 voluntary_switches=8 involuntary_switches=3160
UTF8-COST jobs=100000 phase=validation sample=10 wall_ms=1138.206 cpu_ms=126.707 gc_cpu_ms=0.000 gc_wall_ms=0.000 scheme_bytes=56 minor_faults=0 voluntary_switches=3 involuntary_switches=552
UTF8-COST jobs=100000 phase=entry sample=10 wall_ms=272.722 cpu_ms=25.484 gc_cpu_ms=10.373 gc_wall_ms=60.806 scheme_bytes=70558624 minor_faults=0 voluntary_switches=0 involuntary_switches=120
UTF8-COST jobs=100000 phase=owned sample=10 wall_ms=4658.150 cpu_ms=735.012 gc_cpu_ms=16.273 gc_wall_ms=127.451 scheme_bytes=70513536 minor_faults=0 voluntary_switches=2 involuntary_switches=5087
UTF8-COST jobs=100000 phase=length sample=10 wall_ms=35.636 cpu_ms=9.863 gc_cpu_ms=1.834 gc_wall_ms=3.347 scheme_bytes=1080512 minor_faults=0 voluntary_switches=0 involuntary_switches=65
UTF8-COST jobs=100000 phase=allocation sample=10 wall_ms=101.475 cpu_ms=3.665 gc_cpu_ms=0.000 gc_wall_ms=0.000 scheme_bytes=56 minor_faults=0 voluntary_switches=0 involuntary_switches=6
UTF8-COST jobs=100000 phase=validation sample=11 wall_ms=1476.368 cpu_ms=123.238 gc_cpu_ms=0.000 gc_wall_ms=0.000 scheme_bytes=56 minor_faults=0 voluntary_switches=0 involuntary_switches=871
UTF8-COST jobs=100000 phase=entry sample=11 wall_ms=113.901 cpu_ms=22.837 gc_cpu_ms=9.781 gc_wall_ms=28.860 scheme_bytes=69504936 minor_faults=0 voluntary_switches=0 involuntary_switches=354
UTF8-COST jobs=100000 phase=owned sample=11 wall_ms=5624.232 cpu_ms=739.951 gc_cpu_ms=17.868 gc_wall_ms=55.732 scheme_bytes=70546400 minor_faults=0 voluntary_switches=8 involuntary_switches=3707
UTF8-COST jobs=100000 phase=length sample=11 wall_ms=144.550 cpu_ms=10.643 gc_cpu_ms=2.035 gc_wall_ms=2.224 scheme_bytes=1080608 minor_faults=0 voluntary_switches=0 involuntary_switches=41
UTF8-COST jobs=100000 phase=allocation sample=11 wall_ms=9.033 cpu_ms=3.259 gc_cpu_ms=0.000 gc_wall_ms=0.000 scheme_bytes=56 minor_faults=0 voluntary_switches=0 involuntary_switches=39
UTF8-COST jobs=100000 phase=encoding sample=11 wall_ms=3317.586 cpu_ms=627.670 gc_cpu_ms=15.512 gc_wall_ms=173.602 scheme_bytes=69424272 minor_faults=0 voluntary_switches=7 involuntary_switches=4424
UTF8-COST jobs=100000 phase=entry sample=12 wall_ms=389.795 cpu_ms=22.234 gc_cpu_ms=9.007 gc_wall_ms=100.749 scheme_bytes=70558632 minor_faults=0 voluntary_switches=0 involuntary_switches=113
UTF8-COST jobs=100000 phase=owned sample=12 wall_ms=3140.447 cpu_ms=741.436 gc_cpu_ms=18.225 gc_wall_ms=63.263 scheme_bytes=70513536 minor_faults=0 voluntary_switches=30 involuntary_switches=3609
UTF8-COST jobs=100000 phase=length sample=12 wall_ms=109.284 cpu_ms=11.183 gc_cpu_ms=2.102 gc_wall_ms=3.054 scheme_bytes=1080472 minor_faults=0 voluntary_switches=1 involuntary_switches=37
UTF8-COST jobs=100000 phase=allocation sample=12 wall_ms=2.682 cpu_ms=2.684 gc_cpu_ms=0.000 gc_wall_ms=0.000 scheme_bytes=56 minor_faults=0 voluntary_switches=0 involuntary_switches=0
UTF8-COST jobs=100000 phase=encoding sample=12 wall_ms=3011.599 cpu_ms=636.611 gc_cpu_ms=15.365 gc_wall_ms=35.909 scheme_bytes=69490080 minor_faults=0 voluntary_switches=20 involuntary_switches=3440
UTF8-COST jobs=100000 phase=validation sample=12 wall_ms=239.980 cpu_ms=122.101 gc_cpu_ms=0.000 gc_wall_ms=0.000 scheme_bytes=56 minor_faults=0 voluntary_switches=4 involuntary_switches=530
UTF8-COST jobs=100000 phase=owned sample=13 wall_ms=2101.557 cpu_ms=742.314 gc_cpu_ms=16.950 gc_wall_ms=147.916 scheme_bytes=70760040 minor_faults=0 voluntary_switches=28 involuntary_switches=3106
UTF8-COST jobs=100000 phase=length sample=13 wall_ms=16.152 cpu_ms=12.254 gc_cpu_ms=2.379 gc_wall_ms=2.590 scheme_bytes=627920 minor_faults=0 voluntary_switches=1 involuntary_switches=34
UTF8-COST jobs=100000 phase=allocation sample=13 wall_ms=3.583 cpu_ms=2.993 gc_cpu_ms=0.000 gc_wall_ms=0.000 scheme_bytes=56 minor_faults=0 voluntary_switches=0 involuntary_switches=10
UTF8-COST jobs=100000 phase=encoding sample=13 wall_ms=1896.323 cpu_ms=638.365 gc_cpu_ms=15.489 gc_wall_ms=21.917 scheme_bytes=69728856 minor_faults=0 voluntary_switches=24 involuntary_switches=3898
UTF8-COST jobs=100000 phase=validation sample=13 wall_ms=196.337 cpu_ms=128.485 gc_cpu_ms=0.000 gc_wall_ms=0.000 scheme_bytes=56 minor_faults=0 voluntary_switches=4 involuntary_switches=298
UTF8-COST jobs=100000 phase=entry sample=13 wall_ms=16.652 cpu_ms=16.090 gc_cpu_ms=5.728 gc_wall_ms=5.908 scheme_bytes=70558608 minor_faults=0 voluntary_switches=1 involuntary_switches=7
UTF8-COST jobs=100000 phase=length sample=14 wall_ms=9.606 cpu_ms=8.651 gc_cpu_ms=1.293 gc_wall_ms=1.292 scheme_bytes=1080552 minor_faults=0 voluntary_switches=0 involuntary_switches=11
UTF8-COST jobs=100000 phase=allocation sample=14 wall_ms=7.152 cpu_ms=5.236 gc_cpu_ms=0.000 gc_wall_ms=0.000 scheme_bytes=56 minor_faults=0 voluntary_switches=0 involuntary_switches=11
UTF8-COST jobs=100000 phase=encoding sample=14 wall_ms=1421.260 cpu_ms=621.280 gc_cpu_ms=14.615 gc_wall_ms=61.227 scheme_bytes=69490120 minor_faults=0 voluntary_switches=17 involuntary_switches=4519
UTF8-COST jobs=100000 phase=validation sample=14 wall_ms=477.519 cpu_ms=125.595 gc_cpu_ms=0.000 gc_wall_ms=0.000 scheme_bytes=56 minor_faults=0 voluntary_switches=6 involuntary_switches=970
UTF8-COST jobs=100000 phase=entry sample=14 wall_ms=39.221 cpu_ms=19.547 gc_cpu_ms=7.359 gc_wall_ms=17.430 scheme_bytes=70558608 minor_faults=0 voluntary_switches=1 involuntary_switches=138
UTF8-COST jobs=100000 phase=owned sample=14 wall_ms=3303.762 cpu_ms=719.798 gc_cpu_ms=15.805 gc_wall_ms=38.534 scheme_bytes=70513536 minor_faults=0 voluntary_switches=14 involuntary_switches=5333
UTF8-COST jobs=100000 phase=allocation sample=15 wall_ms=4.777 cpu_ms=3.451 gc_cpu_ms=0.000 gc_wall_ms=0.000 scheme_bytes=56 minor_faults=0 voluntary_switches=0 involuntary_switches=10
UTF8-COST jobs=100000 phase=encoding sample=15 wall_ms=1392.866 cpu_ms=603.509 gc_cpu_ms=13.914 gc_wall_ms=27.298 scheme_bytes=70741904 minor_faults=0 voluntary_switches=22 involuntary_switches=3944
UTF8-COST jobs=100000 phase=validation sample=15 wall_ms=248.312 cpu_ms=115.663 gc_cpu_ms=0.000 gc_wall_ms=0.000 scheme_bytes=56 minor_faults=0 voluntary_switches=6 involuntary_switches=731
UTF8-COST jobs=100000 phase=entry sample=15 wall_ms=55.056 cpu_ms=25.915 gc_cpu_ms=9.489 gc_wall_ms=13.868 scheme_bytes=70360472 minor_faults=0 voluntary_switches=1 involuntary_switches=197
UTF8-COST jobs=100000 phase=owned sample=15 wall_ms=2966.384 cpu_ms=748.029 gc_cpu_ms=17.029 gc_wall_ms=35.024 scheme_bytes=70497144 minor_faults=0 voluntary_switches=19 involuntary_switches=5533
UTF8-COST jobs=100000 phase=length sample=15 wall_ms=33.511 cpu_ms=12.035 gc_cpu_ms=2.777 gc_wall_ms=11.335 scheme_bytes=1080480 minor_faults=0 voluntary_switches=0 involuntary_switches=79
UTF8-COST jobs=100000 phase=encoding sample=16 wall_ms=2656.821 cpu_ms=615.608 gc_cpu_ms=14.623 gc_wall_ms=69.715 scheme_bytes=69506584 minor_faults=0 voluntary_switches=15 involuntary_switches=3077
UTF8-COST jobs=100000 phase=validation sample=16 wall_ms=341.517 cpu_ms=126.588 gc_cpu_ms=0.000 gc_wall_ms=0.000 scheme_bytes=56 minor_faults=0 voluntary_switches=5 involuntary_switches=886
UTF8-COST jobs=100000 phase=entry sample=16 wall_ms=102.447 cpu_ms=20.727 gc_cpu_ms=8.186 gc_wall_ms=35.528 scheme_bytes=70558624 minor_faults=0 voluntary_switches=0 involuntary_switches=167
UTF8-COST jobs=100000 phase=owned sample=16 wall_ms=2529.242 cpu_ms=737.819 gc_cpu_ms=16.455 gc_wall_ms=26.671 scheme_bytes=70513536 minor_faults=0 voluntary_switches=12 involuntary_switches=4264
UTF8-COST jobs=100000 phase=length sample=16 wall_ms=18.793 cpu_ms=10.599 gc_cpu_ms=1.771 gc_wall_ms=3.313 scheme_bytes=1080512 minor_faults=0 voluntary_switches=0 involuntary_switches=58
UTF8-COST jobs=100000 phase=allocation sample=16 wall_ms=2.723 cpu_ms=2.694 gc_cpu_ms=0.000 gc_wall_ms=0.000 scheme_bytes=56 minor_faults=0 voluntary_switches=0 involuntary_switches=1
UTF8-COST jobs=100000 phase=validation sample=17 wall_ms=1379.263 cpu_ms=112.484 gc_cpu_ms=0.000 gc_wall_ms=0.000 scheme_bytes=56 minor_faults=0 voluntary_switches=5 involuntary_switches=671
UTF8-COST jobs=100000 phase=entry sample=17 wall_ms=53.045 cpu_ms=21.481 gc_cpu_ms=8.325 gc_wall_ms=19.531 scheme_bytes=69504936 minor_faults=0 voluntary_switches=2 involuntary_switches=324
UTF8-COST jobs=100000 phase=owned sample=17 wall_ms=1588.489 cpu_ms=733.764 gc_cpu_ms=17.005 gc_wall_ms=74.714 scheme_bytes=70546400 minor_faults=0 voluntary_switches=24 involuntary_switches=2713
UTF8-COST jobs=100000 phase=length sample=17 wall_ms=24.446 cpu_ms=13.451 gc_cpu_ms=2.521 gc_wall_ms=5.784 scheme_bytes=1080608 minor_faults=0 voluntary_switches=0 involuntary_switches=96
UTF8-COST jobs=100000 phase=allocation sample=17 wall_ms=28.870 cpu_ms=3.150 gc_cpu_ms=0.000 gc_wall_ms=0.000 scheme_bytes=56 minor_faults=0 voluntary_switches=0 involuntary_switches=118
UTF8-COST jobs=100000 phase=encoding sample=17 wall_ms=3292.641 cpu_ms=627.234 gc_cpu_ms=14.907 gc_wall_ms=54.430 scheme_bytes=69424272 minor_faults=0 voluntary_switches=12 involuntary_switches=4043
UTF8-COST jobs=100000 phase=entry sample=18 wall_ms=28.648 cpu_ms=17.273 gc_cpu_ms=6.520 gc_wall_ms=12.031 scheme_bytes=70558632 minor_faults=0 voluntary_switches=0 involuntary_switches=84
UTF8-COST jobs=100000 phase=owned sample=18 wall_ms=3938.725 cpu_ms=736.982 gc_cpu_ms=17.130 gc_wall_ms=86.490 scheme_bytes=70513536 minor_faults=0 voluntary_switches=28 involuntary_switches=4918
UTF8-COST jobs=100000 phase=length sample=18 wall_ms=24.508 cpu_ms=8.789 gc_cpu_ms=1.574 gc_wall_ms=12.576 scheme_bytes=1080472 minor_faults=0 voluntary_switches=0 involuntary_switches=44
UTF8-COST jobs=100000 phase=allocation sample=18 wall_ms=19.597 cpu_ms=2.794 gc_cpu_ms=0.000 gc_wall_ms=0.000 scheme_bytes=56 minor_faults=0 voluntary_switches=1 involuntary_switches=16
UTF8-COST jobs=100000 phase=encoding sample=18 wall_ms=2917.426 cpu_ms=633.154 gc_cpu_ms=14.962 gc_wall_ms=21.543 scheme_bytes=69490080 minor_faults=0 voluntary_switches=14 involuntary_switches=4041
UTF8-COST jobs=100000 phase=validation sample=18 wall_ms=1019.934 cpu_ms=126.366 gc_cpu_ms=0.000 gc_wall_ms=0.000 scheme_bytes=56 minor_faults=0 voluntary_switches=6 involuntary_switches=620
UTF8-COST jobs=100000 phase=owned sample=19 wall_ms=2315.997 cpu_ms=735.282 gc_cpu_ms=15.755 gc_wall_ms=134.994 scheme_bytes=70760040 minor_faults=0 voluntary_switches=28 involuntary_switches=2878
UTF8-COST jobs=100000 phase=length sample=19 wall_ms=16.744 cpu_ms=11.961 gc_cpu_ms=2.539 gc_wall_ms=5.844 scheme_bytes=627920 minor_faults=0 voluntary_switches=0 involuntary_switches=24
UTF8-COST jobs=100000 phase=allocation sample=19 wall_ms=101.459 cpu_ms=4.783 gc_cpu_ms=0.000 gc_wall_ms=0.000 scheme_bytes=56 minor_faults=0 voluntary_switches=0 involuntary_switches=65
UTF8-COST jobs=100000 phase=encoding sample=19 wall_ms=4044.699 cpu_ms=629.146 gc_cpu_ms=15.757 gc_wall_ms=82.608 scheme_bytes=69728856 minor_faults=0 voluntary_switches=22 involuntary_switches=3949
UTF8-COST jobs=100000 phase=validation sample=19 wall_ms=559.419 cpu_ms=119.527 gc_cpu_ms=0.000 gc_wall_ms=0.000 scheme_bytes=56 minor_faults=0 voluntary_switches=2 involuntary_switches=837
UTF8-COST jobs=100000 phase=entry sample=19 wall_ms=169.100 cpu_ms=19.013 gc_cpu_ms=7.231 gc_wall_ms=18.230 scheme_bytes=70558608 minor_faults=0 voluntary_switches=0 involuntary_switches=86
UTF8-COST jobs=100000 phase=length sample=20 wall_ms=95.463 cpu_ms=10.956 gc_cpu_ms=1.840 gc_wall_ms=31.706 scheme_bytes=1080552 minor_faults=0 voluntary_switches=1 involuntary_switches=42
UTF8-COST jobs=100000 phase=allocation sample=20 wall_ms=5.210 cpu_ms=2.929 gc_cpu_ms=0.000 gc_wall_ms=0.000 scheme_bytes=56 minor_faults=0 voluntary_switches=1 involuntary_switches=25
UTF8-COST jobs=100000 phase=encoding sample=20 wall_ms=3217.845 cpu_ms=618.923 gc_cpu_ms=14.537 gc_wall_ms=53.761 scheme_bytes=69490120 minor_faults=0 voluntary_switches=28 involuntary_switches=4376
UTF8-COST jobs=100000 phase=validation sample=20 wall_ms=836.885 cpu_ms=117.206 gc_cpu_ms=0.000 gc_wall_ms=0.000 scheme_bytes=56 minor_faults=0 voluntary_switches=6 involuntary_switches=528
UTF8-COST jobs=100000 phase=entry sample=20 wall_ms=194.595 cpu_ms=16.901 gc_cpu_ms=6.213 gc_wall_ms=65.573 scheme_bytes=70558608 minor_faults=0 voluntary_switches=0 involuntary_switches=38
UTF8-COST jobs=100000 phase=owned sample=20 wall_ms=3572.806 cpu_ms=726.259 gc_cpu_ms=16.870 gc_wall_ms=42.463 scheme_bytes=70513536 minor_faults=0 voluntary_switches=28 involuntary_switches=3387
UTF8-COST-SUMMARY jobs=100000 phase=owned samples=20 wall_ms=3822.500 cpu_ms=736.132 gc_cpu_ms=17.017 gc_wall_ms=78.173 scheme_bytes=70513536 minor_faults=0 voluntary_switches=18 involuntary_switches=3658
UTF8-COST-SUMMARY jobs=100000 phase=length samples=20 wall_ms=29.010 cpu_ms=10.573 gc_cpu_ms=1.837 gc_wall_ms=5.111 scheme_bytes=1080512 minor_faults=0 voluntary_switches=0 involuntary_switches=37
UTF8-COST-SUMMARY jobs=100000 phase=allocation samples=20 wall_ms=8.987 cpu_ms=3.329 gc_cpu_ms=0.000 gc_wall_ms=0.000 scheme_bytes=56 minor_faults=0 voluntary_switches=0 involuntary_switches=12
UTF8-COST-SUMMARY jobs=100000 phase=encoding samples=20 wall_ms=3241.609 cpu_ms=625.968 gc_cpu_ms=15.032 gc_wall_ms=54.096 scheme_bytes=69490120 minor_faults=0 voluntary_switches=16 involuntary_switches=3300
UTF8-COST-SUMMARY jobs=100000 phase=validation samples=20 wall_ms=731.867 cpu_ms=123.715 gc_cpu_ms=0.000 gc_wall_ms=0.000 scheme_bytes=56 minor_faults=0 voluntary_switches=4 involuntary_switches=630
UTF8-COST-SUMMARY jobs=100000 phase=entry samples=20 wall_ms=113.248 cpu_ms=21.588 gc_cpu_ms=8.397 gc_wall_ms=30.189 scheme_bytes=70558608 minor_faults=0 voluntary_switches=0 involuntary_switches=112
