    Finished `bench` profile [optimized] target(s) in 2m 07s
     Running benches/utf8.rs (target/release/deps/utf8-461f469b848a9e47)
UTF8-BUFFER-CONTRACTS Unicode=1112064 surrogates=2048 mutation=OK bounds=OK roots=OK
error: bench failed, to rerun pass `-p gerbil-scheme-qualification --bench utf8`

Caused by:
  process didn't exit successfully: `/private/tmp/orgize-native-recovery-20261009-f7ey6w/bridge/target/release/deps/utf8-461f469b848a9e47 --costs --bench` (signal: 11, SIGSEGV: invalid memory reference)
error: recipe `bridge-utf8-matched` failed on line 81 with exit code 101
   Compiling gerbil-scheme-qualification v0.1.0 (/private/tmp/orgize-native-recovery-20261009-f7ey6w/bridge/crates/gerbil-scheme-qualification)
    Finished `bench` profile [optimized] target(s) in 1m 03s
     Running benches/utf8.rs (target/release/deps/utf8-461f469b848a9e47)
UTF8-BUFFER-CONTRACTS Unicode=1112064 surrogates=2048 mutation=OK bounds=OK roots=OK
UTF8-COST jobs=1000 phase=owned sample=1 wall_ms=19.193 cpu_ms=7.085 gc_cpu_ms=0.000 gc_wall_ms=0.000 scheme_bytes=888056 minor_faults=1 voluntary_switches=0 involuntary_switches=37
UTF8-COST jobs=1000 phase=length sample=1 wall_ms=0.076 cpu_ms=0.077 gc_cpu_ms=0.000 gc_wall_ms=0.000 scheme_bytes=56056 minor_faults=5 voluntary_switches=0 involuntary_switches=0
UTF8-COST jobs=1000 phase=allocation sample=1 wall_ms=0.031 cpu_ms=0.033 gc_cpu_ms=0.000 gc_wall_ms=0.000 scheme_bytes=56 minor_faults=1 voluntary_switches=0 involuntary_switches=0
UTF8-COST jobs=1000 phase=encoding sample=1 wall_ms=112.238 cpu_ms=6.257 gc_cpu_ms=0.000 gc_wall_ms=0.000 scheme_bytes=832056 minor_faults=9 voluntary_switches=0 involuntary_switches=25
UTF8-COST jobs=1000 phase=validation sample=1 wall_ms=0.962 cpu_ms=0.966 gc_cpu_ms=0.000 gc_wall_ms=0.000 scheme_bytes=56 minor_faults=0 voluntary_switches=0 involuntary_switches=0
UTF8-COST jobs=1000 phase=length sample=2 wall_ms=0.133 cpu_ms=0.134 gc_cpu_ms=0.000 gc_wall_ms=0.000 scheme_bytes=56056 minor_faults=5 voluntary_switches=0 involuntary_switches=0
UTF8-COST jobs=1000 phase=allocation sample=2 wall_ms=0.028 cpu_ms=0.029 gc_cpu_ms=0.000 gc_wall_ms=0.000 scheme_bytes=56 minor_faults=0 voluntary_switches=0 involuntary_switches=0
UTF8-COST jobs=1000 phase=encoding sample=2 wall_ms=35.855 cpu_ms=6.031 gc_cpu_ms=0.285 gc_wall_ms=0.283 scheme_bytes=277320 minor_faults=8 voluntary_switches=0 involuntary_switches=25
UTF8-COST jobs=1000 phase=validation sample=2 wall_ms=0.960 cpu_ms=0.961 gc_cpu_ms=0.000 gc_wall_ms=0.000 scheme_bytes=56 minor_faults=0 voluntary_switches=0 involuntary_switches=0
UTF8-COST jobs=1000 phase=owned sample=2 wall_ms=133.925 cpu_ms=7.183 gc_cpu_ms=0.000 gc_wall_ms=0.000 scheme_bytes=888056 minor_faults=0 voluntary_switches=0 involuntary_switches=38
UTF8-COST jobs=1000 phase=allocation sample=3 wall_ms=0.027 cpu_ms=0.028 gc_cpu_ms=0.000 gc_wall_ms=0.000 scheme_bytes=56 minor_faults=0 voluntary_switches=0 involuntary_switches=0
UTF8-COST jobs=1000 phase=encoding sample=3 wall_ms=77.190 cpu_ms=6.421 gc_cpu_ms=0.220 gc_wall_ms=0.220 scheme_bytes=568728 minor_faults=0 voluntary_switches=1 involuntary_switches=33
UTF8-COST jobs=1000 phase=validation sample=3 wall_ms=1.744 cpu_ms=1.605 gc_cpu_ms=0.000 gc_wall_ms=0.000 scheme_bytes=56 minor_faults=0 voluntary_switches=0 involuntary_switches=4
UTF8-COST jobs=1000 phase=owned sample=3 wall_ms=13.420 cpu_ms=7.574 gc_cpu_ms=0.514 gc_wall_ms=0.514 scheme_bytes=624664 minor_faults=0 voluntary_switches=0 involuntary_switches=40
UTF8-COST jobs=1000 phase=length sample=3 wall_ms=0.067 cpu_ms=0.069 gc_cpu_ms=0.000 gc_wall_ms=0.000 scheme_bytes=56056 minor_faults=0 voluntary_switches=0 involuntary_switches=0
UTF8-COST jobs=1000 phase=encoding sample=4 wall_ms=76.281 cpu_ms=5.660 gc_cpu_ms=0.000 gc_wall_ms=0.000 scheme_bytes=832056 minor_faults=0 voluntary_switches=0 involuntary_switches=18
UTF8-COST jobs=1000 phase=validation sample=4 wall_ms=2.074 cpu_ms=0.991 gc_cpu_ms=0.000 gc_wall_ms=0.000 scheme_bytes=56 minor_faults=0 voluntary_switches=0 involuntary_switches=3
UTF8-COST jobs=1000 phase=owned sample=4 wall_ms=183.323 cpu_ms=6.545 gc_cpu_ms=0.233 gc_wall_ms=0.230 scheme_bytes=591392 minor_faults=0 voluntary_switches=0 involuntary_switches=20
UTF8-COST jobs=1000 phase=length sample=4 wall_ms=0.068 cpu_ms=0.070 gc_cpu_ms=0.000 gc_wall_ms=0.000 scheme_bytes=56056 minor_faults=0 voluntary_switches=0 involuntary_switches=0
UTF8-COST jobs=1000 phase=allocation sample=4 wall_ms=0.027 cpu_ms=0.028 gc_cpu_ms=0.000 gc_wall_ms=0.000 scheme_bytes=56 minor_faults=0 voluntary_switches=0 involuntary_switches=0
UTF8-COST jobs=1000 phase=validation sample=5 wall_ms=2.043 cpu_ms=0.979 gc_cpu_ms=0.000 gc_wall_ms=0.000 scheme_bytes=56 minor_faults=0 voluntary_switches=0 involuntary_switches=1
UTF8-COST jobs=1000 phase=owned sample=5 wall_ms=14.512 cpu_ms=7.591 gc_cpu_ms=0.000 gc_wall_ms=0.000 scheme_bytes=888056 minor_faults=0 voluntary_switches=0 involuntary_switches=35
UTF8-COST jobs=1000 phase=length sample=5 wall_ms=0.069 cpu_ms=0.071 gc_cpu_ms=0.000 gc_wall_ms=0.000 scheme_bytes=56056 minor_faults=0 voluntary_switches=0 involuntary_switches=0
UTF8-COST jobs=1000 phase=allocation sample=5 wall_ms=0.027 cpu_ms=0.027 gc_cpu_ms=0.000 gc_wall_ms=0.000 scheme_bytes=56 minor_faults=0 voluntary_switches=0 involuntary_switches=0
UTF8-COST jobs=1000 phase=encoding sample=5 wall_ms=51.213 cpu_ms=6.488 gc_cpu_ms=0.244 gc_wall_ms=0.245 scheme_bytes=437368 minor_faults=0 voluntary_switches=0 involuntary_switches=55
UTF8-COST jobs=1000 phase=owned sample=6 wall_ms=13.502 cpu_ms=8.057 gc_cpu_ms=0.247 gc_wall_ms=0.656 scheme_bytes=640928 minor_faults=0 voluntary_switches=0 involuntary_switches=38
UTF8-COST jobs=1000 phase=length sample=6 wall_ms=0.068 cpu_ms=0.069 gc_cpu_ms=0.000 gc_wall_ms=0.000 scheme_bytes=56056 minor_faults=0 voluntary_switches=0 involuntary_switches=0
UTF8-COST jobs=1000 phase=allocation sample=6 wall_ms=0.028 cpu_ms=0.030 gc_cpu_ms=0.000 gc_wall_ms=0.000 scheme_bytes=56 minor_faults=0 voluntary_switches=0 involuntary_switches=0
UTF8-COST jobs=1000 phase=encoding sample=6 wall_ms=102.096 cpu_ms=5.979 gc_cpu_ms=0.000 gc_wall_ms=0.000 scheme_bytes=832056 minor_faults=0 voluntary_switches=0 involuntary_switches=57
UTF8-COST jobs=1000 phase=validation sample=6 wall_ms=122.943 cpu_ms=1.134 gc_cpu_ms=0.000 gc_wall_ms=0.000 scheme_bytes=56 minor_faults=0 voluntary_switches=0 involuntary_switches=9
UTF8-COST jobs=1000 phase=length sample=7 wall_ms=0.074 cpu_ms=0.076 gc_cpu_ms=0.000 gc_wall_ms=0.000 scheme_bytes=56056 minor_faults=0 voluntary_switches=0 involuntary_switches=0
UTF8-COST jobs=1000 phase=allocation sample=7 wall_ms=0.029 cpu_ms=0.031 gc_cpu_ms=0.000 gc_wall_ms=0.000 scheme_bytes=56 minor_faults=0 voluntary_switches=0 involuntary_switches=0
UTF8-COST jobs=1000 phase=encoding sample=7 wall_ms=267.984 cpu_ms=6.328 gc_cpu_ms=0.245 gc_wall_ms=0.245 scheme_bytes=502440 minor_faults=0 voluntary_switches=0 involuntary_switches=21
UTF8-COST jobs=1000 phase=validation sample=7 wall_ms=2.144 cpu_ms=2.025 gc_cpu_ms=0.000 gc_wall_ms=0.000 scheme_bytes=56 minor_faults=0 voluntary_switches=0 involuntary_switches=1
UTF8-COST jobs=1000 phase=owned sample=7 wall_ms=13.774 cpu_ms=8.439 gc_cpu_ms=0.212 gc_wall_ms=0.212 scheme_bytes=624656 minor_faults=0 voluntary_switches=0 involuntary_switches=21
UTF8-COST jobs=1000 phase=allocation sample=8 wall_ms=0.028 cpu_ms=0.030 gc_cpu_ms=0.000 gc_wall_ms=0.000 scheme_bytes=56 minor_faults=0 voluntary_switches=0 involuntary_switches=0
UTF8-COST jobs=1000 phase=encoding sample=8 wall_ms=143.636 cpu_ms=6.750 gc_cpu_ms=0.000 gc_wall_ms=0.000 scheme_bytes=832056 minor_faults=0 voluntary_switches=0 involuntary_switches=41
UTF8-COST jobs=1000 phase=validation sample=8 wall_ms=1.524 cpu_ms=1.135 gc_cpu_ms=0.000 gc_wall_ms=0.000 scheme_bytes=56 minor_faults=0 voluntary_switches=0 involuntary_switches=5
UTF8-COST jobs=1000 phase=owned sample=8 wall_ms=14.511 cpu_ms=8.158 gc_cpu_ms=0.214 gc_wall_ms=0.212 scheme_bytes=640952 minor_faults=0 voluntary_switches=0 involuntary_switches=20
UTF8-COST jobs=1000 phase=length sample=8 wall_ms=0.068 cpu_ms=0.069 gc_cpu_ms=0.000 gc_wall_ms=0.000 scheme_bytes=56056 minor_faults=0 voluntary_switches=0 involuntary_switches=0
UTF8-COST jobs=1000 phase=encoding sample=9 wall_ms=5.858 cpu_ms=5.092 gc_cpu_ms=0.000 gc_wall_ms=0.000 scheme_bytes=832056 minor_faults=0 voluntary_switches=0 involuntary_switches=5
UTF8-COST jobs=1000 phase=validation sample=9 wall_ms=2.716 cpu_ms=2.438 gc_cpu_ms=0.000 gc_wall_ms=0.000 scheme_bytes=56 minor_faults=0 voluntary_switches=0 involuntary_switches=7
UTF8-COST jobs=1000 phase=owned sample=9 wall_ms=10.127 cpu_ms=6.615 gc_cpu_ms=0.213 gc_wall_ms=0.212 scheme_bytes=591576 minor_faults=0 voluntary_switches=0 involuntary_switches=15
UTF8-COST jobs=1000 phase=length sample=9 wall_ms=0.068 cpu_ms=0.069 gc_cpu_ms=0.000 gc_wall_ms=0.000 scheme_bytes=56056 minor_faults=0 voluntary_switches=0 involuntary_switches=0
UTF8-COST jobs=1000 phase=allocation sample=9 wall_ms=0.028 cpu_ms=0.029 gc_cpu_ms=0.000 gc_wall_ms=0.000 scheme_bytes=56 minor_faults=0 voluntary_switches=0 involuntary_switches=0
UTF8-COST jobs=1000 phase=validation sample=10 wall_ms=2.409 cpu_ms=0.988 gc_cpu_ms=0.000 gc_wall_ms=0.000 scheme_bytes=56 minor_faults=0 voluntary_switches=0 involuntary_switches=5
UTF8-COST jobs=1000 phase=owned sample=10 wall_ms=191.266 cpu_ms=8.885 gc_cpu_ms=0.563 gc_wall_ms=0.561 scheme_bytes=551032 minor_faults=0 voluntary_switches=0 involuntary_switches=26
UTF8-COST jobs=1000 phase=length sample=10 wall_ms=0.068 cpu_ms=0.069 gc_cpu_ms=0.000 gc_wall_ms=0.000 scheme_bytes=56056 minor_faults=0 voluntary_switches=0 involuntary_switches=0
UTF8-COST jobs=1000 phase=allocation sample=10 wall_ms=0.027 cpu_ms=0.029 gc_cpu_ms=0.000 gc_wall_ms=0.000 scheme_bytes=56 minor_faults=0 voluntary_switches=0 involuntary_switches=0
UTF8-COST jobs=1000 phase=encoding sample=10 wall_ms=107.975 cpu_ms=5.296 gc_cpu_ms=0.000 gc_wall_ms=0.000 scheme_bytes=832056 minor_faults=0 voluntary_switches=0 involuntary_switches=4
UTF8-COST jobs=1000 phase=owned sample=11 wall_ms=74.398 cpu_ms=7.300 gc_cpu_ms=0.229 gc_wall_ms=0.229 scheme_bytes=591520 minor_faults=0 voluntary_switches=0 involuntary_switches=45
UTF8-COST jobs=1000 phase=length sample=11 wall_ms=0.067 cpu_ms=0.068 gc_cpu_ms=0.000 gc_wall_ms=0.000 scheme_bytes=56056 minor_faults=0 voluntary_switches=0 involuntary_switches=0
UTF8-COST jobs=1000 phase=allocation sample=11 wall_ms=0.028 cpu_ms=0.030 gc_cpu_ms=0.000 gc_wall_ms=0.000 scheme_bytes=56 minor_faults=0 voluntary_switches=0 involuntary_switches=0
UTF8-COST jobs=1000 phase=encoding sample=11 wall_ms=229.636 cpu_ms=6.673 gc_cpu_ms=0.231 gc_wall_ms=0.230 scheme_bytes=535640 minor_faults=0 voluntary_switches=0 involuntary_switches=128
UTF8-COST jobs=1000 phase=validation sample=11 wall_ms=2.953 cpu_ms=1.571 gc_cpu_ms=0.000 gc_wall_ms=0.000 scheme_bytes=56 minor_faults=0 voluntary_switches=0 involuntary_switches=7
UTF8-COST jobs=1000 phase=length sample=12 wall_ms=0.069 cpu_ms=0.070 gc_cpu_ms=0.000 gc_wall_ms=0.000 scheme_bytes=56056 minor_faults=0 voluntary_switches=0 involuntary_switches=0
UTF8-COST jobs=1000 phase=allocation sample=12 wall_ms=0.027 cpu_ms=0.029 gc_cpu_ms=0.000 gc_wall_ms=0.000 scheme_bytes=56 minor_faults=0 voluntary_switches=0 involuntary_switches=0
UTF8-COST jobs=1000 phase=encoding sample=12 wall_ms=10.564 cpu_ms=5.255 gc_cpu_ms=0.000 gc_wall_ms=0.000 scheme_bytes=832056 minor_faults=0 voluntary_switches=0 involuntary_switches=8
UTF8-COST jobs=1000 phase=validation sample=12 wall_ms=38.781 cpu_ms=1.417 gc_cpu_ms=0.000 gc_wall_ms=0.000 scheme_bytes=56 minor_faults=0 voluntary_switches=0 involuntary_switches=13
UTF8-COST jobs=1000 phase=owned sample=12 wall_ms=38.414 cpu_ms=7.141 gc_cpu_ms=0.406 gc_wall_ms=0.561 scheme_bytes=599696 minor_faults=0 voluntary_switches=0 involuntary_switches=41
UTF8-COST jobs=1000 phase=allocation sample=13 wall_ms=0.028 cpu_ms=0.029 gc_cpu_ms=0.000 gc_wall_ms=0.000 scheme_bytes=56 minor_faults=0 voluntary_switches=0 involuntary_switches=0
UTF8-COST jobs=1000 phase=encoding sample=13 wall_ms=70.222 cpu_ms=6.413 gc_cpu_ms=0.000 gc_wall_ms=0.000 scheme_bytes=832056 minor_faults=0 voluntary_switches=0 involuntary_switches=22
UTF8-COST jobs=1000 phase=validation sample=13 wall_ms=4.422 cpu_ms=0.987 gc_cpu_ms=0.000 gc_wall_ms=0.000 scheme_bytes=56 minor_faults=0 voluntary_switches=0 involuntary_switches=3
UTF8-COST jobs=1000 phase=owned sample=13 wall_ms=104.433 cpu_ms=6.552 gc_cpu_ms=0.205 gc_wall_ms=0.205 scheme_bytes=640952 minor_faults=0 voluntary_switches=0 involuntary_switches=26
UTF8-COST jobs=1000 phase=length sample=13 wall_ms=0.068 cpu_ms=0.069 gc_cpu_ms=0.000 gc_wall_ms=0.000 scheme_bytes=56056 minor_faults=0 voluntary_switches=0 involuntary_switches=0
UTF8-COST jobs=1000 phase=encoding sample=14 wall_ms=29.950 cpu_ms=5.403 gc_cpu_ms=0.219 gc_wall_ms=0.219 scheme_bytes=527440 minor_faults=0 voluntary_switches=0 involuntary_switches=17
UTF8-COST jobs=1000 phase=validation sample=14 wall_ms=13.411 cpu_ms=1.153 gc_cpu_ms=0.000 gc_wall_ms=0.000 scheme_bytes=56 minor_faults=0 voluntary_switches=0 involuntary_switches=14
UTF8-COST jobs=1000 phase=owned sample=14 wall_ms=168.885 cpu_ms=6.869 gc_cpu_ms=0.000 gc_wall_ms=0.000 scheme_bytes=888056 minor_faults=0 voluntary_switches=0 involuntary_switches=30
UTF8-COST jobs=1000 phase=length sample=14 wall_ms=0.070 cpu_ms=0.071 gc_cpu_ms=0.000 gc_wall_ms=0.000 scheme_bytes=56056 minor_faults=0 voluntary_switches=0 involuntary_switches=0
UTF8-COST jobs=1000 phase=allocation sample=14 wall_ms=0.027 cpu_ms=0.029 gc_cpu_ms=0.000 gc_wall_ms=0.000 scheme_bytes=56 minor_faults=0 voluntary_switches=0 involuntary_switches=0
UTF8-COST jobs=1000 phase=validation sample=15 wall_ms=13.061 cpu_ms=1.250 gc_cpu_ms=0.000 gc_wall_ms=0.000 scheme_bytes=56 minor_faults=0 voluntary_switches=0 involuntary_switches=6
UTF8-COST jobs=1000 phase=owned sample=15 wall_ms=23.846 cpu_ms=7.481 gc_cpu_ms=0.227 gc_wall_ms=0.227 scheme_bytes=559048 minor_faults=0 voluntary_switches=0 involuntary_switches=44
UTF8-COST jobs=1000 phase=length sample=15 wall_ms=0.068 cpu_ms=0.069 gc_cpu_ms=0.000 gc_wall_ms=0.000 scheme_bytes=56056 minor_faults=0 voluntary_switches=0 involuntary_switches=0
UTF8-COST jobs=1000 phase=allocation sample=15 wall_ms=0.028 cpu_ms=0.030 gc_cpu_ms=0.000 gc_wall_ms=0.000 scheme_bytes=56 minor_faults=0 voluntary_switches=0 involuntary_switches=0
UTF8-COST jobs=1000 phase=encoding sample=15 wall_ms=12.338 cpu_ms=5.747 gc_cpu_ms=0.342 gc_wall_ms=0.537 scheme_bytes=535632 minor_faults=0 voluntary_switches=0 involuntary_switches=38
UTF8-COST jobs=1000 phase=owned sample=16 wall_ms=57.863 cpu_ms=8.101 gc_cpu_ms=0.000 gc_wall_ms=0.000 scheme_bytes=888056 minor_faults=0 voluntary_switches=0 involuntary_switches=83
UTF8-COST jobs=1000 phase=length sample=16 wall_ms=0.068 cpu_ms=0.069 gc_cpu_ms=0.000 gc_wall_ms=0.000 scheme_bytes=56056 minor_faults=0 voluntary_switches=0 involuntary_switches=0
UTF8-COST jobs=1000 phase=allocation sample=16 wall_ms=0.028 cpu_ms=0.029 gc_cpu_ms=0.000 gc_wall_ms=0.000 scheme_bytes=56 minor_faults=0 voluntary_switches=0 involuntary_switches=0
UTF8-COST jobs=1000 phase=encoding sample=16 wall_ms=23.727 cpu_ms=6.712 gc_cpu_ms=0.425 gc_wall_ms=0.719 scheme_bytes=519456 minor_faults=0 voluntary_switches=0 involuntary_switches=30
UTF8-COST jobs=1000 phase=validation sample=16 wall_ms=1.107 cpu_ms=0.985 gc_cpu_ms=0.000 gc_wall_ms=0.000 scheme_bytes=56 minor_faults=0 voluntary_switches=0 involuntary_switches=1
UTF8-COST jobs=1000 phase=length sample=17 wall_ms=0.071 cpu_ms=0.073 gc_cpu_ms=0.000 gc_wall_ms=0.000 scheme_bytes=56056 minor_faults=0 voluntary_switches=0 involuntary_switches=0
UTF8-COST jobs=1000 phase=allocation sample=17 wall_ms=0.028 cpu_ms=0.030 gc_cpu_ms=0.000 gc_wall_ms=0.000 scheme_bytes=56 minor_faults=0 voluntary_switches=0 involuntary_switches=0
UTF8-COST jobs=1000 phase=encoding sample=17 wall_ms=34.397 cpu_ms=5.618 gc_cpu_ms=0.000 gc_wall_ms=0.000 scheme_bytes=832056 minor_faults=0 voluntary_switches=0 involuntary_switches=6
UTF8-COST jobs=1000 phase=validation sample=17 wall_ms=10.351 cpu_ms=2.129 gc_cpu_ms=0.000 gc_wall_ms=0.000 scheme_bytes=56 minor_faults=0 voluntary_switches=0 involuntary_switches=5
UTF8-COST jobs=1000 phase=owned sample=17 wall_ms=72.015 cpu_ms=9.010 gc_cpu_ms=0.284 gc_wall_ms=0.359 scheme_bytes=615928 minor_faults=0 voluntary_switches=0 involuntary_switches=76
UTF8-COST jobs=1000 phase=allocation sample=18 wall_ms=0.028 cpu_ms=0.029 gc_cpu_ms=0.000 gc_wall_ms=0.000 scheme_bytes=56 minor_faults=0 voluntary_switches=0 involuntary_switches=0
UTF8-COST jobs=1000 phase=encoding sample=18 wall_ms=47.663 cpu_ms=5.972 gc_cpu_ms=0.218 gc_wall_ms=0.216 scheme_bytes=576920 minor_faults=0 voluntary_switches=1 involuntary_switches=56
UTF8-COST jobs=1000 phase=validation sample=18 wall_ms=1.047 cpu_ms=0.966 gc_cpu_ms=0.000 gc_wall_ms=0.000 scheme_bytes=56 minor_faults=0 voluntary_switches=0 involuntary_switches=1
UTF8-COST jobs=1000 phase=owned sample=18 wall_ms=16.295 cpu_ms=7.203 gc_cpu_ms=0.000 gc_wall_ms=0.000 scheme_bytes=888056 minor_faults=0 voluntary_switches=0 involuntary_switches=15
UTF8-COST jobs=1000 phase=length sample=18 wall_ms=0.068 cpu_ms=0.069 gc_cpu_ms=0.000 gc_wall_ms=0.000 scheme_bytes=56056 minor_faults=0 voluntary_switches=0 involuntary_switches=0
UTF8-COST jobs=1000 phase=encoding sample=19 wall_ms=30.807 cpu_ms=5.616 gc_cpu_ms=0.224 gc_wall_ms=0.223 scheme_bytes=519328 minor_faults=0 voluntary_switches=0 involuntary_switches=11
UTF8-COST jobs=1000 phase=validation sample=19 wall_ms=0.959 cpu_ms=0.962 gc_cpu_ms=0.000 gc_wall_ms=0.000 scheme_bytes=56 minor_faults=0 voluntary_switches=0 involuntary_switches=0
UTF8-COST jobs=1000 phase=owned sample=19 wall_ms=42.084 cpu_ms=7.584 gc_cpu_ms=0.212 gc_wall_ms=0.212 scheme_bytes=624672 minor_faults=0 voluntary_switches=0 involuntary_switches=10
UTF8-COST jobs=1000 phase=length sample=19 wall_ms=0.068 cpu_ms=0.069 gc_cpu_ms=0.000 gc_wall_ms=0.000 scheme_bytes=56056 minor_faults=0 voluntary_switches=0 involuntary_switches=0
UTF8-COST jobs=1000 phase=allocation sample=19 wall_ms=0.029 cpu_ms=0.030 gc_cpu_ms=0.000 gc_wall_ms=0.000 scheme_bytes=56 minor_faults=0 voluntary_switches=0 involuntary_switches=0
UTF8-COST jobs=1000 phase=validation sample=20 wall_ms=0.960 cpu_ms=0.961 gc_cpu_ms=0.000 gc_wall_ms=0.000 scheme_bytes=56 minor_faults=0 voluntary_switches=0 involuntary_switches=0
UTF8-COST jobs=1000 phase=owned sample=20 wall_ms=100.136 cpu_ms=7.003 gc_cpu_ms=0.000 gc_wall_ms=0.000 scheme_bytes=888056 minor_faults=0 voluntary_switches=0 involuntary_switches=43
UTF8-COST jobs=1000 phase=length sample=20 wall_ms=0.068 cpu_ms=0.069 gc_cpu_ms=0.000 gc_wall_ms=0.000 scheme_bytes=56056 minor_faults=0 voluntary_switches=0 involuntary_switches=0
UTF8-COST jobs=1000 phase=allocation sample=20 wall_ms=0.028 cpu_ms=0.029 gc_cpu_ms=0.000 gc_wall_ms=0.000 scheme_bytes=56 minor_faults=0 voluntary_switches=0 involuntary_switches=0
UTF8-COST jobs=1000 phase=encoding sample=20 wall_ms=6.054 cpu_ms=5.536 gc_cpu_ms=0.241 gc_wall_ms=0.239 scheme_bytes=469960 minor_faults=0 voluntary_switches=0 involuntary_switches=21
UTF8-COST-SUMMARY jobs=1000 phase=owned samples=20 wall_ms=40.249 cpu_ms=7.391 gc_cpu_ms=0.213 gc_wall_ms=0.212 scheme_bytes=632800 minor_faults=0 voluntary_switches=0 involuntary_switches=36
UTF8-COST-SUMMARY jobs=1000 phase=length samples=20 wall_ms=0.068 cpu_ms=0.069 gc_cpu_ms=0.000 gc_wall_ms=0.000 scheme_bytes=56056 minor_faults=0 voluntary_switches=0 involuntary_switches=0
UTF8-COST-SUMMARY jobs=1000 phase=allocation samples=20 wall_ms=0.028 cpu_ms=0.029 gc_cpu_ms=0.000 gc_wall_ms=0.000 scheme_bytes=56 minor_faults=0 voluntary_switches=0 involuntary_switches=0
UTF8-COST-SUMMARY jobs=1000 phase=encoding samples=20 wall_ms=49.438 cpu_ms=5.976 gc_cpu_ms=0.219 gc_wall_ms=0.218 scheme_bytes=572824 minor_faults=0 voluntary_switches=0 involuntary_switches=24
UTF8-COST-SUMMARY jobs=1000 phase=validation samples=20 wall_ms=2.109 cpu_ms=1.062 gc_cpu_ms=0.000 gc_wall_ms=0.000 scheme_bytes=56 minor_faults=0 voluntary_switches=0 involuntary_switches=4
UTF8-COST jobs=10000 phase=owned sample=1 wall_ms=389.870 cpu_ms=72.583 gc_cpu_ms=2.329 gc_wall_ms=3.453 scheme_bytes=7129152 minor_faults=0 voluntary_switches=0 involuntary_switches=489
UTF8-COST jobs=10000 phase=length sample=1 wall_ms=0.711 cpu_ms=0.714 gc_cpu_ms=0.000 gc_wall_ms=0.000 scheme_bytes=560056 minor_faults=30 voluntary_switches=0 involuntary_switches=0
UTF8-COST jobs=10000 phase=allocation sample=1 wall_ms=0.269 cpu_ms=0.271 gc_cpu_ms=0.000 gc_wall_ms=0.000 scheme_bytes=56 minor_faults=0 voluntary_switches=0 involuntary_switches=0
UTF8-COST jobs=10000 phase=encoding sample=1 wall_ms=207.298 cpu_ms=60.616 gc_cpu_ms=1.761 gc_wall_ms=3.449 scheme_bytes=6464792 minor_faults=3 voluntary_switches=2 involuntary_switches=191
UTF8-COST jobs=10000 phase=validation sample=1 wall_ms=14.502 cpu_ms=10.280 gc_cpu_ms=0.000 gc_wall_ms=0.000 scheme_bytes=56 minor_faults=0 voluntary_switches=0 involuntary_switches=32
UTF8-COST jobs=10000 phase=length sample=2 wall_ms=1.457 cpu_ms=1.301 gc_cpu_ms=0.000 gc_wall_ms=0.000 scheme_bytes=560056 minor_faults=0 voluntary_switches=0 involuntary_switches=3
UTF8-COST jobs=10000 phase=allocation sample=2 wall_ms=0.708 cpu_ms=0.712 gc_cpu_ms=0.000 gc_wall_ms=0.000 scheme_bytes=56 minor_faults=0 voluntary_switches=0 involuntary_switches=0
UTF8-COST jobs=10000 phase=encoding sample=2 wall_ms=263.458 cpu_ms=62.327 gc_cpu_ms=1.681 gc_wall_ms=1.733 scheme_bytes=6513696 minor_faults=0 voluntary_switches=1 involuntary_switches=335
UTF8-COST jobs=10000 phase=validation sample=2 wall_ms=81.487 cpu_ms=14.217 gc_cpu_ms=0.000 gc_wall_ms=0.000 scheme_bytes=56 minor_faults=0 voluntary_switches=0 involuntary_switches=97
UTF8-COST jobs=10000 phase=owned sample=2 wall_ms=251.580 cpu_ms=75.173 gc_cpu_ms=1.652 gc_wall_ms=8.888 scheme_bytes=7153568 minor_faults=0 voluntary_switches=3 involuntary_switches=783
UTF8-COST jobs=10000 phase=allocation sample=3 wall_ms=0.267 cpu_ms=0.269 gc_cpu_ms=0.000 gc_wall_ms=0.000 scheme_bytes=56 minor_faults=0 voluntary_switches=0 involuntary_switches=0
UTF8-COST jobs=10000 phase=encoding sample=3 wall_ms=227.215 cpu_ms=59.038 gc_cpu_ms=1.230 gc_wall_ms=1.548 scheme_bytes=6967200 minor_faults=0 voluntary_switches=3 involuntary_switches=393
UTF8-COST jobs=10000 phase=validation sample=3 wall_ms=150.915 cpu_ms=11.678 gc_cpu_ms=0.000 gc_wall_ms=0.000 scheme_bytes=56 minor_faults=0 voluntary_switches=0 involuntary_switches=49
UTF8-COST jobs=10000 phase=owned sample=3 wall_ms=300.001 cpu_ms=77.488 gc_cpu_ms=1.627 gc_wall_ms=5.180 scheme_bytes=7161656 minor_faults=0 voluntary_switches=3 involuntary_switches=458
UTF8-COST jobs=10000 phase=length sample=3 wall_ms=2.959 cpu_ms=1.072 gc_cpu_ms=0.319 gc_wall_ms=0.562 scheme_bytes=107608 minor_faults=0 voluntary_switches=0 involuntary_switches=23
UTF8-COST jobs=10000 phase=encoding sample=4 wall_ms=163.486 cpu_ms=63.491 gc_cpu_ms=1.843 gc_wall_ms=3.363 scheme_bytes=6711272 minor_faults=0 voluntary_switches=1 involuntary_switches=350
UTF8-COST jobs=10000 phase=validation sample=4 wall_ms=21.928 cpu_ms=10.544 gc_cpu_ms=0.000 gc_wall_ms=0.000 scheme_bytes=56 minor_faults=0 voluntary_switches=0 involuntary_switches=84
UTF8-COST jobs=10000 phase=owned sample=4 wall_ms=237.817 cpu_ms=70.041 gc_cpu_ms=1.284 gc_wall_ms=1.577 scheme_bytes=7113000 minor_faults=0 voluntary_switches=2 involuntary_switches=450
UTF8-COST jobs=10000 phase=length sample=4 wall_ms=0.673 cpu_ms=0.675 gc_cpu_ms=0.000 gc_wall_ms=0.000 scheme_bytes=560056 minor_faults=0 voluntary_switches=0 involuntary_switches=0
UTF8-COST jobs=10000 phase=allocation sample=4 wall_ms=4.948 cpu_ms=0.280 gc_cpu_ms=0.000 gc_wall_ms=0.000 scheme_bytes=56 minor_faults=0 voluntary_switches=0 involuntary_switches=1
UTF8-COST jobs=10000 phase=validation sample=5 wall_ms=23.355 cpu_ms=9.846 gc_cpu_ms=0.000 gc_wall_ms=0.000 scheme_bytes=56 minor_faults=0 voluntary_switches=1 involuntary_switches=32
UTF8-COST jobs=10000 phase=owned sample=5 wall_ms=203.859 cpu_ms=67.520 gc_cpu_ms=1.720 gc_wall_ms=1.800 scheme_bytes=6586168 minor_faults=2 voluntary_switches=1 involuntary_switches=97
UTF8-COST jobs=10000 phase=length sample=5 wall_ms=0.671 cpu_ms=0.673 gc_cpu_ms=0.000 gc_wall_ms=0.000 scheme_bytes=560056 minor_faults=0 voluntary_switches=0 involuntary_switches=0
UTF8-COST jobs=10000 phase=allocation sample=5 wall_ms=0.270 cpu_ms=0.271 gc_cpu_ms=0.000 gc_wall_ms=0.000 scheme_bytes=56 minor_faults=0 voluntary_switches=0 involuntary_switches=0
UTF8-COST jobs=10000 phase=encoding sample=5 wall_ms=69.608 cpu_ms=56.288 gc_cpu_ms=1.965 gc_wall_ms=2.432 scheme_bytes=6456688 minor_faults=0 voluntary_switches=2 involuntary_switches=35
UTF8-COST jobs=10000 phase=owned sample=6 wall_ms=108.642 cpu_ms=68.179 gc_cpu_ms=1.540 gc_wall_ms=1.660 scheme_bytes=7153552 minor_faults=0 voluntary_switches=4 involuntary_switches=140
UTF8-COST jobs=10000 phase=length sample=6 wall_ms=0.674 cpu_ms=0.675 gc_cpu_ms=0.000 gc_wall_ms=0.000 scheme_bytes=560056 minor_faults=0 voluntary_switches=0 involuntary_switches=0
UTF8-COST jobs=10000 phase=allocation sample=6 wall_ms=1.470 cpu_ms=0.472 gc_cpu_ms=0.000 gc_wall_ms=0.000 scheme_bytes=56 minor_faults=0 voluntary_switches=0 involuntary_switches=1
UTF8-COST jobs=10000 phase=encoding sample=6 wall_ms=169.082 cpu_ms=61.260 gc_cpu_ms=1.584 gc_wall_ms=1.579 scheme_bytes=6440456 minor_faults=0 voluntary_switches=0 involuntary_switches=154
UTF8-COST jobs=10000 phase=validation sample=6 wall_ms=10.322 cpu_ms=9.637 gc_cpu_ms=0.000 gc_wall_ms=0.000 scheme_bytes=56 minor_faults=0 voluntary_switches=0 involuntary_switches=7
UTF8-COST jobs=10000 phase=length sample=7 wall_ms=0.909 cpu_ms=0.911 gc_cpu_ms=0.232 gc_wall_ms=0.231 scheme_bytes=106640 minor_faults=0 voluntary_switches=0 involuntary_switches=0
UTF8-COST jobs=10000 phase=allocation sample=7 wall_ms=0.269 cpu_ms=0.270 gc_cpu_ms=0.000 gc_wall_ms=0.000 scheme_bytes=56 minor_faults=0 voluntary_switches=0 involuntary_switches=0
UTF8-COST jobs=10000 phase=encoding sample=7 wall_ms=93.284 cpu_ms=57.763 gc_cpu_ms=1.462 gc_wall_ms=2.015 scheme_bytes=6785336 minor_faults=0 voluntary_switches=0 involuntary_switches=115
UTF8-COST jobs=10000 phase=validation sample=7 wall_ms=11.576 cpu_ms=11.104 gc_cpu_ms=0.000 gc_wall_ms=0.000 scheme_bytes=56 minor_faults=0 voluntary_switches=0 involuntary_switches=4
UTF8-COST jobs=10000 phase=owned sample=7 wall_ms=357.192 cpu_ms=75.192 gc_cpu_ms=2.617 gc_wall_ms=7.529 scheme_bytes=7113056 minor_faults=0 voluntary_switches=3 involuntary_switches=272
UTF8-COST jobs=10000 phase=allocation sample=8 wall_ms=0.970 cpu_ms=0.692 gc_cpu_ms=0.000 gc_wall_ms=0.000 scheme_bytes=56 minor_faults=0 voluntary_switches=0 involuntary_switches=1
UTF8-COST jobs=10000 phase=encoding sample=8 wall_ms=414.363 cpu_ms=60.589 gc_cpu_ms=1.478 gc_wall_ms=16.363 scheme_bytes=7007728 minor_faults=0 voluntary_switches=0 involuntary_switches=216
UTF8-COST jobs=10000 phase=validation sample=8 wall_ms=25.859 cpu_ms=13.296 gc_cpu_ms=0.000 gc_wall_ms=0.000 scheme_bytes=56 minor_faults=0 voluntary_switches=0 involuntary_switches=50
UTF8-COST jobs=10000 phase=owned sample=8 wall_ms=480.145 cpu_ms=73.497 gc_cpu_ms=1.779 gc_wall_ms=3.358 scheme_bytes=7121128 minor_faults=0 voluntary_switches=1 involuntary_switches=267
UTF8-COST jobs=10000 phase=length sample=8 wall_ms=102.145 cpu_ms=1.076 gc_cpu_ms=0.000 gc_wall_ms=0.000 scheme_bytes=560056 minor_faults=0 voluntary_switches=0 involuntary_switches=23
UTF8-COST jobs=10000 phase=encoding sample=9 wall_ms=950.308 cpu_ms=61.528 gc_cpu_ms=1.602 gc_wall_ms=14.830 scheme_bytes=6481088 minor_faults=0 voluntary_switches=0 involuntary_switches=394
UTF8-COST jobs=10000 phase=validation sample=9 wall_ms=34.617 cpu_ms=10.500 gc_cpu_ms=0.000 gc_wall_ms=0.000 scheme_bytes=56 minor_faults=0 voluntary_switches=1 involuntary_switches=42
UTF8-COST jobs=10000 phase=owned sample=9 wall_ms=690.224 cpu_ms=74.675 gc_cpu_ms=1.691 gc_wall_ms=1.780 scheme_bytes=7137320 minor_faults=0 voluntary_switches=3 involuntary_switches=694
UTF8-COST jobs=10000 phase=length sample=9 wall_ms=2.318 cpu_ms=1.105 gc_cpu_ms=0.000 gc_wall_ms=0.000 scheme_bytes=560056 minor_faults=0 voluntary_switches=0 involuntary_switches=4
UTF8-COST jobs=10000 phase=allocation sample=9 wall_ms=0.268 cpu_ms=0.272 gc_cpu_ms=0.000 gc_wall_ms=0.000 scheme_bytes=56 minor_faults=0 voluntary_switches=0 involuntary_switches=0
UTF8-COST jobs=10000 phase=validation sample=10 wall_ms=199.057 cpu_ms=12.633 gc_cpu_ms=0.000 gc_wall_ms=0.000 scheme_bytes=56 minor_faults=0 voluntary_switches=0 involuntary_switches=109
UTF8-COST jobs=10000 phase=owned sample=10 wall_ms=800.370 cpu_ms=75.300 gc_cpu_ms=1.481 gc_wall_ms=1.473 scheme_bytes=6586112 minor_faults=0 voluntary_switches=3 involuntary_switches=312
UTF8-COST jobs=10000 phase=length sample=10 wall_ms=43.171 cpu_ms=1.651 gc_cpu_ms=0.622 gc_wall_ms=2.597 scheme_bytes=107544 minor_faults=0 voluntary_switches=0 involuntary_switches=22
UTF8-COST jobs=10000 phase=allocation sample=10 wall_ms=2.121 cpu_ms=0.560 gc_cpu_ms=0.000 gc_wall_ms=0.000 scheme_bytes=56 minor_faults=0 voluntary_switches=0 involuntary_switches=3
UTF8-COST jobs=10000 phase=encoding sample=10 wall_ms=552.816 cpu_ms=63.142 gc_cpu_ms=2.201 gc_wall_ms=3.000 scheme_bytes=6703048 minor_faults=0 voluntary_switches=0 involuntary_switches=333
UTF8-COST jobs=10000 phase=owned sample=11 wall_ms=644.378 cpu_ms=79.051 gc_cpu_ms=2.057 gc_wall_ms=11.889 scheme_bytes=7113056 minor_faults=0 voluntary_switches=2 involuntary_switches=302
UTF8-COST jobs=10000 phase=length sample=11 wall_ms=3.060 cpu_ms=0.700 gc_cpu_ms=0.000 gc_wall_ms=0.000 scheme_bytes=560056 minor_faults=0 voluntary_switches=0 involuntary_switches=2
UTF8-COST jobs=10000 phase=allocation sample=11 wall_ms=0.270 cpu_ms=0.271 gc_cpu_ms=0.000 gc_wall_ms=0.000 scheme_bytes=56 minor_faults=0 voluntary_switches=0 involuntary_switches=0
UTF8-COST jobs=10000 phase=encoding sample=11 wall_ms=553.507 cpu_ms=68.659 gc_cpu_ms=2.228 gc_wall_ms=4.316 scheme_bytes=6489208 minor_faults=0 voluntary_switches=2 involuntary_switches=412
UTF8-COST jobs=10000 phase=validation sample=11 wall_ms=40.922 cpu_ms=11.284 gc_cpu_ms=0.000 gc_wall_ms=0.000 scheme_bytes=56 minor_faults=0 voluntary_switches=2 involuntary_switches=232
UTF8-COST jobs=10000 phase=length sample=12 wall_ms=1.963 cpu_ms=0.727 gc_cpu_ms=0.000 gc_wall_ms=0.000 scheme_bytes=560056 minor_faults=0 voluntary_switches=0 involuntary_switches=15
UTF8-COST jobs=10000 phase=allocation sample=12 wall_ms=0.305 cpu_ms=0.279 gc_cpu_ms=0.000 gc_wall_ms=0.000 scheme_bytes=56 minor_faults=0 voluntary_switches=0 involuntary_switches=2
UTF8-COST jobs=10000 phase=encoding sample=12 wall_ms=368.159 cpu_ms=64.304 gc_cpu_ms=2.453 gc_wall_ms=17.346 scheme_bytes=6513696 minor_faults=0 voluntary_switches=3 involuntary_switches=550
UTF8-COST jobs=10000 phase=validation sample=12 wall_ms=24.520 cpu_ms=13.230 gc_cpu_ms=0.000 gc_wall_ms=0.000 scheme_bytes=56 minor_faults=0 voluntary_switches=0 involuntary_switches=55
UTF8-COST jobs=10000 phase=owned sample=12 wall_ms=828.624 cpu_ms=75.152 gc_cpu_ms=1.943 gc_wall_ms=5.222 scheme_bytes=7137312 minor_faults=0 voluntary_switches=2 involuntary_switches=418
UTF8-COST jobs=10000 phase=allocation sample=13 wall_ms=0.275 cpu_ms=0.277 gc_cpu_ms=0.000 gc_wall_ms=0.000 scheme_bytes=56 minor_faults=0 voluntary_switches=0 involuntary_switches=0
UTF8-COST jobs=10000 phase=encoding sample=13 wall_ms=782.123 cpu_ms=61.893 gc_cpu_ms=1.254 gc_wall_ms=1.244 scheme_bytes=6983392 minor_faults=0 voluntary_switches=1 involuntary_switches=224
UTF8-COST jobs=10000 phase=validation sample=13 wall_ms=164.291 cpu_ms=14.242 gc_cpu_ms=0.000 gc_wall_ms=0.000 scheme_bytes=56 minor_faults=0 voluntary_switches=0 involuntary_switches=73
UTF8-COST jobs=10000 phase=owned sample=13 wall_ms=1298.228 cpu_ms=71.166 gc_cpu_ms=1.344 gc_wall_ms=1.338 scheme_bytes=7145480 minor_faults=0 voluntary_switches=2 involuntary_switches=311
UTF8-COST jobs=10000 phase=length sample=13 wall_ms=0.674 cpu_ms=0.676 gc_cpu_ms=0.000 gc_wall_ms=0.000 scheme_bytes=560056 minor_faults=0 voluntary_switches=0 involuntary_switches=0
UTF8-COST jobs=10000 phase=encoding sample=14 wall_ms=855.748 cpu_ms=64.186 gc_cpu_ms=2.038 gc_wall_ms=17.480 scheme_bytes=6448480 minor_faults=0 voluntary_switches=3 involuntary_switches=446
UTF8-COST jobs=10000 phase=validation sample=14 wall_ms=88.821 cpu_ms=11.232 gc_cpu_ms=0.000 gc_wall_ms=0.000 scheme_bytes=56 minor_faults=0 voluntary_switches=0 involuntary_switches=95
UTF8-COST jobs=10000 phase=owned sample=14 wall_ms=264.074 cpu_ms=76.882 gc_cpu_ms=2.100 gc_wall_ms=9.170 scheme_bytes=7161664 minor_faults=0 voluntary_switches=2 involuntary_switches=395
UTF8-COST jobs=10000 phase=length sample=14 wall_ms=2.514 cpu_ms=1.558 gc_cpu_ms=0.587 gc_wall_ms=0.921 scheme_bytes=107632 minor_faults=0 voluntary_switches=0 involuntary_switches=12
UTF8-COST jobs=10000 phase=allocation sample=14 wall_ms=0.269 cpu_ms=0.273 gc_cpu_ms=0.000 gc_wall_ms=0.000 scheme_bytes=56 minor_faults=0 voluntary_switches=0 involuntary_switches=0
UTF8-COST jobs=10000 phase=validation sample=15 wall_ms=20.165 cpu_ms=9.795 gc_cpu_ms=0.000 gc_wall_ms=0.000 scheme_bytes=56 minor_faults=0 voluntary_switches=0 involuntary_switches=35
UTF8-COST jobs=10000 phase=owned sample=15 wall_ms=742.310 cpu_ms=74.351 gc_cpu_ms=2.353 gc_wall_ms=9.059 scheme_bytes=6783776 minor_faults=0 voluntary_switches=2 involuntary_switches=308
UTF8-COST jobs=10000 phase=length sample=15 wall_ms=1.364 cpu_ms=1.368 gc_cpu_ms=0.000 gc_wall_ms=0.000 scheme_bytes=560056 minor_faults=0 voluntary_switches=0 involuntary_switches=0
UTF8-COST jobs=10000 phase=allocation sample=15 wall_ms=0.750 cpu_ms=0.754 gc_cpu_ms=0.000 gc_wall_ms=0.000 scheme_bytes=56 minor_faults=0 voluntary_switches=0 involuntary_switches=0
UTF8-COST jobs=10000 phase=encoding sample=15 wall_ms=328.865 cpu_ms=58.812 gc_cpu_ms=1.580 gc_wall_ms=4.421 scheme_bytes=6481112 minor_faults=0 voluntary_switches=1 involuntary_switches=376
UTF8-COST jobs=10000 phase=owned sample=16 wall_ms=134.021 cpu_ms=68.135 gc_cpu_ms=1.284 gc_wall_ms=1.325 scheme_bytes=7137312 minor_faults=0 voluntary_switches=1 involuntary_switches=263
UTF8-COST jobs=10000 phase=length sample=16 wall_ms=1.312 cpu_ms=1.301 gc_cpu_ms=0.000 gc_wall_ms=0.000 scheme_bytes=560056 minor_faults=0 voluntary_switches=0 involuntary_switches=2
UTF8-COST jobs=10000 phase=allocation sample=16 wall_ms=0.714 cpu_ms=0.718 gc_cpu_ms=0.000 gc_wall_ms=0.000 scheme_bytes=56 minor_faults=0 voluntary_switches=0 involuntary_switches=0
UTF8-COST jobs=10000 phase=encoding sample=16 wall_ms=122.463 cpu_ms=61.861 gc_cpu_ms=1.981 gc_wall_ms=2.776 scheme_bytes=6456608 minor_faults=0 voluntary_switches=0 involuntary_switches=272
UTF8-COST jobs=10000 phase=validation sample=16 wall_ms=20.676 cpu_ms=12.242 gc_cpu_ms=0.000 gc_wall_ms=0.000 scheme_bytes=56 minor_faults=0 voluntary_switches=0 involuntary_switches=30
UTF8-COST jobs=10000 phase=length sample=17 wall_ms=0.800 cpu_ms=0.695 gc_cpu_ms=0.000 gc_wall_ms=0.000 scheme_bytes=560056 minor_faults=0 voluntary_switches=0 involuntary_switches=2
UTF8-COST jobs=10000 phase=allocation sample=17 wall_ms=0.267 cpu_ms=0.268 gc_cpu_ms=0.000 gc_wall_ms=0.000 scheme_bytes=56 minor_faults=0 voluntary_switches=0 involuntary_switches=0
UTF8-COST jobs=10000 phase=encoding sample=17 wall_ms=527.981 cpu_ms=62.673 gc_cpu_ms=1.612 gc_wall_ms=2.254 scheme_bytes=6513696 minor_faults=0 voluntary_switches=0 involuntary_switches=251
UTF8-COST jobs=10000 phase=validation sample=17 wall_ms=77.531 cpu_ms=12.806 gc_cpu_ms=0.000 gc_wall_ms=0.000 scheme_bytes=56 minor_faults=0 voluntary_switches=0 involuntary_switches=145
UTF8-COST jobs=10000 phase=owned sample=17 wall_ms=822.088 cpu_ms=72.499 gc_cpu_ms=2.140 gc_wall_ms=136.342 scheme_bytes=7161680 minor_faults=0 voluntary_switches=2 involuntary_switches=312
UTF8-COST jobs=10000 phase=allocation sample=18 wall_ms=0.272 cpu_ms=0.274 gc_cpu_ms=0.000 gc_wall_ms=0.000 scheme_bytes=56 minor_faults=0 voluntary_switches=0 involuntary_switches=0
UTF8-COST jobs=10000 phase=encoding sample=18 wall_ms=505.910 cpu_ms=67.418 gc_cpu_ms=1.701 gc_wall_ms=162.476 scheme_bytes=6967272 minor_faults=0 voluntary_switches=1 involuntary_switches=567
UTF8-COST jobs=10000 phase=validation sample=18 wall_ms=45.306 cpu_ms=12.530 gc_cpu_ms=0.000 gc_wall_ms=0.000 scheme_bytes=56 minor_faults=0 voluntary_switches=0 involuntary_switches=124
UTF8-COST jobs=10000 phase=owned sample=18 wall_ms=152.013 cpu_ms=72.917 gc_cpu_ms=1.612 gc_wall_ms=1.606 scheme_bytes=7161592 minor_faults=0 voluntary_switches=1 involuntary_switches=340
UTF8-COST jobs=10000 phase=length sample=18 wall_ms=1.622 cpu_ms=1.116 gc_cpu_ms=0.265 gc_wall_ms=0.291 scheme_bytes=107616 minor_faults=0 voluntary_switches=0 involuntary_switches=11
UTF8-COST jobs=10000 phase=encoding sample=19 wall_ms=867.747 cpu_ms=66.687 gc_cpu_ms=1.820 gc_wall_ms=5.632 scheme_bytes=6694808 minor_faults=0 voluntary_switches=1 involuntary_switches=397
UTF8-COST jobs=10000 phase=validation sample=19 wall_ms=153.326 cpu_ms=11.979 gc_cpu_ms=0.000 gc_wall_ms=0.000 scheme_bytes=56 minor_faults=0 voluntary_switches=0 involuntary_switches=37
UTF8-COST jobs=10000 phase=owned sample=19 wall_ms=793.500 cpu_ms=76.361 gc_cpu_ms=1.969 gc_wall_ms=28.340 scheme_bytes=7113000 minor_faults=0 voluntary_switches=1 involuntary_switches=522
UTF8-COST jobs=10000 phase=length sample=19 wall_ms=1.853 cpu_ms=1.409 gc_cpu_ms=0.000 gc_wall_ms=0.000 scheme_bytes=560056 minor_faults=0 voluntary_switches=0 involuntary_switches=8
UTF8-COST jobs=10000 phase=allocation sample=19 wall_ms=0.728 cpu_ms=0.732 gc_cpu_ms=0.000 gc_wall_ms=0.000 scheme_bytes=56 minor_faults=0 voluntary_switches=0 involuntary_switches=0
UTF8-COST jobs=10000 phase=validation sample=20 wall_ms=40.778 cpu_ms=13.625 gc_cpu_ms=0.000 gc_wall_ms=0.000 scheme_bytes=56 minor_faults=0 voluntary_switches=0 involuntary_switches=141
UTF8-COST jobs=10000 phase=owned sample=20 wall_ms=410.805 cpu_ms=83.388 gc_cpu_ms=2.257 gc_wall_ms=8.061 scheme_bytes=6586168 minor_faults=0 voluntary_switches=1 involuntary_switches=300
UTF8-COST jobs=10000 phase=length sample=20 wall_ms=0.673 cpu_ms=0.675 gc_cpu_ms=0.000 gc_wall_ms=0.000 scheme_bytes=560056 minor_faults=0 voluntary_switches=0 involuntary_switches=0
UTF8-COST jobs=10000 phase=allocation sample=20 wall_ms=0.269 cpu_ms=0.270 gc_cpu_ms=0.000 gc_wall_ms=0.000 scheme_bytes=56 minor_faults=0 voluntary_switches=0 involuntary_switches=0
UTF8-COST jobs=10000 phase=encoding sample=20 wall_ms=629.932 cpu_ms=59.436 gc_cpu_ms=1.681 gc_wall_ms=1.673 scheme_bytes=6456688 minor_faults=0 voluntary_switches=1 involuntary_switches=171
UTF8-COST-SUMMARY jobs=10000 phase=owned samples=20 wall_ms=400.338 cpu_ms=74.513 gc_cpu_ms=1.749 gc_wall_ms=4.316 scheme_bytes=7133232 minor_faults=0 voluntary_switches=2 involuntary_switches=312
UTF8-COST-SUMMARY jobs=10000 phase=length samples=20 wall_ms=1.410 cpu_ms=0.992 gc_cpu_ms=0.000 gc_wall_ms=0.000 scheme_bytes=560056 minor_faults=0 voluntary_switches=0 involuntary_switches=2
UTF8-COST-SUMMARY jobs=10000 phase=allocation samples=20 wall_ms=0.273 cpu_ms=0.275 gc_cpu_ms=0.000 gc_wall_ms=0.000 scheme_bytes=56 minor_faults=0 voluntary_switches=0 involuntary_switches=0
UTF8-COST-SUMMARY jobs=10000 phase=encoding samples=20 wall_ms=391.261 cpu_ms=61.877 gc_cpu_ms=1.691 gc_wall_ms=3.181 scheme_bytes=6513696 minor_faults=0 voluntary_switches=1 involuntary_switches=334
UTF8-COST-SUMMARY jobs=10000 phase=validation samples=20 wall_ms=37.698 cpu_ms=11.828 gc_cpu_ms=0.000 gc_wall_ms=0.000 scheme_bytes=56 minor_faults=0 voluntary_switches=0 involuntary_switches=52
UTF8-COST jobs=100000 phase=owned sample=1 wall_ms=4347.364 cpu_ms=718.025 gc_cpu_ms=16.738 gc_wall_ms=62.072 scheme_bytes=70504720 minor_faults=0 voluntary_switches=35 involuntary_switches=2786
UTF8-COST jobs=100000 phase=length sample=1 wall_ms=39.330 cpu_ms=8.815 gc_cpu_ms=1.425 gc_wall_ms=1.425 scheme_bytes=1080688 minor_faults=70 voluntary_switches=2 involuntary_switches=15
UTF8-COST jobs=100000 phase=allocation sample=1 wall_ms=6.934 cpu_ms=4.466 gc_cpu_ms=0.000 gc_wall_ms=0.000 scheme_bytes=56 minor_faults=0 voluntary_switches=0 involuntary_switches=8
UTF8-COST jobs=100000 phase=encoding sample=1 wall_ms=3838.815 cpu_ms=609.481 gc_cpu_ms=15.291 gc_wall_ms=100.175 scheme_bytes=69374816 minor_faults=0 voluntary_switches=20 involuntary_switches=2672
UTF8-COST jobs=100000 phase=validation sample=1 wall_ms=1071.996 cpu_ms=124.168 gc_cpu_ms=0.000 gc_wall_ms=0.000 scheme_bytes=56 minor_faults=0 voluntary_switches=2 involuntary_switches=786
UTF8-COST jobs=100000 phase=length sample=2 wall_ms=14.159 cpu_ms=10.208 gc_cpu_ms=1.434 gc_wall_ms=1.432 scheme_bytes=1080424 minor_faults=0 voluntary_switches=0 involuntary_switches=45
UTF8-COST jobs=100000 phase=allocation sample=2 wall_ms=6.615 cpu_ms=4.954 gc_cpu_ms=0.000 gc_wall_ms=0.000 scheme_bytes=56 minor_faults=0 voluntary_switches=0 involuntary_switches=23
UTF8-COST jobs=100000 phase=encoding sample=2 wall_ms=3246.776 cpu_ms=609.937 gc_cpu_ms=15.658 gc_wall_ms=117.119 scheme_bytes=69506552 minor_faults=0 voluntary_switches=22 involuntary_switches=3743
UTF8-COST jobs=100000 phase=validation sample=2 wall_ms=442.128 cpu_ms=118.368 gc_cpu_ms=0.000 gc_wall_ms=0.000 scheme_bytes=56 minor_faults=0 voluntary_switches=7 involuntary_switches=391
UTF8-COST jobs=100000 phase=owned sample=2 wall_ms=1989.232 cpu_ms=705.804 gc_cpu_ms=17.196 gc_wall_ms=38.579 scheme_bytes=70760040 minor_faults=0 voluntary_switches=34 involuntary_switches=1478
UTF8-COST jobs=100000 phase=allocation sample=3 wall_ms=123.881 cpu_ms=4.286 gc_cpu_ms=0.000 gc_wall_ms=0.000 scheme_bytes=56 minor_faults=0 voluntary_switches=1 involuntary_switches=18
UTF8-COST jobs=100000 phase=encoding sample=3 wall_ms=2762.710 cpu_ms=613.421 gc_cpu_ms=14.958 gc_wall_ms=57.769 scheme_bytes=70470344 minor_faults=0 voluntary_switches=20 involuntary_switches=3288
UTF8-COST jobs=100000 phase=validation sample=3 wall_ms=599.884 cpu_ms=120.474 gc_cpu_ms=0.000 gc_wall_ms=0.000 scheme_bytes=56 minor_faults=0 voluntary_switches=6 involuntary_switches=481
UTF8-COST jobs=100000 phase=owned sample=3 wall_ms=3419.285 cpu_ms=715.447 gc_cpu_ms=15.756 gc_wall_ms=35.626 scheme_bytes=70512816 minor_faults=0 voluntary_switches=32 involuntary_switches=2490
UTF8-COST jobs=100000 phase=length sample=3 wall_ms=16.211 cpu_ms=11.313 gc_cpu_ms=1.983 gc_wall_ms=4.586 scheme_bytes=1080704 minor_faults=0 voluntary_switches=1 involuntary_switches=10
UTF8-COST jobs=100000 phase=encoding sample=4 wall_ms=3775.672 cpu_ms=608.122 gc_cpu_ms=15.701 gc_wall_ms=171.482 scheme_bytes=69350152 minor_faults=0 voluntary_switches=27 involuntary_switches=1756
UTF8-COST jobs=100000 phase=validation sample=4 wall_ms=380.322 cpu_ms=123.631 gc_cpu_ms=0.000 gc_wall_ms=0.000 scheme_bytes=56 minor_faults=0 voluntary_switches=7 involuntary_switches=536
UTF8-COST jobs=100000 phase=owned sample=4 wall_ms=4692.602 cpu_ms=729.426 gc_cpu_ms=16.528 gc_wall_ms=21.444 scheme_bytes=70760040 minor_faults=0 voluntary_switches=20 involuntary_switches=2669
UTF8-COST jobs=100000 phase=length sample=4 wall_ms=27.850 cpu_ms=12.456 gc_cpu_ms=2.589 gc_wall_ms=2.859 scheme_bytes=628048 minor_faults=0 voluntary_switches=0 involuntary_switches=70
UTF8-COST jobs=100000 phase=allocation sample=4 wall_ms=16.874 cpu_ms=3.371 gc_cpu_ms=0.000 gc_wall_ms=0.000 scheme_bytes=56 minor_faults=0 voluntary_switches=0 involuntary_switches=32
UTF8-COST jobs=100000 phase=validation sample=5 wall_ms=654.144 cpu_ms=121.204 gc_cpu_ms=0.000 gc_wall_ms=0.000 scheme_bytes=56 minor_faults=0 voluntary_switches=3 involuntary_switches=847
UTF8-COST jobs=100000 phase=owned sample=5 wall_ms=4555.698 cpu_ms=721.138 gc_cpu_ms=16.947 gc_wall_ms=267.498 scheme_bytes=69945104 minor_faults=0 voluntary_switches=24 involuntary_switches=3786
UTF8-COST jobs=100000 phase=length sample=5 wall_ms=18.745 cpu_ms=11.211 gc_cpu_ms=2.333 gc_wall_ms=2.456 scheme_bytes=628080 minor_faults=0 voluntary_switches=1 involuntary_switches=63
UTF8-COST jobs=100000 phase=allocation sample=5 wall_ms=32.738 cpu_ms=4.122 gc_cpu_ms=0.000 gc_wall_ms=0.000 scheme_bytes=56 minor_faults=0 voluntary_switches=0 involuntary_switches=115
UTF8-COST jobs=100000 phase=encoding sample=5 wall_ms=1891.502 cpu_ms=574.057 gc_cpu_ms=13.625 gc_wall_ms=22.247 scheme_bytes=69695784 minor_faults=0 voluntary_switches=19 involuntary_switches=1498
UTF8-COST jobs=100000 phase=owned sample=6 wall_ms=3215.845 cpu_ms=701.970 gc_cpu_ms=15.349 gc_wall_ms=27.056 scheme_bytes=70760040 minor_faults=0 voluntary_switches=37 involuntary_switches=2235
UTF8-COST jobs=100000 phase=length sample=6 wall_ms=17.996 cpu_ms=10.116 gc_cpu_ms=1.715 gc_wall_ms=3.821 scheme_bytes=628096 minor_faults=0 voluntary_switches=0 involuntary_switches=78
UTF8-COST jobs=100000 phase=allocation sample=6 wall_ms=21.311 cpu_ms=3.911 gc_cpu_ms=0.000 gc_wall_ms=0.000 scheme_bytes=56 minor_faults=0 voluntary_switches=0 involuntary_switches=34
UTF8-COST jobs=100000 phase=encoding sample=6 wall_ms=3111.299 cpu_ms=623.798 gc_cpu_ms=16.789 gc_wall_ms=79.394 scheme_bytes=69712320 minor_faults=0 voluntary_switches=29 involuntary_switches=3036
UTF8-COST jobs=100000 phase=validation sample=6 wall_ms=545.908 cpu_ms=118.950 gc_cpu_ms=0.000 gc_wall_ms=0.000 scheme_bytes=56 minor_faults=0 voluntary_switches=5 involuntary_switches=595
UTF8-COST jobs=100000 phase=length sample=7 wall_ms=43.205 cpu_ms=10.024 gc_cpu_ms=1.903 gc_wall_ms=21.845 scheme_bytes=1080424 minor_faults=0 voluntary_switches=0 involuntary_switches=33
UTF8-COST jobs=100000 phase=allocation sample=7 wall_ms=42.616 cpu_ms=3.507 gc_cpu_ms=0.000 gc_wall_ms=0.000 scheme_bytes=56 minor_faults=0 voluntary_switches=0 involuntary_switches=36
UTF8-COST jobs=100000 phase=encoding sample=7 wall_ms=5993.364 cpu_ms=653.710 gc_cpu_ms=18.947 gc_wall_ms=107.799 scheme_bytes=69506552 minor_faults=0 voluntary_switches=15 involuntary_switches=3394
UTF8-COST jobs=100000 phase=validation sample=7 wall_ms=386.934 cpu_ms=123.083 gc_cpu_ms=0.000 gc_wall_ms=0.000 scheme_bytes=56 minor_faults=0 voluntary_switches=4 involuntary_switches=525
UTF8-COST jobs=100000 phase=owned sample=7 wall_ms=6871.516 cpu_ms=742.656 gc_cpu_ms=18.343 gc_wall_ms=171.736 scheme_bytes=70760040 minor_faults=0 voluntary_switches=21 involuntary_switches=3906
UTF8-COST jobs=100000 phase=allocation sample=8 wall_ms=36.193 cpu_ms=2.714 gc_cpu_ms=0.000 gc_wall_ms=0.000 scheme_bytes=56 minor_faults=0 voluntary_switches=0 involuntary_switches=2
UTF8-COST jobs=100000 phase=encoding sample=8 wall_ms=2652.866 cpu_ms=613.431 gc_cpu_ms=15.568 gc_wall_ms=32.474 scheme_bytes=70470344 minor_faults=0 voluntary_switches=8 involuntary_switches=3290
UTF8-COST jobs=100000 phase=validation sample=8 wall_ms=757.559 cpu_ms=123.415 gc_cpu_ms=0.000 gc_wall_ms=0.000 scheme_bytes=56 minor_faults=0 voluntary_switches=6 involuntary_switches=1307
UTF8-COST jobs=100000 phase=owned sample=8 wall_ms=5964.200 cpu_ms=776.389 gc_cpu_ms=19.433 gc_wall_ms=144.118 scheme_bytes=70512816 minor_faults=0 voluntary_switches=14 involuntary_switches=4536
UTF8-COST jobs=100000 phase=length sample=8 wall_ms=142.890 cpu_ms=9.270 gc_cpu_ms=1.737 gc_wall_ms=39.749 scheme_bytes=1080704 minor_faults=0 voluntary_switches=2 involuntary_switches=43
UTF8-COST jobs=100000 phase=encoding sample=9 wall_ms=4062.731 cpu_ms=620.381 gc_cpu_ms=16.807 gc_wall_ms=69.198 scheme_bytes=69350152 minor_faults=0 voluntary_switches=6 involuntary_switches=3297
UTF8-COST jobs=100000 phase=validation sample=9 wall_ms=520.248 cpu_ms=124.481 gc_cpu_ms=0.000 gc_wall_ms=0.000 scheme_bytes=56 minor_faults=0 voluntary_switches=3 involuntary_switches=796
UTF8-COST jobs=100000 phase=owned sample=9 wall_ms=4270.081 cpu_ms=748.150 gc_cpu_ms=17.931 gc_wall_ms=58.928 scheme_bytes=70760040 minor_faults=0 voluntary_switches=19 involuntary_switches=3657
UTF8-COST jobs=100000 phase=length sample=9 wall_ms=37.862 cpu_ms=12.753 gc_cpu_ms=2.749 gc_wall_ms=10.746 scheme_bytes=628048 minor_faults=0 voluntary_switches=0 involuntary_switches=54
UTF8-COST jobs=100000 phase=allocation sample=9 wall_ms=13.558 cpu_ms=4.988 gc_cpu_ms=0.000 gc_wall_ms=0.000 scheme_bytes=56 minor_faults=0 voluntary_switches=0 involuntary_switches=105
UTF8-COST jobs=100000 phase=validation sample=10 wall_ms=641.524 cpu_ms=119.154 gc_cpu_ms=0.000 gc_wall_ms=0.000 scheme_bytes=56 minor_faults=0 voluntary_switches=3 involuntary_switches=824
UTF8-COST jobs=100000 phase=owned sample=10 wall_ms=2354.728 cpu_ms=720.889 gc_cpu_ms=17.344 gc_wall_ms=41.974 scheme_bytes=69945104 minor_faults=0 voluntary_switches=13 involuntary_switches=2335
UTF8-COST jobs=100000 phase=length sample=10 wall_ms=20.614 cpu_ms=9.073 gc_cpu_ms=1.960 gc_wall_ms=9.197 scheme_bytes=628080 minor_faults=0 voluntary_switches=0 involuntary_switches=72
UTF8-COST jobs=100000 phase=allocation sample=10 wall_ms=14.311 cpu_ms=4.676 gc_cpu_ms=0.000 gc_wall_ms=0.000 scheme_bytes=56 minor_faults=0 voluntary_switches=0 involuntary_switches=69
UTF8-COST jobs=100000 phase=encoding sample=10 wall_ms=4235.909 cpu_ms=624.622 gc_cpu_ms=16.384 gc_wall_ms=75.715 scheme_bytes=69695784 minor_faults=0 voluntary_switches=13 involuntary_switches=3117
UTF8-COST jobs=100000 phase=owned sample=11 wall_ms=4813.354 cpu_ms=744.490 gc_cpu_ms=18.126 gc_wall_ms=80.217 scheme_bytes=70760040 minor_faults=0 voluntary_switches=16 involuntary_switches=4641
UTF8-COST jobs=100000 phase=length sample=11 wall_ms=99.968 cpu_ms=10.660 gc_cpu_ms=2.378 gc_wall_ms=47.526 scheme_bytes=628096 minor_faults=0 voluntary_switches=1 involuntary_switches=51
UTF8-COST jobs=100000 phase=allocation sample=11 wall_ms=10.269 cpu_ms=4.140 gc_cpu_ms=0.000 gc_wall_ms=0.000 scheme_bytes=56 minor_faults=0 voluntary_switches=0 involuntary_switches=17
UTF8-COST jobs=100000 phase=encoding sample=11 wall_ms=3513.976 cpu_ms=619.558 gc_cpu_ms=14.797 gc_wall_ms=26.417 scheme_bytes=69712320 minor_faults=0 voluntary_switches=21 involuntary_switches=2909
UTF8-COST jobs=100000 phase=validation sample=11 wall_ms=454.824 cpu_ms=116.712 gc_cpu_ms=0.000 gc_wall_ms=0.000 scheme_bytes=56 minor_faults=0 voluntary_switches=2 involuntary_switches=1131
UTF8-COST jobs=100000 phase=length sample=12 wall_ms=109.630 cpu_ms=10.465 gc_cpu_ms=2.280 gc_wall_ms=2.550 scheme_bytes=1080424 minor_faults=0 voluntary_switches=1 involuntary_switches=44
UTF8-COST jobs=100000 phase=allocation sample=12 wall_ms=5.255 cpu_ms=4.199 gc_cpu_ms=0.000 gc_wall_ms=0.000 scheme_bytes=56 minor_faults=0 voluntary_switches=0 involuntary_switches=7
UTF8-COST jobs=100000 phase=encoding sample=12 wall_ms=1920.529 cpu_ms=602.490 gc_cpu_ms=14.810 gc_wall_ms=54.467 scheme_bytes=69506552 minor_faults=0 voluntary_switches=11 involuntary_switches=3160
UTF8-COST jobs=100000 phase=validation sample=12 wall_ms=525.500 cpu_ms=133.959 gc_cpu_ms=0.000 gc_wall_ms=0.000 scheme_bytes=56 minor_faults=0 voluntary_switches=1 involuntary_switches=755
UTF8-COST jobs=100000 phase=owned sample=12 wall_ms=3137.696 cpu_ms=745.928 gc_cpu_ms=17.401 gc_wall_ms=53.243 scheme_bytes=70760040 minor_faults=0 voluntary_switches=15 involuntary_switches=4091
UTF8-COST jobs=100000 phase=allocation sample=13 wall_ms=4.595 cpu_ms=2.922 gc_cpu_ms=0.000 gc_wall_ms=0.000 scheme_bytes=56 minor_faults=0 voluntary_switches=0 involuntary_switches=26
UTF8-COST jobs=100000 phase=encoding sample=13 wall_ms=3839.968 cpu_ms=644.296 gc_cpu_ms=16.979 gc_wall_ms=71.830 scheme_bytes=70470344 minor_faults=0 voluntary_switches=24 involuntary_switches=4035
UTF8-COST jobs=100000 phase=validation sample=13 wall_ms=480.775 cpu_ms=126.042 gc_cpu_ms=0.000 gc_wall_ms=0.000 scheme_bytes=56 minor_faults=0 voluntary_switches=7 involuntary_switches=841
UTF8-COST jobs=100000 phase=owned sample=13 wall_ms=2885.891 cpu_ms=741.013 gc_cpu_ms=18.408 gc_wall_ms=43.316 scheme_bytes=70512816 minor_faults=0 voluntary_switches=32 involuntary_switches=4378
UTF8-COST jobs=100000 phase=length sample=13 wall_ms=21.251 cpu_ms=10.889 gc_cpu_ms=2.690 gc_wall_ms=2.833 scheme_bytes=1080704 minor_faults=0 voluntary_switches=1 involuntary_switches=22
UTF8-COST jobs=100000 phase=encoding sample=14 wall_ms=1995.127 cpu_ms=623.130 gc_cpu_ms=17.405 gc_wall_ms=50.518 scheme_bytes=69350152 minor_faults=0 voluntary_switches=21 involuntary_switches=2856
UTF8-COST jobs=100000 phase=validation sample=14 wall_ms=398.047 cpu_ms=124.468 gc_cpu_ms=0.000 gc_wall_ms=0.000 scheme_bytes=56 minor_faults=0 voluntary_switches=4 involuntary_switches=556
UTF8-COST jobs=100000 phase=owned sample=14 wall_ms=4103.662 cpu_ms=753.597 gc_cpu_ms=18.340 gc_wall_ms=50.116 scheme_bytes=70760040 minor_faults=0 voluntary_switches=26 involuntary_switches=4934
UTF8-COST jobs=100000 phase=length sample=14 wall_ms=32.621 cpu_ms=12.345 gc_cpu_ms=2.638 gc_wall_ms=5.370 scheme_bytes=628048 minor_faults=0 voluntary_switches=1 involuntary_switches=72
UTF8-COST jobs=100000 phase=allocation sample=14 wall_ms=4.485 cpu_ms=3.165 gc_cpu_ms=0.000 gc_wall_ms=0.000 scheme_bytes=56 minor_faults=0 voluntary_switches=0 involuntary_switches=11
UTF8-COST jobs=100000 phase=validation sample=15 wall_ms=491.777 cpu_ms=124.000 gc_cpu_ms=0.000 gc_wall_ms=0.000 scheme_bytes=56 minor_faults=0 voluntary_switches=2 involuntary_switches=568
UTF8-COST jobs=100000 phase=owned sample=15 wall_ms=5561.379 cpu_ms=747.338 gc_cpu_ms=18.595 gc_wall_ms=67.247 scheme_bytes=69945104 minor_faults=0 voluntary_switches=27 involuntary_switches=4448
UTF8-COST jobs=100000 phase=length sample=15 wall_ms=53.786 cpu_ms=9.029 gc_cpu_ms=1.816 gc_wall_ms=1.813 scheme_bytes=628080 minor_faults=0 voluntary_switches=0 involuntary_switches=6
UTF8-COST jobs=100000 phase=allocation sample=15 wall_ms=103.549 cpu_ms=4.142 gc_cpu_ms=0.000 gc_wall_ms=0.000 scheme_bytes=56 minor_faults=0 voluntary_switches=0 involuntary_switches=18
UTF8-COST jobs=100000 phase=encoding sample=15 wall_ms=2961.464 cpu_ms=608.134 gc_cpu_ms=15.206 gc_wall_ms=52.630 scheme_bytes=69695784 minor_faults=0 voluntary_switches=25 involuntary_switches=3160
UTF8-COST jobs=100000 phase=owned sample=16 wall_ms=2428.126 cpu_ms=727.957 gc_cpu_ms=15.353 gc_wall_ms=20.094 scheme_bytes=70760040 minor_faults=0 voluntary_switches=30 involuntary_switches=2488
UTF8-COST jobs=100000 phase=length sample=16 wall_ms=18.256 cpu_ms=12.416 gc_cpu_ms=2.594 gc_wall_ms=4.743 scheme_bytes=628096 minor_faults=0 voluntary_switches=1 involuntary_switches=55
UTF8-COST jobs=100000 phase=allocation sample=16 wall_ms=18.191 cpu_ms=3.639 gc_cpu_ms=0.000 gc_wall_ms=0.000 scheme_bytes=56 minor_faults=0 voluntary_switches=1 involuntary_switches=32
UTF8-COST jobs=100000 phase=encoding sample=16 wall_ms=2231.769 cpu_ms=618.730 gc_cpu_ms=15.308 gc_wall_ms=90.115 scheme_bytes=69712320 minor_faults=0 voluntary_switches=34 involuntary_switches=2315
UTF8-COST jobs=100000 phase=validation sample=16 wall_ms=570.175 cpu_ms=130.284 gc_cpu_ms=0.000 gc_wall_ms=0.000 scheme_bytes=56 minor_faults=0 voluntary_switches=5 involuntary_switches=604
UTF8-COST jobs=100000 phase=length sample=17 wall_ms=140.564 cpu_ms=12.794 gc_cpu_ms=2.789 gc_wall_ms=72.721 scheme_bytes=1080424 minor_faults=0 voluntary_switches=0 involuntary_switches=110
UTF8-COST jobs=100000 phase=allocation sample=17 wall_ms=25.902 cpu_ms=3.045 gc_cpu_ms=0.000 gc_wall_ms=0.000 scheme_bytes=56 minor_faults=0 voluntary_switches=0 involuntary_switches=9
UTF8-COST jobs=100000 phase=encoding sample=17 wall_ms=3883.657 cpu_ms=644.724 gc_cpu_ms=15.398 gc_wall_ms=70.517 scheme_bytes=69506552 minor_faults=0 voluntary_switches=25 involuntary_switches=3264
UTF8-COST jobs=100000 phase=validation sample=17 wall_ms=610.636 cpu_ms=122.373 gc_cpu_ms=0.000 gc_wall_ms=0.000 scheme_bytes=56 minor_faults=0 voluntary_switches=3 involuntary_switches=1069
UTF8-COST jobs=100000 phase=owned sample=17 wall_ms=2625.713 cpu_ms=730.201 gc_cpu_ms=19.117 gc_wall_ms=82.619 scheme_bytes=70760040 minor_faults=0 voluntary_switches=23 involuntary_switches=3584
UTF8-COST jobs=100000 phase=allocation sample=18 wall_ms=3.127 cpu_ms=2.734 gc_cpu_ms=0.000 gc_wall_ms=0.000 scheme_bytes=56 minor_faults=0 voluntary_switches=0 involuntary_switches=2
UTF8-COST jobs=100000 phase=encoding sample=18 wall_ms=2360.747 cpu_ms=621.478 gc_cpu_ms=15.262 gc_wall_ms=48.526 scheme_bytes=70470344 minor_faults=0 voluntary_switches=25 involuntary_switches=2682
UTF8-COST jobs=100000 phase=validation sample=18 wall_ms=259.450 cpu_ms=126.926 gc_cpu_ms=0.000 gc_wall_ms=0.000 scheme_bytes=56 minor_faults=0 voluntary_switches=5 involuntary_switches=693
UTF8-COST jobs=100000 phase=owned sample=18 wall_ms=3307.047 cpu_ms=741.894 gc_cpu_ms=19.914 gc_wall_ms=71.598 scheme_bytes=70512816 minor_faults=0 voluntary_switches=22 involuntary_switches=4105
UTF8-COST jobs=100000 phase=length sample=18 wall_ms=124.333 cpu_ms=8.834 gc_cpu_ms=1.669 gc_wall_ms=42.220 scheme_bytes=1080704 minor_faults=0 voluntary_switches=0 involuntary_switches=27
UTF8-COST jobs=100000 phase=encoding sample=19 wall_ms=2913.612 cpu_ms=625.589 gc_cpu_ms=15.642 gc_wall_ms=118.364 scheme_bytes=69350152 minor_faults=0 voluntary_switches=29 involuntary_switches=4129
UTF8-COST jobs=100000 phase=validation sample=19 wall_ms=515.364 cpu_ms=120.355 gc_cpu_ms=0.000 gc_wall_ms=0.000 scheme_bytes=56 minor_faults=0 voluntary_switches=7 involuntary_switches=909
UTF8-COST jobs=100000 phase=owned sample=19 wall_ms=4251.611 cpu_ms=741.122 gc_cpu_ms=18.212 gc_wall_ms=311.029 scheme_bytes=70760040 minor_faults=0 voluntary_switches=23 involuntary_switches=4595
UTF8-COST jobs=100000 phase=length sample=19 wall_ms=28.362 cpu_ms=11.678 gc_cpu_ms=2.445 gc_wall_ms=6.210 scheme_bytes=628048 minor_faults=0 voluntary_switches=0 involuntary_switches=98
UTF8-COST jobs=100000 phase=allocation sample=19 wall_ms=5.875 cpu_ms=2.877 gc_cpu_ms=0.000 gc_wall_ms=0.000 scheme_bytes=56 minor_faults=0 voluntary_switches=0 involuntary_switches=26
UTF8-COST jobs=100000 phase=validation sample=20 wall_ms=681.261 cpu_ms=119.279 gc_cpu_ms=0.000 gc_wall_ms=0.000 scheme_bytes=56 minor_faults=0 voluntary_switches=2 involuntary_switches=834
UTF8-COST jobs=100000 phase=owned sample=20 wall_ms=4277.484 cpu_ms=727.779 gc_cpu_ms=18.723 gc_wall_ms=114.073 scheme_bytes=69945104 minor_faults=0 voluntary_switches=6 involuntary_switches=3803
UTF8-COST jobs=100000 phase=length sample=20 wall_ms=37.108 cpu_ms=10.948 gc_cpu_ms=1.827 gc_wall_ms=2.026 scheme_bytes=628080 minor_faults=0 voluntary_switches=0 involuntary_switches=59
UTF8-COST jobs=100000 phase=allocation sample=20 wall_ms=4.667 cpu_ms=3.363 gc_cpu_ms=0.000 gc_wall_ms=0.000 scheme_bytes=56 minor_faults=0 voluntary_switches=0 involuntary_switches=5
UTF8-COST jobs=100000 phase=encoding sample=20 wall_ms=5183.483 cpu_ms=649.973 gc_cpu_ms=16.307 gc_wall_ms=84.130 scheme_bytes=69695784 minor_faults=0 voluntary_switches=9 involuntary_switches=3655
UTF8-COST-SUMMARY jobs=100000 phase=owned samples=20 wall_ms=4177.636 cpu_ms=735.607 gc_cpu_ms=18.028 gc_wall_ms=60.500 scheme_bytes=70760040 minor_faults=0 voluntary_switches=23 involuntary_switches=3794
UTF8-COST-SUMMARY jobs=100000 phase=length samples=20 wall_ms=34.865 cpu_ms=10.775 gc_cpu_ms=2.132 gc_wall_ms=4.664 scheme_bytes=628096 minor_faults=0 voluntary_switches=0 involuntary_switches=52
UTF8-COST-SUMMARY jobs=100000 phase=allocation samples=20 wall_ms=13.935 cpu_ms=3.775 gc_cpu_ms=0.000 gc_wall_ms=0.000 scheme_bytes=56 minor_faults=0 voluntary_switches=0 involuntary_switches=20
UTF8-COST-SUMMARY jobs=100000 phase=encoding samples=20 wall_ms=3179.038 cpu_ms=619.969 gc_cpu_ms=15.605 gc_wall_ms=71.173 scheme_bytes=69695784 minor_faults=0 voluntary_switches=21 involuntary_switches=3160
UTF8-COST-SUMMARY jobs=100000 phase=validation samples=20 wall_ms=522.874 cpu_ms=123.249 gc_cpu_ms=0.000 gc_wall_ms=0.000 scheme_bytes=56 minor_faults=0 voluntary_switches=4 involuntary_switches=770
